******************************************************************************
                  TI ARM Linker PC v20.2.5                     
******************************************************************************
>> Linked Fri Apr 15 20:39:15 2022

OUTPUT FILE NAME:   <tcpworking.out>
ENTRY POINT SYMBOL: "_c_int00_noargs"  address: 00003fd5


MEMORY CONFIGURATION

         name            origin    length      used     unused   attr    fill
----------------------  --------  ---------  --------  --------  ----  --------
  FLASH                 00000000   00040000  00004255  0003bdab  R  X
  SRAM                  20000000   00008000  0000021c  00007de4  RW X


SEGMENT ALLOCATION MAP

run origin  load origin   length   init length attrs members
----------  ----------- ---------- ----------- ----- -------
00000000    00000000    0000425c   0000425c    r-x
  00000000    00000000    0000026c   0000026c    r-- .intvecs
  0000026c    0000026c    00003ec4   00003ec4    r-x .text
  00004130    00004130    00000101   00000101    r-- .const
  00004238    00004238    00000024   00000024    r-- .cinit
20000000    20000000    0000021c   00000000    rw-
  20000000    20000000    00000200   00000000    rw- .stack
  20000200    20000200    0000001c   00000000    rw- .data


SECTION ALLOCATION MAP

 output                                  attributes/
section   page    origin      length       input sections
--------  ----  ----------  ----------   ----------------
.intvecs   0    00000000    0000026c     
                  00000000    0000026c     tm4c123gh6pm_startup_ccs.obj (.intvecs)

.text      0    0000026c    00003ec4     
                  0000026c    0000124c     eth0.obj (.text)
                  000014b8    00000a4e     rtsv7M4_T_le_v4SPD16_eabi.lib : _printfi.c.obj (.text:__TI_printfi)
                  00001f06    00000002                                   : div0.asm.obj (.text)
                  00001f08    000007e4     gpio.obj (.text)
                  000026ec    00000364     ethernet.obj (.text)
                  00002a50    00000270     rtsv7M4_T_le_v4SPD16_eabi.lib : _printfi.c.obj (.text:_pconv_a)
                  00002cc0    000001d0                                   : _printfi.c.obj (.text:_pconv_g)
                  00002e90    000001b6                                   : fd_add_t2.asm.obj (.text)
                  00003046    00000002     --HOLE-- [fill = 0]
                  00003048    00000190     uart0.obj (.text)
                  000031d8    00000160     spi0.obj (.text)
                  00003338    0000013c     rtsv7M4_T_le_v4SPD16_eabi.lib : _printfi.c.obj (.text:_pconv_e)
                  00003474    00000136                                   : fd_div_t2.asm.obj (.text)
                  000035aa    00000002     --HOLE-- [fill = 0]
                  000035ac    00000124                                   : _printfi.c.obj (.text:fcvt)
                  000036d0    00000110                                   : s_scalbn.c.obj (.text:scalbn)
                  000037e0    000000fc                                   : fd_mul_t2.asm.obj (.text)
                  000038dc    000000b1                                   : _printfi.c.obj (.text:_ltostr)
                  0000398d    00000001     --HOLE-- [fill = 0]
                  0000398e    0000009c                                   : memcpy_t2.asm.obj (.text)
                  00003a2a    00000096                                   : ull_div_t2.asm.obj (.text)
                  00003ac0    00000086                                   : fd_cmp_t2.asm.obj (.text:__aeabi_cdcmple)
                  00003b46    00000086                                   : fd_cmp_t2.asm.obj (.text:__aeabi_cdrcmple)
                  00003bcc    0000007a                                   : memset_t2.asm.obj (.text)
                  00003c46    0000006e                                   : _printfi.c.obj (.text:_mcpy)
                  00003cb4    00000068                                   : copy_decompress_lzss.c.obj (.text:decompress:lzss:__TI_decompress_lzss)
                  00003d1c    00000064                                   : s_frexp.c.obj (.text:frexp)
                  00003d80    00000056                                   : _printfi.c.obj (.text:_pconv_f)
                  00003dd6    00000054                                   : _ltoa.c.obj (.text:__TI_ltoa)
                  00003e2a    00000052                                   : _printfi.c.obj (.text:_ecpy)
                  00003e7c    0000004c                                   : atoi.c.obj (.text:atoi)
                  00003ec8    00000048                                   : fd_toi_t2.asm.obj (.text)
                  00003f10    00000044                                   : autoinit.c.obj (.text:__TI_auto_init_nobinit_nopinit:__TI_auto_init_nobinit_nopinit)
                  00003f54    00000040                                   : sprintf.c.obj (.text:sprintf)
                  00003f94    0000003e                                   : _printfi.c.obj (.text:_fcpy)
                  00003fd2    00000002     --HOLE-- [fill = 0]
                  00003fd4    00000034                                   : boot_cortex_m.c.obj (.text:_c_int00_noargs:_c_int00_noargs)
                  00004008    0000002e                                   : i_tofd_t2.asm.obj (.text)
                  00004036    00000024     wait.obj (.text)
                  0000405a    0000001c     rtsv7M4_T_le_v4SPD16_eabi.lib : memccpy.c.obj (.text:memccpy)
                  00004076    0000001a                                   : s_copysign.c.obj (.text:copysign)
                  00004090    00000018                                   : sprintf.c.obj (.text:_outs)
                  000040a8    00000018                                   : strcmp.c.obj (.text:strcmp)
                  000040c0    00000016                                   : strchr.c.obj (.text:strchr)
                  000040d6    00000014                                   : strlen.c.obj (.text:strlen)
                  000040ea    00000012                                   : wcslen.c.obj (.text:wcslen)
                  000040fc    0000000e                                   : copy_decompress_none.c.obj (.text:decompress:none:__TI_decompress_none)
                  0000410a    0000000c     tm4c123gh6pm_startup_ccs.obj (.text)
                  00004116    0000000a     rtsv7M4_T_le_v4SPD16_eabi.lib : sprintf.c.obj (.text:_outc)
                  00004120    00000008                                   : errno.c.obj (.text:__aeabi_errno_addr)
                  00004128    00000004                                   : pre_init.c.obj (.text:_system_pre_init)
                  0000412c    00000004                                   : exit.c.obj (.text:abort:abort)

.const     0    00004130    00000101     
                  00004130    00000101     rtsv7M4_T_le_v4SPD16_eabi.lib : ctype.c.obj (.const:.string:_ctypes_)

.cinit     0    00004238    00000024     
                  00004238    00000012     (.cinit..data.load) [load image, compression = lzss]
                  0000424a    00000002     --HOLE-- [fill = 0]
                  0000424c    00000008     (__TI_handler_table)
                  00004254    00000008     (__TI_cinit_table)

.init_array 
*          0    00000000    00000000     UNINITIALIZED

.data      0    20000200    0000001c     UNINITIALIZED
                  20000200    00000006     eth0.obj (.data:hwAddress)
                  20000206    00000004     eth0.obj (.data)
                  2000020a    00000004     eth0.obj (.data:ipAddress)
                  2000020e    00000004     eth0.obj (.data:ipGwAddress)
                  20000212    00000004     eth0.obj (.data:ipSubnetMask)
                  20000216    00000002     --HOLE--
                  20000218    00000004     rtsv7M4_T_le_v4SPD16_eabi.lib : errno.c.obj (.data)

.stack     0    20000000    00000200     UNINITIALIZED
                  20000000    00000004     rtsv7M4_T_le_v4SPD16_eabi.lib : boot_cortex_m.c.obj (.stack)
                  20000004    000001fc     --HOLE--

__llvm_prf_cnts 
*          0    20000000    00000000     UNINITIALIZED

MODULE SUMMARY

       Module                         code    ro data   rw data
       ------                         ----    -------   -------
    .\
       eth0.obj                       4684    0         22     
       gpio.obj                       2020    0         0      
       ethernet.obj                   868     0         0      
       tm4c123gh6pm_startup_ccs.obj   12      620       0      
       uart0.obj                      400     0         0      
       spi0.obj                       352     0         0      
       wait.obj                       36      0         0      
    +--+------------------------------+-------+---------+---------+
       Total:                         8372    620       22     
                                                               
    C:\ti\ccs1110\ccs\tools\compiler\ti-cgt-arm_20.2.5.LTS\lib\rtsv7M4_T_le_v4SPD16_eabi.lib
       _printfi.c.obj                 4851    0         0      
       fd_add_t2.asm.obj              438     0         0      
       fd_div_t2.asm.obj              310     0         0      
       s_scalbn.c.obj                 272     0         0      
       fd_cmp_t2.asm.obj              268     0         0      
       ctype.c.obj                    0       257       0      
       fd_mul_t2.asm.obj              252     0         0      
       memcpy_t2.asm.obj              156     0         0      
       ull_div_t2.asm.obj             150     0         0      
       memset_t2.asm.obj              122     0         0      
       copy_decompress_lzss.c.obj     104     0         0      
       s_frexp.c.obj                  100     0         0      
       sprintf.c.obj                  98      0         0      
       _ltoa.c.obj                    84      0         0      
       atoi.c.obj                     76      0         0      
       fd_toi_t2.asm.obj              72      0         0      
       autoinit.c.obj                 68      0         0      
       boot_cortex_m.c.obj            52      0         0      
       i_tofd_t2.asm.obj              46      0         0      
       memccpy.c.obj                  28      0         0      
       s_copysign.c.obj               26      0         0      
       strcmp.c.obj                   24      0         0      
       strchr.c.obj                   22      0         0      
       strlen.c.obj                   20      0         0      
       wcslen.c.obj                   18      0         0      
       copy_decompress_none.c.obj     14      0         0      
       errno.c.obj                    8       0         4      
       exit.c.obj                     4       0         0      
       pre_init.c.obj                 4       0         0      
       div0.asm.obj                   2       0         0      
    +--+------------------------------+-------+---------+---------+
       Total:                         7689    257       4      
                                                               
       Stack:                         0       0         512    
       Linker Generated:              0       34        0      
    +--+------------------------------+-------+---------+---------+
       Grand Total:                   16061   911       538    


LINKER GENERATED COPY TABLES

__TI_cinit_table @ 00004254 records: 1, size/record: 8, table size: 8
	.data: load addr=00004238, load size=00000012 bytes, run addr=20000200, run size=0000001c bytes, compression=lzss


LINKER GENERATED HANDLER TABLE

__TI_handler_table @ 0000424c records: 2, size/record: 4, table size: 8
	index: 0, handler: __TI_decompress_lzss
	index: 1, handler: __TI_decompress_none


GLOBAL SYMBOLS: SORTED ALPHABETICALLY BY Name 

address   name                          
-------   ----                          
0000412d  C$$EXIT                       
0000410b  ResetISR                      
20000200  __STACK_END                   
00000200  __STACK_SIZE                  
20000200  __STACK_TOP                   
00004254  __TI_CINIT_Base               
0000425c  __TI_CINIT_Limit              
0000424c  __TI_Handler_Table_Base       
00004254  __TI_Handler_Table_Limit      
00003f11  __TI_auto_init_nobinit_nopinit
00003cb5  __TI_decompress_lzss          
000040fd  __TI_decompress_none          
00003dd7  __TI_ltoa                     
ffffffff  __TI_pprof_out_hndl           
000014b9  __TI_printfi                  
ffffffff  __TI_prof_data_size           
ffffffff  __TI_prof_data_start          
00000000  __TI_static_base__            
00003ac1  __aeabi_cdcmpeq               
00003ac1  __aeabi_cdcmple               
00003b47  __aeabi_cdrcmple              
00003ec9  __aeabi_d2iz                  
00002e9b  __aeabi_dadd                  
00003475  __aeabi_ddiv                  
000037e1  __aeabi_dmul                  
00002e91  __aeabi_dsub                  
00004121  __aeabi_errno_addr            
00004009  __aeabi_i2d                   
00001f07  __aeabi_idiv0                 
00001f07  __aeabi_ldiv0                 
00003bcd  __aeabi_memclr                
00003bcd  __aeabi_memclr4               
00003bcd  __aeabi_memclr8               
0000398f  __aeabi_memcpy                
0000398f  __aeabi_memcpy4               
0000398f  __aeabi_memcpy8               
00003bcf  __aeabi_memset                
00003bcf  __aeabi_memset4               
00003bcf  __aeabi_memset8               
00003a2b  __aeabi_uldivmod              
ffffffff  __binit__                     
ffffffff  __c_args__                    
UNDEFED   __mpu_init                    
20000000  __stack                       
20000000  __start___llvm_prf_cnts       
20000000  __stop___llvm_prf_cnts        
00003fd5  _c_int00_noargs               
00004130  _ctypes_                      
UNDEFED   _system_post_cinit            
00004129  _system_pre_init              
0000412d  abort                         
00003e7d  atoi                          
ffffffff  binit                         
0000255d  clearPinInterrupt             
00004077  copysign                      
00004077  copysignl                     
20000209  dhcpEnabled                   
00002539  disablePinInterrupt           
00002271  disablePinPulldown            
00002229  disablePinPullup              
00001fc5  disablePort                   
00002723  displayConnectionInfo         
00002515  enablePinInterrupt            
0000224d  enablePinPulldown             
000021fb  enablePinPullup               
00001f09  enablePort                    
20000218  errno                         
000008dd  etherCalcIpChecksum           
0000032b  etherClearReg                 
00000283  etherCsOff                    
0000026d  etherCsOn                     
UNDEFED   etherDisableDhcpMode          
00001221  etherGetId                    
00001295  etherGetIpAddress             
00001379  etherGetIpGatewayAddress      
00001307  etherGetIpSubnetMask          
00001433  etherGetMacAddress            
00000661  etherGetPacket                
00000f25  etherGetUdpData               
0000122d  etherIncId                    
00000477  etherInit                     
00000ba1  etherIsArpRequest             
00000c3f  etherIsArpResponse            
00000617  etherIsDataAvailable          
000010f5  etherIsDhcpResponse           
00000971  etherIsIp                     
000009e1  etherIsIpUnicast              
00001237  etherIsIpValid                
000005fd  etherIsLinkUp                 
00000631  etherIsOverflow               
00000a45  etherIsPingRequest            
0000114f  etherIsTcp                    
00000e7d  etherIsUdp                    
00000751  etherPutPacket                
0000045f  etherReadMem                  
0000044d  etherReadMemStart             
0000046f  etherReadMemStop              
000003b3  etherReadPhy                  
000002c5  etherReadReg                  
00000d69  etherSendArpRequest           
00000c99  etherSendArpResponse          
00000a91  etherSendPingResponse         
00000f55  etherSendUdpResponse          
0000035f  etherSetBank                  
0000125d  etherSetIpAddress             
00001341  etherSetIpGatewayAddress      
000012cf  etherSetIpSubnetMask          
000013b3  etherSetMacAddress            
000002f7  etherSetReg                   
00000837  etherSumWords                 
00000431  etherWriteMem                 
0000041f  etherWriteMemStart            
00000445  etherWriteMemStop             
0000037b  etherWritePhy                 
00000291  etherWriteReg                 
00003d1d  frexp                         
00003d1d  frexpl                        
00000000  g_pfnVectors                  
000008ab  getEtherChecksum              
000025a7  getPinValue                   
0000265d  getPortValue                  
00003165  getcUart0                     
0000093d  htonl                         
00000919  htons                         
20000200  hwAddress                     
000026ed  initHw                        
000031d9  initSpi0                      
00003049  initUart0                     
2000020a  ipAddress                     
2000020e  ipGwAddress                   
20000212  ipSubnetMask                  
00003179  kbhitUart0                    
000036d1  ldexp                         
000036d1  ldexpl                        
0000289d  main                          
0000405b  memccpy                       
0000398f  memcpy                        
00003bd5  memset                        
20000206  nextPacketLsb                 
20000207  nextPacketMsb                 
0000311d  putcUart0                     
00003139  putsUart0                     
00003311  readSpi0Data                  
000036d1  scalbn                        
000036d1  scalbnl                       
0000212f  selectPinAnalogInput          
000020e1  selectPinDigitalInput         
0000244b  selectPinInterruptBothEdges   
000023fb  selectPinInterruptFallingEdge 
000024a1  selectPinInterruptHighLevel   
000024db  selectPinInterruptLowLevel    
000023ab  selectPinInterruptRisingEdge  
00002093  selectPinOpenDrainOutput      
00002045  selectPinPushPullOutput       
20000208  sequenceId                    
00002299  setPinAuxFunction             
0000217f  setPinCommitControl           
00002581  setPinValue                   
000025e1  setPortValue                  
00003275  setSpi0BaudRate               
000032ab  setSpi0Mode                   
000030dd  setUart0BaudRate              
00003f55  sprintf                       
000040c1  strchr                        
000040a9  strcmp                        
000040d7  strlen                        
00004037  waitMicrosecond               
000040eb  wcslen                        
000032f9  writeSpi0Data                 


GLOBAL SYMBOLS: SORTED BY Symbol Address 

address   name                          
-------   ----                          
00000000  __TI_static_base__            
00000000  g_pfnVectors                  
00000200  __STACK_SIZE                  
0000026d  etherCsOn                     
00000283  etherCsOff                    
00000291  etherWriteReg                 
000002c5  etherReadReg                  
000002f7  etherSetReg                   
0000032b  etherClearReg                 
0000035f  etherSetBank                  
0000037b  etherWritePhy                 
000003b3  etherReadPhy                  
0000041f  etherWriteMemStart            
00000431  etherWriteMem                 
00000445  etherWriteMemStop             
0000044d  etherReadMemStart             
0000045f  etherReadMem                  
0000046f  etherReadMemStop              
00000477  etherInit                     
000005fd  etherIsLinkUp                 
00000617  etherIsDataAvailable          
00000631  etherIsOverflow               
00000661  etherGetPacket                
00000751  etherPutPacket                
00000837  etherSumWords                 
000008ab  getEtherChecksum              
000008dd  etherCalcIpChecksum           
00000919  htons                         
0000093d  htonl                         
00000971  etherIsIp                     
000009e1  etherIsIpUnicast              
00000a45  etherIsPingRequest            
00000a91  etherSendPingResponse         
00000ba1  etherIsArpRequest             
00000c3f  etherIsArpResponse            
00000c99  etherSendArpResponse          
00000d69  etherSendArpRequest           
00000e7d  etherIsUdp                    
00000f25  etherGetUdpData               
00000f55  etherSendUdpResponse          
000010f5  etherIsDhcpResponse           
0000114f  etherIsTcp                    
00001221  etherGetId                    
0000122d  etherIncId                    
00001237  etherIsIpValid                
0000125d  etherSetIpAddress             
00001295  etherGetIpAddress             
000012cf  etherSetIpSubnetMask          
00001307  etherGetIpSubnetMask          
00001341  etherSetIpGatewayAddress      
00001379  etherGetIpGatewayAddress      
000013b3  etherSetMacAddress            
00001433  etherGetMacAddress            
000014b9  __TI_printfi                  
00001f07  __aeabi_idiv0                 
00001f07  __aeabi_ldiv0                 
00001f09  enablePort                    
00001fc5  disablePort                   
00002045  selectPinPushPullOutput       
00002093  selectPinOpenDrainOutput      
000020e1  selectPinDigitalInput         
0000212f  selectPinAnalogInput          
0000217f  setPinCommitControl           
000021fb  enablePinPullup               
00002229  disablePinPullup              
0000224d  enablePinPulldown             
00002271  disablePinPulldown            
00002299  setPinAuxFunction             
000023ab  selectPinInterruptRisingEdge  
000023fb  selectPinInterruptFallingEdge 
0000244b  selectPinInterruptBothEdges   
000024a1  selectPinInterruptHighLevel   
000024db  selectPinInterruptLowLevel    
00002515  enablePinInterrupt            
00002539  disablePinInterrupt           
0000255d  clearPinInterrupt             
00002581  setPinValue                   
000025a7  getPinValue                   
000025e1  setPortValue                  
0000265d  getPortValue                  
000026ed  initHw                        
00002723  displayConnectionInfo         
0000289d  main                          
00002e91  __aeabi_dsub                  
00002e9b  __aeabi_dadd                  
00003049  initUart0                     
000030dd  setUart0BaudRate              
0000311d  putcUart0                     
00003139  putsUart0                     
00003165  getcUart0                     
00003179  kbhitUart0                    
000031d9  initSpi0                      
00003275  setSpi0BaudRate               
000032ab  setSpi0Mode                   
000032f9  writeSpi0Data                 
00003311  readSpi0Data                  
00003475  __aeabi_ddiv                  
000036d1  ldexp                         
000036d1  ldexpl                        
000036d1  scalbn                        
000036d1  scalbnl                       
000037e1  __aeabi_dmul                  
0000398f  __aeabi_memcpy                
0000398f  __aeabi_memcpy4               
0000398f  __aeabi_memcpy8               
0000398f  memcpy                        
00003a2b  __aeabi_uldivmod              
00003ac1  __aeabi_cdcmpeq               
00003ac1  __aeabi_cdcmple               
00003b47  __aeabi_cdrcmple              
00003bcd  __aeabi_memclr                
00003bcd  __aeabi_memclr4               
00003bcd  __aeabi_memclr8               
00003bcf  __aeabi_memset                
00003bcf  __aeabi_memset4               
00003bcf  __aeabi_memset8               
00003bd5  memset                        
00003cb5  __TI_decompress_lzss          
00003d1d  frexp                         
00003d1d  frexpl                        
00003dd7  __TI_ltoa                     
00003e7d  atoi                          
00003ec9  __aeabi_d2iz                  
00003f11  __TI_auto_init_nobinit_nopinit
00003f55  sprintf                       
00003fd5  _c_int00_noargs               
00004009  __aeabi_i2d                   
00004037  waitMicrosecond               
0000405b  memccpy                       
00004077  copysign                      
00004077  copysignl                     
000040a9  strcmp                        
000040c1  strchr                        
000040d7  strlen                        
000040eb  wcslen                        
000040fd  __TI_decompress_none          
0000410b  ResetISR                      
00004121  __aeabi_errno_addr            
00004129  _system_pre_init              
0000412d  C$$EXIT                       
0000412d  abort                         
00004130  _ctypes_                      
0000424c  __TI_Handler_Table_Base       
00004254  __TI_CINIT_Base               
00004254  __TI_Handler_Table_Limit      
0000425c  __TI_CINIT_Limit              
20000000  __stack                       
20000000  __start___llvm_prf_cnts       
20000000  __stop___llvm_prf_cnts        
20000200  __STACK_END                   
20000200  __STACK_TOP                   
20000200  hwAddress                     
20000206  nextPacketLsb                 
20000207  nextPacketMsb                 
20000208  sequenceId                    
20000209  dhcpEnabled                   
2000020a  ipAddress                     
2000020e  ipGwAddress                   
20000212  ipSubnetMask                  
20000218  errno                         
ffffffff  __TI_pprof_out_hndl           
ffffffff  __TI_prof_data_size           
ffffffff  __TI_prof_data_start          
ffffffff  __binit__                     
ffffffff  __c_args__                    
ffffffff  binit                         
UNDEFED   __mpu_init                    
UNDEFED   _system_post_cinit            
UNDEFED   etherDisableDhcpMode          

[169 symbols]
