<?xml version="1.0" encoding="ISO-8859-1" ?>
<link_info>
   <banner>TI ARM Linker PC v20.2.5.LTS</banner>
   <copyright>Copyright (c) 1996-2018 Texas Instruments Incorporated</copyright>
   <link_time>0x625a1e43</link_time>
   <link_errors>0x1</link_errors>
   <output_file>tcpworking.out</output_file>
   <entry_point>
      <name>_c_int00_noargs</name>
      <address>0x3fd5</address>
   </entry_point>
   <input_file_list>
      <input_file id="fl-2">
         <path>.\</path>
         <kind>object</kind>
         <file>TCP.obj</file>
         <name>TCP.obj</name>
      </input_file>
      <input_file id="fl-3">
         <path>.\</path>
         <kind>object</kind>
         <file>clock.obj</file>
         <name>clock.obj</name>
      </input_file>
      <input_file id="fl-4">
         <path>.\</path>
         <kind>object</kind>
         <file>eeprom.obj</file>
         <name>eeprom.obj</name>
      </input_file>
      <input_file id="fl-5">
         <path>.\</path>
         <kind>object</kind>
         <file>eth0.obj</file>
         <name>eth0.obj</name>
      </input_file>
      <input_file id="fl-6">
         <path>.\</path>
         <kind>object</kind>
         <file>ethernet.obj</file>
         <name>ethernet.obj</name>
      </input_file>
      <input_file id="fl-7">
         <path>.\</path>
         <kind>object</kind>
         <file>gpio.obj</file>
         <name>gpio.obj</name>
      </input_file>
      <input_file id="fl-8">
         <path>.\</path>
         <kind>object</kind>
         <file>input.obj</file>
         <name>input.obj</name>
      </input_file>
      <input_file id="fl-9">
         <path>.\</path>
         <kind>object</kind>
         <file>mqtt.obj</file>
         <name>mqtt.obj</name>
      </input_file>
      <input_file id="fl-a">
         <path>.\</path>
         <kind>object</kind>
         <file>spi0.obj</file>
         <name>spi0.obj</name>
      </input_file>
      <input_file id="fl-b">
         <path>.\</path>
         <kind>object</kind>
         <file>timer.obj</file>
         <name>timer.obj</name>
      </input_file>
      <input_file id="fl-c">
         <path>.\</path>
         <kind>object</kind>
         <file>tm4c123gh6pm_startup_ccs.obj</file>
         <name>tm4c123gh6pm_startup_ccs.obj</name>
      </input_file>
      <input_file id="fl-d">
         <path>.\</path>
         <kind>object</kind>
         <file>uart0.obj</file>
         <name>uart0.obj</name>
      </input_file>
      <input_file id="fl-e">
         <path>.\</path>
         <kind>object</kind>
         <file>wait.obj</file>
         <name>wait.obj</name>
      </input_file>
      <input_file id="fl-12">
         <kind>object</kind>
         <file>&lt;internal&gt;</file>
         <name>&lt;internal&gt;</name>
      </input_file>
      <input_file id="fl-c8">
         <path>C:\ti\ccs1110\ccs\tools\compiler\ti-cgt-arm_20.2.5.LTS\lib\</path>
         <kind>archive</kind>
         <file>rtsv7M4_T_le_v4SPD16_eabi.lib</file>
         <name>sprintf.c.obj</name>
      </input_file>
      <input_file id="fl-c9">
         <path>C:\ti\ccs1110\ccs\tools\compiler\ti-cgt-arm_20.2.5.LTS\lib\</path>
         <kind>archive</kind>
         <file>rtsv7M4_T_le_v4SPD16_eabi.lib</file>
         <name>memcpy_t2.asm.obj</name>
      </input_file>
      <input_file id="fl-ca">
         <path>C:\ti\ccs1110\ccs\tools\compiler\ti-cgt-arm_20.2.5.LTS\lib\</path>
         <kind>archive</kind>
         <file>rtsv7M4_T_le_v4SPD16_eabi.lib</file>
         <name>memset_t2.asm.obj</name>
      </input_file>
      <input_file id="fl-cb">
         <path>C:\ti\ccs1110\ccs\tools\compiler\ti-cgt-arm_20.2.5.LTS\lib\</path>
         <kind>archive</kind>
         <file>rtsv7M4_T_le_v4SPD16_eabi.lib</file>
         <name>copy_zero_init.c.obj</name>
      </input_file>
      <input_file id="fl-cc">
         <path>C:\ti\ccs1110\ccs\tools\compiler\ti-cgt-arm_20.2.5.LTS\lib\</path>
         <kind>archive</kind>
         <file>rtsv7M4_T_le_v4SPD16_eabi.lib</file>
         <name>copy_decompress_none.c.obj</name>
      </input_file>
      <input_file id="fl-cd">
         <path>C:\ti\ccs1110\ccs\tools\compiler\ti-cgt-arm_20.2.5.LTS\lib\</path>
         <kind>archive</kind>
         <file>rtsv7M4_T_le_v4SPD16_eabi.lib</file>
         <name>copy_decompress_lzss.c.obj</name>
      </input_file>
      <input_file id="fl-ce">
         <path>C:\ti\ccs1110\ccs\tools\compiler\ti-cgt-arm_20.2.5.LTS\lib\</path>
         <kind>archive</kind>
         <file>rtsv7M4_T_le_v4SPD16_eabi.lib</file>
         <name>strcmp.c.obj</name>
      </input_file>
      <input_file id="fl-cf">
         <path>C:\ti\ccs1110\ccs\tools\compiler\ti-cgt-arm_20.2.5.LTS\lib\</path>
         <kind>archive</kind>
         <file>rtsv7M4_T_le_v4SPD16_eabi.lib</file>
         <name>boot_cortex_m.c.obj</name>
      </input_file>
      <input_file id="fl-d0">
         <path>C:\ti\ccs1110\ccs\tools\compiler\ti-cgt-arm_20.2.5.LTS\lib\</path>
         <kind>archive</kind>
         <file>rtsv7M4_T_le_v4SPD16_eabi.lib</file>
         <name>_printfi.c.obj</name>
      </input_file>
      <input_file id="fl-d1">
         <path>C:\ti\ccs1110\ccs\tools\compiler\ti-cgt-arm_20.2.5.LTS\lib\</path>
         <kind>archive</kind>
         <file>rtsv7M4_T_le_v4SPD16_eabi.lib</file>
         <name>s_frexp.c.obj</name>
      </input_file>
      <input_file id="fl-d2">
         <path>C:\ti\ccs1110\ccs\tools\compiler\ti-cgt-arm_20.2.5.LTS\lib\</path>
         <kind>archive</kind>
         <file>rtsv7M4_T_le_v4SPD16_eabi.lib</file>
         <name>s_scalbn.c.obj</name>
      </input_file>
      <input_file id="fl-d3">
         <path>C:\ti\ccs1110\ccs\tools\compiler\ti-cgt-arm_20.2.5.LTS\lib\</path>
         <kind>archive</kind>
         <file>rtsv7M4_T_le_v4SPD16_eabi.lib</file>
         <name>wcslen.c.obj</name>
      </input_file>
      <input_file id="fl-d4">
         <path>C:\ti\ccs1110\ccs\tools\compiler\ti-cgt-arm_20.2.5.LTS\lib\</path>
         <kind>archive</kind>
         <file>rtsv7M4_T_le_v4SPD16_eabi.lib</file>
         <name>fd_add_t2.asm.obj</name>
      </input_file>
      <input_file id="fl-d5">
         <path>C:\ti\ccs1110\ccs\tools\compiler\ti-cgt-arm_20.2.5.LTS\lib\</path>
         <kind>archive</kind>
         <file>rtsv7M4_T_le_v4SPD16_eabi.lib</file>
         <name>fd_cmp_t2.asm.obj</name>
      </input_file>
      <input_file id="fl-d6">
         <path>C:\ti\ccs1110\ccs\tools\compiler\ti-cgt-arm_20.2.5.LTS\lib\</path>
         <kind>archive</kind>
         <file>rtsv7M4_T_le_v4SPD16_eabi.lib</file>
         <name>fd_div_t2.asm.obj</name>
      </input_file>
      <input_file id="fl-d7">
         <path>C:\ti\ccs1110\ccs\tools\compiler\ti-cgt-arm_20.2.5.LTS\lib\</path>
         <kind>archive</kind>
         <file>rtsv7M4_T_le_v4SPD16_eabi.lib</file>
         <name>fd_mul_t2.asm.obj</name>
      </input_file>
      <input_file id="fl-d8">
         <path>C:\ti\ccs1110\ccs\tools\compiler\ti-cgt-arm_20.2.5.LTS\lib\</path>
         <kind>archive</kind>
         <file>rtsv7M4_T_le_v4SPD16_eabi.lib</file>
         <name>fd_toi_t2.asm.obj</name>
      </input_file>
      <input_file id="fl-d9">
         <path>C:\ti\ccs1110\ccs\tools\compiler\ti-cgt-arm_20.2.5.LTS\lib\</path>
         <kind>archive</kind>
         <file>rtsv7M4_T_le_v4SPD16_eabi.lib</file>
         <name>i_tofd_t2.asm.obj</name>
      </input_file>
      <input_file id="fl-da">
         <path>C:\ti\ccs1110\ccs\tools\compiler\ti-cgt-arm_20.2.5.LTS\lib\</path>
         <kind>archive</kind>
         <file>rtsv7M4_T_le_v4SPD16_eabi.lib</file>
         <name>ull_div_t2.asm.obj</name>
      </input_file>
      <input_file id="fl-db">
         <path>C:\ti\ccs1110\ccs\tools\compiler\ti-cgt-arm_20.2.5.LTS\lib\</path>
         <kind>archive</kind>
         <file>rtsv7M4_T_le_v4SPD16_eabi.lib</file>
         <name>autoinit.c.obj</name>
      </input_file>
      <input_file id="fl-dc">
         <path>C:\ti\ccs1110\ccs\tools\compiler\ti-cgt-arm_20.2.5.LTS\lib\</path>
         <kind>archive</kind>
         <file>rtsv7M4_T_le_v4SPD16_eabi.lib</file>
         <name>pre_init.c.obj</name>
      </input_file>
      <input_file id="fl-dd">
         <path>C:\ti\ccs1110\ccs\tools\compiler\ti-cgt-arm_20.2.5.LTS\lib\</path>
         <kind>archive</kind>
         <file>rtsv7M4_T_le_v4SPD16_eabi.lib</file>
         <name>cpy_tbl.c.obj</name>
      </input_file>
      <input_file id="fl-de">
         <path>C:\ti\ccs1110\ccs\tools\compiler\ti-cgt-arm_20.2.5.LTS\lib\</path>
         <kind>archive</kind>
         <file>rtsv7M4_T_le_v4SPD16_eabi.lib</file>
         <name>exit.c.obj</name>
      </input_file>
      <input_file id="fl-df">
         <path>C:\ti\ccs1110\ccs\tools\compiler\ti-cgt-arm_20.2.5.LTS\lib\</path>
         <kind>archive</kind>
         <file>rtsv7M4_T_le_v4SPD16_eabi.lib</file>
         <name>_lock.c.obj</name>
      </input_file>
      <input_file id="fl-e0">
         <path>C:\ti\ccs1110\ccs\tools\compiler\ti-cgt-arm_20.2.5.LTS\lib\</path>
         <kind>archive</kind>
         <file>rtsv7M4_T_le_v4SPD16_eabi.lib</file>
         <name>_ltoa.c.obj</name>
      </input_file>
      <input_file id="fl-e1">
         <path>C:\ti\ccs1110\ccs\tools\compiler\ti-cgt-arm_20.2.5.LTS\lib\</path>
         <kind>archive</kind>
         <file>rtsv7M4_T_le_v4SPD16_eabi.lib</file>
         <name>args_main.c.obj</name>
      </input_file>
      <input_file id="fl-e2">
         <path>C:\ti\ccs1110\ccs\tools\compiler\ti-cgt-arm_20.2.5.LTS\lib\</path>
         <kind>archive</kind>
         <file>rtsv7M4_T_le_v4SPD16_eabi.lib</file>
         <name>atoi.c.obj</name>
      </input_file>
      <input_file id="fl-e3">
         <path>C:\ti\ccs1110\ccs\tools\compiler\ti-cgt-arm_20.2.5.LTS\lib\</path>
         <kind>archive</kind>
         <file>rtsv7M4_T_le_v4SPD16_eabi.lib</file>
         <name>ctype.c.obj</name>
      </input_file>
      <input_file id="fl-e4">
         <path>C:\ti\ccs1110\ccs\tools\compiler\ti-cgt-arm_20.2.5.LTS\lib\</path>
         <kind>archive</kind>
         <file>rtsv7M4_T_le_v4SPD16_eabi.lib</file>
         <name>memccpy.c.obj</name>
      </input_file>
      <input_file id="fl-e5">
         <path>C:\ti\ccs1110\ccs\tools\compiler\ti-cgt-arm_20.2.5.LTS\lib\</path>
         <kind>archive</kind>
         <file>rtsv7M4_T_le_v4SPD16_eabi.lib</file>
         <name>strchr.c.obj</name>
      </input_file>
      <input_file id="fl-e6">
         <path>C:\ti\ccs1110\ccs\tools\compiler\ti-cgt-arm_20.2.5.LTS\lib\</path>
         <kind>archive</kind>
         <file>rtsv7M4_T_le_v4SPD16_eabi.lib</file>
         <name>strlen.c.obj</name>
      </input_file>
      <input_file id="fl-e7">
         <path>C:\ti\ccs1110\ccs\tools\compiler\ti-cgt-arm_20.2.5.LTS\lib\</path>
         <kind>archive</kind>
         <file>rtsv7M4_T_le_v4SPD16_eabi.lib</file>
         <name>errno.c.obj</name>
      </input_file>
      <input_file id="fl-e8">
         <path>C:\ti\ccs1110\ccs\tools\compiler\ti-cgt-arm_20.2.5.LTS\lib\</path>
         <kind>archive</kind>
         <file>rtsv7M4_T_le_v4SPD16_eabi.lib</file>
         <name>s_copysign.c.obj</name>
      </input_file>
      <input_file id="fl-e9">
         <path>C:\ti\ccs1110\ccs\tools\compiler\ti-cgt-arm_20.2.5.LTS\lib\</path>
         <kind>archive</kind>
         <file>rtsv7M4_T_le_v4SPD16_eabi.lib</file>
         <name>div0.asm.obj</name>
      </input_file>
   </input_file_list>
   <object_component_list>
      <object_component id="oc-12">
         <name>.intvecs</name>
         <load_address>0x0</load_address>
         <run_address>0x0</run_address>
         <size>0x26c</size>
         <input_file_ref idref="fl-c"/>
      </object_component>
      <object_component id="oc-ce">
         <name>.text</name>
         <load_address>0x26c</load_address>
         <run_address>0x26c</run_address>
         <size>0x124c</size>
         <input_file_ref idref="fl-5"/>
      </object_component>
      <object_component id="oc-153">
         <name>.text:__TI_printfi</name>
         <load_address>0x14b8</load_address>
         <run_address>0x14b8</run_address>
         <size>0xa4e</size>
         <input_file_ref idref="fl-d0"/>
      </object_component>
      <object_component id="oc-2b0">
         <name>.text</name>
         <load_address>0x1f06</load_address>
         <run_address>0x1f06</run_address>
         <size>0x2</size>
         <input_file_ref idref="fl-e9"/>
      </object_component>
      <object_component id="oc-c8">
         <name>.text</name>
         <load_address>0x1f08</load_address>
         <run_address>0x1f08</run_address>
         <size>0x7e4</size>
         <input_file_ref idref="fl-7"/>
      </object_component>
      <object_component id="oc-9b">
         <name>.text</name>
         <load_address>0x26ec</load_address>
         <run_address>0x26ec</run_address>
         <size>0x364</size>
         <input_file_ref idref="fl-6"/>
      </object_component>
      <object_component id="oc-1d0">
         <name>.text:_pconv_a</name>
         <load_address>0x2a50</load_address>
         <run_address>0x2a50</run_address>
         <size>0x270</size>
         <input_file_ref idref="fl-d0"/>
      </object_component>
      <object_component id="oc-1be">
         <name>.text:_pconv_g</name>
         <load_address>0x2cc0</load_address>
         <run_address>0x2cc0</run_address>
         <size>0x1d0</size>
         <input_file_ref idref="fl-d0"/>
      </object_component>
      <object_component id="oc-248">
         <name>.text</name>
         <load_address>0x2e90</load_address>
         <run_address>0x2e90</run_address>
         <size>0x1b6</size>
         <input_file_ref idref="fl-d4"/>
      </object_component>
      <object_component id="oc-d4">
         <name>.text</name>
         <load_address>0x3048</load_address>
         <run_address>0x3048</run_address>
         <size>0x190</size>
         <input_file_ref idref="fl-d"/>
      </object_component>
      <object_component id="oc-13a">
         <name>.text</name>
         <load_address>0x31d8</load_address>
         <run_address>0x31d8</run_address>
         <size>0x160</size>
         <input_file_ref idref="fl-a"/>
      </object_component>
      <object_component id="oc-1ca">
         <name>.text:_pconv_e</name>
         <load_address>0x3338</load_address>
         <run_address>0x3338</run_address>
         <size>0x13c</size>
         <input_file_ref idref="fl-d0"/>
      </object_component>
      <object_component id="oc-22e">
         <name>.text</name>
         <load_address>0x3474</load_address>
         <run_address>0x3474</run_address>
         <size>0x136</size>
         <input_file_ref idref="fl-d6"/>
      </object_component>
      <object_component id="oc-25a">
         <name>.text:fcvt</name>
         <load_address>0x35ac</load_address>
         <run_address>0x35ac</run_address>
         <size>0x124</size>
         <input_file_ref idref="fl-d0"/>
      </object_component>
      <object_component id="oc-26e">
         <name>.text:scalbn</name>
         <load_address>0x36d0</load_address>
         <run_address>0x36d0</run_address>
         <size>0x110</size>
         <input_file_ref idref="fl-d2"/>
      </object_component>
      <object_component id="oc-229">
         <name>.text</name>
         <load_address>0x37e0</load_address>
         <run_address>0x37e0</run_address>
         <size>0xfc</size>
         <input_file_ref idref="fl-d7"/>
      </object_component>
      <object_component id="oc-1b3">
         <name>.text:_ltostr</name>
         <load_address>0x38dc</load_address>
         <run_address>0x38dc</run_address>
         <size>0xb1</size>
         <input_file_ref idref="fl-d0"/>
      </object_component>
      <object_component id="oc-3b">
         <name>.text</name>
         <load_address>0x398e</load_address>
         <run_address>0x398e</run_address>
         <size>0x9c</size>
         <input_file_ref idref="fl-c9"/>
      </object_component>
      <object_component id="oc-222">
         <name>.text</name>
         <load_address>0x3a2a</load_address>
         <run_address>0x3a2a</run_address>
         <size>0x96</size>
         <input_file_ref idref="fl-da"/>
      </object_component>
      <object_component id="oc-1b9">
         <name>.text:__aeabi_cdcmple</name>
         <load_address>0x3ac0</load_address>
         <run_address>0x3ac0</run_address>
         <size>0x86</size>
         <input_file_ref idref="fl-d5"/>
      </object_component>
      <object_component id="oc-233">
         <name>.text:__aeabi_cdrcmple</name>
         <load_address>0x3b46</load_address>
         <run_address>0x3b46</run_address>
         <size>0x86</size>
         <input_file_ref idref="fl-d5"/>
      </object_component>
      <object_component id="oc-8f">
         <name>.text</name>
         <load_address>0x3bcc</load_address>
         <run_address>0x3bcc</run_address>
         <size>0x7a</size>
         <input_file_ref idref="fl-ca"/>
      </object_component>
      <object_component id="oc-253">
         <name>.text:_mcpy</name>
         <load_address>0x3c46</load_address>
         <run_address>0x3c46</run_address>
         <size>0x6e</size>
         <input_file_ref idref="fl-d0"/>
      </object_component>
      <object_component id="oc-15">
         <name>.text:decompress:lzss:__TI_decompress_lzss</name>
         <load_address>0x3cb4</load_address>
         <run_address>0x3cb4</run_address>
         <size>0x68</size>
         <input_file_ref idref="fl-cd"/>
      </object_component>
      <object_component id="oc-268">
         <name>.text:frexp</name>
         <load_address>0x3d1c</load_address>
         <run_address>0x3d1c</run_address>
         <size>0x64</size>
         <input_file_ref idref="fl-d1"/>
      </object_component>
      <object_component id="oc-1c4">
         <name>.text:_pconv_f</name>
         <load_address>0x3d80</load_address>
         <run_address>0x3d80</run_address>
         <size>0x56</size>
         <input_file_ref idref="fl-d0"/>
      </object_component>
      <object_component id="oc-23d">
         <name>.text:__TI_ltoa</name>
         <load_address>0x3dd6</load_address>
         <run_address>0x3dd6</run_address>
         <size>0x54</size>
         <input_file_ref idref="fl-e0"/>
      </object_component>
      <object_component id="oc-24d">
         <name>.text:_ecpy</name>
         <load_address>0x3e2a</load_address>
         <run_address>0x3e2a</run_address>
         <size>0x52</size>
         <input_file_ref idref="fl-d0"/>
      </object_component>
      <object_component id="oc-1ad">
         <name>.text:atoi</name>
         <load_address>0x3e7c</load_address>
         <run_address>0x3e7c</run_address>
         <size>0x4c</size>
         <input_file_ref idref="fl-e2"/>
      </object_component>
      <object_component id="oc-238">
         <name>.text</name>
         <load_address>0x3ec8</load_address>
         <run_address>0x3ec8</run_address>
         <size>0x48</size>
         <input_file_ref idref="fl-d8"/>
      </object_component>
      <object_component id="oc-fa">
         <name>.text:__TI_auto_init_nobinit_nopinit:__TI_auto_init_nobinit_nopinit</name>
         <load_address>0x3f10</load_address>
         <run_address>0x3f10</run_address>
         <size>0x44</size>
         <input_file_ref idref="fl-db"/>
      </object_component>
      <object_component id="oc-da">
         <name>.text:sprintf</name>
         <load_address>0x3f54</load_address>
         <run_address>0x3f54</run_address>
         <size>0x40</size>
         <input_file_ref idref="fl-c8"/>
      </object_component>
      <object_component id="oc-260">
         <name>.text:_fcpy</name>
         <load_address>0x3f94</load_address>
         <run_address>0x3f94</run_address>
         <size>0x3e</size>
         <input_file_ref idref="fl-d0"/>
      </object_component>
      <object_component id="oc-59">
         <name>.text:_c_int00_noargs:_c_int00_noargs</name>
         <load_address>0x3fd4</load_address>
         <run_address>0x3fd4</run_address>
         <size>0x34</size>
         <input_file_ref idref="fl-cf"/>
      </object_component>
      <object_component id="oc-243">
         <name>.text</name>
         <load_address>0x4008</load_address>
         <run_address>0x4008</run_address>
         <size>0x2e</size>
         <input_file_ref idref="fl-d9"/>
      </object_component>
      <object_component id="oc-e0">
         <name>.text</name>
         <load_address>0x4036</load_address>
         <run_address>0x4036</run_address>
         <size>0x24</size>
         <input_file_ref idref="fl-e"/>
      </object_component>
      <object_component id="oc-1d6">
         <name>.text:memccpy</name>
         <load_address>0x405a</load_address>
         <run_address>0x405a</run_address>
         <size>0x1c</size>
         <input_file_ref idref="fl-e4"/>
      </object_component>
      <object_component id="oc-2c9">
         <name>.text:copysign</name>
         <load_address>0x4076</load_address>
         <run_address>0x4076</run_address>
         <size>0x1a</size>
         <input_file_ref idref="fl-e8"/>
      </object_component>
      <object_component id="oc-159">
         <name>.text:_outs</name>
         <load_address>0x4090</load_address>
         <run_address>0x4090</run_address>
         <size>0x18</size>
         <input_file_ref idref="fl-c8"/>
      </object_component>
      <object_component id="oc-e6">
         <name>.text:strcmp</name>
         <load_address>0x40a8</load_address>
         <run_address>0x40a8</run_address>
         <size>0x18</size>
         <input_file_ref idref="fl-ce"/>
      </object_component>
      <object_component id="oc-274">
         <name>.text:strchr</name>
         <load_address>0x40c0</load_address>
         <run_address>0x40c0</run_address>
         <size>0x16</size>
         <input_file_ref idref="fl-e5"/>
      </object_component>
      <object_component id="oc-1a7">
         <name>.text:strlen</name>
         <load_address>0x40d6</load_address>
         <run_address>0x40d6</run_address>
         <size>0x14</size>
         <input_file_ref idref="fl-e6"/>
      </object_component>
      <object_component id="oc-1dc">
         <name>.text:wcslen</name>
         <load_address>0x40ea</load_address>
         <run_address>0x40ea</run_address>
         <size>0x12</size>
         <input_file_ref idref="fl-d3"/>
      </object_component>
      <object_component id="oc-1b">
         <name>.text:decompress:none:__TI_decompress_none</name>
         <load_address>0x40fc</load_address>
         <run_address>0x40fc</run_address>
         <size>0xe</size>
         <input_file_ref idref="fl-cc"/>
      </object_component>
      <object_component id="oc-27">
         <name>.text</name>
         <load_address>0x410a</load_address>
         <run_address>0x410a</run_address>
         <size>0xc</size>
         <input_file_ref idref="fl-c"/>
      </object_component>
      <object_component id="oc-15f">
         <name>.text:_outc</name>
         <load_address>0x4116</load_address>
         <run_address>0x4116</run_address>
         <size>0xa</size>
         <input_file_ref idref="fl-c8"/>
      </object_component>
      <object_component id="oc-1e2">
         <name>.text:__aeabi_errno_addr</name>
         <load_address>0x4120</load_address>
         <run_address>0x4120</run_address>
         <size>0x8</size>
         <input_file_ref idref="fl-e7"/>
      </object_component>
      <object_component id="oc-95">
         <name>.text:_system_pre_init</name>
         <load_address>0x4128</load_address>
         <run_address>0x4128</run_address>
         <size>0x4</size>
         <input_file_ref idref="fl-dc"/>
      </object_component>
      <object_component id="oc-ee">
         <name>.text:abort:abort</name>
         <load_address>0x412c</load_address>
         <run_address>0x412c</run_address>
         <size>0x4</size>
         <input_file_ref idref="fl-de"/>
      </object_component>
      <object_component id="oc-21d">
         <name>.const:.string:_ctypes_</name>
         <load_address>0x4130</load_address>
         <run_address>0x4130</run_address>
         <size>0x101</size>
         <input_file_ref idref="fl-e3"/>
      </object_component>
      <object_component id="oc-321">
         <name>.cinit..data.load</name>
         <load_address>0x4238</load_address>
         <run_address>0x4238</run_address>
         <size>0x12</size>
      </object_component>
      <object_component id="oc-31f">
         <name>__TI_handler_table</name>
         <load_address>0x424c</load_address>
         <run_address>0x424c</run_address>
         <size>0x8</size>
      </object_component>
      <object_component id="oc-320">
         <name>__TI_cinit_table</name>
         <load_address>0x4254</load_address>
         <run_address>0x4254</run_address>
         <size>0x8</size>
      </object_component>
      <object_component id="oc-140">
         <name>.data</name>
         <load_address>0x20000206</load_address>
         <run_address>0x20000206</run_address>
         <size>0x4</size>
         <input_file_ref idref="fl-5"/>
      </object_component>
      <object_component id="oc-146">
         <name>.data:hwAddress</name>
         <load_address>0x20000200</load_address>
         <run_address>0x20000200</run_address>
         <size>0x6</size>
         <input_file_ref idref="fl-5"/>
      </object_component>
      <object_component id="oc-143">
         <name>.data:ipAddress</name>
         <load_address>0x2000020a</load_address>
         <run_address>0x2000020a</run_address>
         <size>0x4</size>
         <input_file_ref idref="fl-5"/>
      </object_component>
      <object_component id="oc-149">
         <name>.data:ipSubnetMask</name>
         <load_address>0x20000212</load_address>
         <run_address>0x20000212</run_address>
         <size>0x4</size>
         <input_file_ref idref="fl-5"/>
      </object_component>
      <object_component id="oc-14c">
         <name>.data:ipGwAddress</name>
         <load_address>0x2000020e</load_address>
         <run_address>0x2000020e</run_address>
         <size>0x4</size>
         <input_file_ref idref="fl-5"/>
      </object_component>
      <object_component id="oc-284">
         <name>.data</name>
         <load_address>0x20000218</load_address>
         <run_address>0x20000218</run_address>
         <size>0x4</size>
         <input_file_ref idref="fl-e7"/>
      </object_component>
      <object_component id="oc-24">
         <name>.stack</name>
         <uninitialized>true</uninitialized>
         <run_address>0x20000000</run_address>
         <size>0x4</size>
         <input_file_ref idref="fl-cf"/>
      </object_component>
      <object_component id="oc-323">
         <name>.stack</name>
         <uninitialized>true</uninitialized>
         <run_address>0x20000000</run_address>
         <size>0x0</size>
      </object_component>
      <object_component id="oc-b7">
         <name>.debug_info</name>
         <load_address>0x0</load_address>
         <run_address>0x0</run_address>
         <size>0x34d</size>
         <input_file_ref idref="fl-2"/>
      </object_component>
      <object_component id="oc-70">
         <name>.debug_info</name>
         <load_address>0x34d</load_address>
         <run_address>0x34d</run_address>
         <size>0x26b</size>
         <input_file_ref idref="fl-2"/>
      </object_component>
      <object_component id="oc-b2">
         <name>.debug_info</name>
         <load_address>0x5b8</load_address>
         <run_address>0x5b8</run_address>
         <size>0x8b</size>
         <input_file_ref idref="fl-2"/>
      </object_component>
      <object_component id="oc-ad">
         <name>.debug_info</name>
         <load_address>0x643</load_address>
         <run_address>0x643</run_address>
         <size>0x2a4</size>
         <input_file_ref idref="fl-2"/>
      </object_component>
      <object_component id="oc-75">
         <name>.debug_info</name>
         <load_address>0x8e7</load_address>
         <run_address>0x8e7</run_address>
         <size>0xbb</size>
         <input_file_ref idref="fl-2"/>
      </object_component>
      <object_component id="oc-167">
         <name>.debug_info</name>
         <load_address>0x9a2</load_address>
         <run_address>0x9a2</run_address>
         <size>0x2c</size>
         <input_file_ref idref="fl-2"/>
      </object_component>
      <object_component id="oc-12e">
         <name>.debug_info</name>
         <load_address>0x9ce</load_address>
         <run_address>0x9ce</run_address>
         <size>0x5d1</size>
         <input_file_ref idref="fl-2"/>
      </object_component>
      <object_component id="oc-36">
         <name>.debug_info</name>
         <load_address>0xf9f</load_address>
         <run_address>0xf9f</run_address>
         <size>0x84</size>
         <input_file_ref idref="fl-3"/>
      </object_component>
      <object_component id="oc-150">
         <name>.debug_info</name>
         <load_address>0x1023</load_address>
         <run_address>0x1023</run_address>
         <size>0x4ad</size>
         <input_file_ref idref="fl-5"/>
      </object_component>
      <object_component id="oc-141">
         <name>.debug_info</name>
         <load_address>0x14d0</load_address>
         <run_address>0x14d0</run_address>
         <size>0x14d</size>
         <input_file_ref idref="fl-5"/>
      </object_component>
      <object_component id="oc-147">
         <name>.debug_info</name>
         <load_address>0x161d</load_address>
         <run_address>0x161d</run_address>
         <size>0xce</size>
         <input_file_ref idref="fl-5"/>
      </object_component>
      <object_component id="oc-144">
         <name>.debug_info</name>
         <load_address>0x16eb</load_address>
         <run_address>0x16eb</run_address>
         <size>0xce</size>
         <input_file_ref idref="fl-5"/>
      </object_component>
      <object_component id="oc-14a">
         <name>.debug_info</name>
         <load_address>0x17b9</load_address>
         <run_address>0x17b9</run_address>
         <size>0xd4</size>
         <input_file_ref idref="fl-5"/>
      </object_component>
      <object_component id="oc-14d">
         <name>.debug_info</name>
         <load_address>0x188d</load_address>
         <run_address>0x188d</run_address>
         <size>0xd2</size>
         <input_file_ref idref="fl-5"/>
      </object_component>
      <object_component id="oc-d0">
         <name>.debug_info</name>
         <load_address>0x195f</load_address>
         <run_address>0x195f</run_address>
         <size>0x2d54</size>
         <input_file_ref idref="fl-5"/>
      </object_component>
      <object_component id="oc-134">
         <name>.debug_info</name>
         <load_address>0x46b3</load_address>
         <run_address>0x46b3</run_address>
         <size>0x88</size>
         <input_file_ref idref="fl-5"/>
      </object_component>
      <object_component id="oc-ed">
         <name>.debug_info</name>
         <load_address>0x473b</load_address>
         <run_address>0x473b</run_address>
         <size>0xa11</size>
         <input_file_ref idref="fl-6"/>
      </object_component>
      <object_component id="oc-9c">
         <name>.debug_info</name>
         <load_address>0x514c</load_address>
         <run_address>0x514c</run_address>
         <size>0x753</size>
         <input_file_ref idref="fl-6"/>
      </object_component>
      <object_component id="oc-171">
         <name>.debug_info</name>
         <load_address>0x589f</load_address>
         <run_address>0x589f</run_address>
         <size>0x35</size>
         <input_file_ref idref="fl-6"/>
      </object_component>
      <object_component id="oc-139">
         <name>.debug_info</name>
         <load_address>0x58d4</load_address>
         <run_address>0x58d4</run_address>
         <size>0x25d</size>
         <input_file_ref idref="fl-7"/>
      </object_component>
      <object_component id="oc-c9">
         <name>.debug_info</name>
         <load_address>0x5b31</load_address>
         <run_address>0x5b31</run_address>
         <size>0x1042</size>
         <input_file_ref idref="fl-7"/>
      </object_component>
      <object_component id="oc-13b">
         <name>.debug_info</name>
         <load_address>0x6b73</load_address>
         <run_address>0x6b73</run_address>
         <size>0x44f</size>
         <input_file_ref idref="fl-a"/>
      </object_component>
      <object_component id="oc-2f">
         <name>.debug_info</name>
         <load_address>0x6fc2</load_address>
         <run_address>0x6fc2</run_address>
         <size>0x2a9</size>
         <input_file_ref idref="fl-c"/>
      </object_component>
      <object_component id="oc-13">
         <name>.debug_info</name>
         <load_address>0x726b</load_address>
         <run_address>0x726b</run_address>
         <size>0xe8</size>
         <input_file_ref idref="fl-c"/>
      </object_component>
      <object_component id="oc-28">
         <name>.debug_info</name>
         <load_address>0x7353</load_address>
         <run_address>0x7353</run_address>
         <size>0x264</size>
         <input_file_ref idref="fl-c"/>
      </object_component>
      <object_component id="oc-152">
         <name>.debug_info</name>
         <load_address>0x75b7</load_address>
         <run_address>0x75b7</run_address>
         <size>0x25e</size>
         <input_file_ref idref="fl-d"/>
      </object_component>
      <object_component id="oc-d6">
         <name>.debug_info</name>
         <load_address>0x7815</load_address>
         <run_address>0x7815</run_address>
         <size>0x346</size>
         <input_file_ref idref="fl-d"/>
      </object_component>
      <object_component id="oc-e1">
         <name>.debug_info</name>
         <load_address>0x7b5b</load_address>
         <run_address>0x7b5b</run_address>
         <size>0x11f</size>
         <input_file_ref idref="fl-e"/>
      </object_component>
      <object_component id="oc-166">
         <name>.debug_info</name>
         <load_address>0x7c7a</load_address>
         <run_address>0x7c7a</run_address>
         <size>0x333</size>
         <input_file_ref idref="fl-c8"/>
      </object_component>
      <object_component id="oc-dc">
         <name>.debug_info</name>
         <load_address>0x7fad</load_address>
         <run_address>0x7fad</run_address>
         <size>0x1d1</size>
         <input_file_ref idref="fl-c8"/>
      </object_component>
      <object_component id="oc-15d">
         <name>.debug_info</name>
         <load_address>0x817e</load_address>
         <run_address>0x817e</run_address>
         <size>0x18d</size>
         <input_file_ref idref="fl-c8"/>
      </object_component>
      <object_component id="oc-162">
         <name>.debug_info</name>
         <load_address>0x830b</load_address>
         <run_address>0x830b</run_address>
         <size>0x16d</size>
         <input_file_ref idref="fl-c8"/>
      </object_component>
      <object_component id="oc-28b">
         <name>.debug_info</name>
         <load_address>0x8478</load_address>
         <run_address>0x8478</run_address>
         <size>0x2c</size>
         <input_file_ref idref="fl-c8"/>
      </object_component>
      <object_component id="oc-3e">
         <name>.debug_info</name>
         <load_address>0x84a4</load_address>
         <run_address>0x84a4</run_address>
         <size>0x119</size>
         <input_file_ref idref="fl-c9"/>
      </object_component>
      <object_component id="oc-92">
         <name>.debug_info</name>
         <load_address>0x85bd</load_address>
         <run_address>0x85bd</run_address>
         <size>0x147</size>
         <input_file_ref idref="fl-ca"/>
      </object_component>
      <object_component id="oc-bf">
         <name>.debug_info</name>
         <load_address>0x8704</load_address>
         <run_address>0x8704</run_address>
         <size>0x2c</size>
         <input_file_ref idref="fl-cb"/>
      </object_component>
      <object_component id="oc-46">
         <name>.debug_info</name>
         <load_address>0x8730</load_address>
         <run_address>0x8730</run_address>
         <size>0x2a8</size>
         <input_file_ref idref="fl-cc"/>
      </object_component>
      <object_component id="oc-1f">
         <name>.debug_info</name>
         <load_address>0x89d8</load_address>
         <run_address>0x89d8</run_address>
         <size>0x1ea</size>
         <input_file_ref idref="fl-cc"/>
      </object_component>
      <object_component id="oc-41">
         <name>.debug_info</name>
         <load_address>0x8bc2</load_address>
         <run_address>0x8bc2</run_address>
         <size>0x46</size>
         <input_file_ref idref="fl-cc"/>
      </object_component>
      <object_component id="oc-81">
         <name>.debug_info</name>
         <load_address>0x8c08</load_address>
         <run_address>0x8c08</run_address>
         <size>0x2c</size>
         <input_file_ref idref="fl-cc"/>
      </object_component>
      <object_component id="oc-7f">
         <name>.debug_info</name>
         <load_address>0x8c34</load_address>
         <run_address>0x8c34</run_address>
         <size>0x29e</size>
         <input_file_ref idref="fl-cd"/>
      </object_component>
      <object_component id="oc-19">
         <name>.debug_info</name>
         <load_address>0x8ed2</load_address>
         <run_address>0x8ed2</run_address>
         <size>0x250</size>
         <input_file_ref idref="fl-cd"/>
      </object_component>
      <object_component id="oc-31">
         <name>.debug_info</name>
         <load_address>0x9122</load_address>
         <run_address>0x9122</run_address>
         <size>0x60</size>
         <input_file_ref idref="fl-cd"/>
      </object_component>
      <object_component id="oc-b8">
         <name>.debug_info</name>
         <load_address>0x9182</load_address>
         <run_address>0x9182</run_address>
         <size>0x46</size>
         <input_file_ref idref="fl-cd"/>
      </object_component>
      <object_component id="oc-7a">
         <name>.debug_info</name>
         <load_address>0x91c8</load_address>
         <run_address>0x91c8</run_address>
         <size>0x39</size>
         <input_file_ref idref="fl-cd"/>
      </object_component>
      <object_component id="oc-16e">
         <name>.debug_info</name>
         <load_address>0x9201</load_address>
         <run_address>0x9201</run_address>
         <size>0x28a</size>
         <input_file_ref idref="fl-ce"/>
      </object_component>
      <object_component id="oc-ea">
         <name>.debug_info</name>
         <load_address>0x948b</load_address>
         <run_address>0x948b</run_address>
         <size>0x273</size>
         <input_file_ref idref="fl-ce"/>
      </object_component>
      <object_component id="oc-25">
         <name>.debug_info</name>
         <load_address>0x96fe</load_address>
         <run_address>0x96fe</run_address>
         <size>0x10b</size>
         <input_file_ref idref="fl-cf"/>
      </object_component>
      <object_component id="oc-5a">
         <name>.debug_info</name>
         <load_address>0x9809</load_address>
         <run_address>0x9809</run_address>
         <size>0x1a9</size>
         <input_file_ref idref="fl-cf"/>
      </object_component>
      <object_component id="oc-1e9">
         <name>.debug_info</name>
         <load_address>0x99b2</load_address>
         <run_address>0x99b2</run_address>
         <size>0x590</size>
         <input_file_ref idref="fl-d0"/>
      </object_component>
      <object_component id="oc-1b5">
         <name>.debug_info</name>
         <load_address>0x9f42</load_address>
         <run_address>0x9f42</run_address>
         <size>0x21e</size>
         <input_file_ref idref="fl-d0"/>
      </object_component>
      <object_component id="oc-24f">
         <name>.debug_info</name>
         <load_address>0xa160</load_address>
         <run_address>0xa160</run_address>
         <size>0x1b3</size>
         <input_file_ref idref="fl-d0"/>
      </object_component>
      <object_component id="oc-254">
         <name>.debug_info</name>
         <load_address>0xa313</load_address>
         <run_address>0xa313</run_address>
         <size>0x21b</size>
         <input_file_ref idref="fl-d0"/>
      </object_component>
      <object_component id="oc-1bf">
         <name>.debug_info</name>
         <load_address>0xa52e</load_address>
         <run_address>0xa52e</run_address>
         <size>0x3c0</size>
         <input_file_ref idref="fl-d0"/>
      </object_component>
      <object_component id="oc-25b">
         <name>.debug_info</name>
         <load_address>0xa8ee</load_address>
         <run_address>0xa8ee</run_address>
         <size>0x30a</size>
         <input_file_ref idref="fl-d0"/>
      </object_component>
      <object_component id="oc-261">
         <name>.debug_info</name>
         <load_address>0xabf8</load_address>
         <run_address>0xabf8</run_address>
         <size>0x215</size>
         <input_file_ref idref="fl-d0"/>
      </object_component>
      <object_component id="oc-1c6">
         <name>.debug_info</name>
         <load_address>0xae0d</load_address>
         <run_address>0xae0d</run_address>
         <size>0x215</size>
         <input_file_ref idref="fl-d0"/>
      </object_component>
      <object_component id="oc-1cc">
         <name>.debug_info</name>
         <load_address>0xb022</load_address>
         <run_address>0xb022</run_address>
         <size>0x304</size>
         <input_file_ref idref="fl-d0"/>
      </object_component>
      <object_component id="oc-1d1">
         <name>.debug_info</name>
         <load_address>0xb326</load_address>
         <run_address>0xb326</run_address>
         <size>0x4b5</size>
         <input_file_ref idref="fl-d0"/>
      </object_component>
      <object_component id="oc-154">
         <name>.debug_info</name>
         <load_address>0xb7db</load_address>
         <run_address>0xb7db</run_address>
         <size>0x5f4</size>
         <input_file_ref idref="fl-d0"/>
      </object_component>
      <object_component id="oc-1ea">
         <name>.debug_info</name>
         <load_address>0xbdcf</load_address>
         <run_address>0xbdcf</run_address>
         <size>0x86</size>
         <input_file_ref idref="fl-d0"/>
      </object_component>
      <object_component id="oc-290">
         <name>.debug_info</name>
         <load_address>0xbe55</load_address>
         <run_address>0xbe55</run_address>
         <size>0x39</size>
         <input_file_ref idref="fl-d0"/>
      </object_component>
      <object_component id="oc-2e0">
         <name>.debug_info</name>
         <load_address>0xbe8e</load_address>
         <run_address>0xbe8e</run_address>
         <size>0xb6</size>
         <input_file_ref idref="fl-d0"/>
      </object_component>
      <object_component id="oc-295">
         <name>.debug_info</name>
         <load_address>0xbf44</load_address>
         <run_address>0xbf44</run_address>
         <size>0x46</size>
         <input_file_ref idref="fl-d0"/>
      </object_component>
      <object_component id="oc-1ef">
         <name>.debug_info</name>
         <load_address>0xbf8a</load_address>
         <run_address>0xbf8a</run_address>
         <size>0x46</size>
         <input_file_ref idref="fl-d0"/>
      </object_component>
      <object_component id="oc-2c3">
         <name>.debug_info</name>
         <load_address>0xbfd0</load_address>
         <run_address>0xbfd0</run_address>
         <size>0x295</size>
         <input_file_ref idref="fl-d1"/>
      </object_component>
      <object_component id="oc-26b">
         <name>.debug_info</name>
         <load_address>0xc265</load_address>
         <run_address>0xc265</run_address>
         <size>0x195</size>
         <input_file_ref idref="fl-d1"/>
      </object_component>
      <object_component id="oc-2ec">
         <name>.debug_info</name>
         <load_address>0xc3fa</load_address>
         <run_address>0xc3fa</run_address>
         <size>0x39</size>
         <input_file_ref idref="fl-d1"/>
      </object_component>
      <object_component id="oc-2c4">
         <name>.debug_info</name>
         <load_address>0xc433</load_address>
         <run_address>0xc433</run_address>
         <size>0x2c</size>
         <input_file_ref idref="fl-d1"/>
      </object_component>
      <object_component id="oc-2d0">
         <name>.debug_info</name>
         <load_address>0xc45f</load_address>
         <run_address>0xc45f</run_address>
         <size>0x2f8</size>
         <input_file_ref idref="fl-d2"/>
      </object_component>
      <object_component id="oc-271">
         <name>.debug_info</name>
         <load_address>0xc757</load_address>
         <run_address>0xc757</run_address>
         <size>0x225</size>
         <input_file_ref idref="fl-d2"/>
      </object_component>
      <object_component id="oc-283">
         <name>.debug_info</name>
         <load_address>0xc97c</load_address>
         <run_address>0xc97c</run_address>
         <size>0x28f</size>
         <input_file_ref idref="fl-d3"/>
      </object_component>
      <object_component id="oc-1df">
         <name>.debug_info</name>
         <load_address>0xcc0b</load_address>
         <run_address>0xcc0b</run_address>
         <size>0x15a</size>
         <input_file_ref idref="fl-d3"/>
      </object_component>
      <object_component id="oc-2d5">
         <name>.debug_info</name>
         <load_address>0xcd65</load_address>
         <run_address>0xcd65</run_address>
         <size>0x46</size>
         <input_file_ref idref="fl-d3"/>
      </object_component>
      <object_component id="oc-27e">
         <name>.debug_info</name>
         <load_address>0xcdab</load_address>
         <run_address>0xcdab</run_address>
         <size>0x39</size>
         <input_file_ref idref="fl-d3"/>
      </object_component>
      <object_component id="oc-249">
         <name>.debug_info</name>
         <load_address>0xcde4</load_address>
         <run_address>0xcde4</run_address>
         <size>0x14c</size>
         <input_file_ref idref="fl-d4"/>
      </object_component>
      <object_component id="oc-1bc">
         <name>.debug_info</name>
         <load_address>0xcf30</load_address>
         <run_address>0xcf30</run_address>
         <size>0x128</size>
         <input_file_ref idref="fl-d5"/>
      </object_component>
      <object_component id="oc-234">
         <name>.debug_info</name>
         <load_address>0xd058</load_address>
         <run_address>0xd058</run_address>
         <size>0x12a</size>
         <input_file_ref idref="fl-d5"/>
      </object_component>
      <object_component id="oc-22f">
         <name>.debug_info</name>
         <load_address>0xd182</load_address>
         <run_address>0xd182</run_address>
         <size>0x13a</size>
         <input_file_ref idref="fl-d6"/>
      </object_component>
      <object_component id="oc-22a">
         <name>.debug_info</name>
         <load_address>0xd2bc</load_address>
         <run_address>0xd2bc</run_address>
         <size>0x13a</size>
         <input_file_ref idref="fl-d7"/>
      </object_component>
      <object_component id="oc-23a">
         <name>.debug_info</name>
         <load_address>0xd3f6</load_address>
         <run_address>0xd3f6</run_address>
         <size>0x12e</size>
         <input_file_ref idref="fl-d8"/>
      </object_component>
      <object_component id="oc-246">
         <name>.debug_info</name>
         <load_address>0xd524</load_address>
         <run_address>0xd524</run_address>
         <size>0x12c</size>
         <input_file_ref idref="fl-d9"/>
      </object_component>
      <object_component id="oc-224">
         <name>.debug_info</name>
         <load_address>0xd650</load_address>
         <run_address>0xd650</run_address>
         <size>0x134</size>
         <input_file_ref idref="fl-da"/>
      </object_component>
      <object_component id="oc-181">
         <name>.debug_info</name>
         <load_address>0xd784</load_address>
         <run_address>0xd784</run_address>
         <size>0x4b3</size>
         <input_file_ref idref="fl-db"/>
      </object_component>
      <object_component id="oc-fd">
         <name>.debug_info</name>
         <load_address>0xdc37</load_address>
         <run_address>0xdc37</run_address>
         <size>0x1a6</size>
         <input_file_ref idref="fl-db"/>
      </object_component>
      <object_component id="oc-20a">
         <name>.debug_info</name>
         <load_address>0xdddd</load_address>
         <run_address>0xdddd</run_address>
         <size>0x39</size>
         <input_file_ref idref="fl-db"/>
      </object_component>
      <object_component id="oc-29d">
         <name>.debug_info</name>
         <load_address>0xde16</load_address>
         <run_address>0xde16</run_address>
         <size>0x39</size>
         <input_file_ref idref="fl-db"/>
      </object_component>
      <object_component id="oc-20f">
         <name>.debug_info</name>
         <load_address>0xde4f</load_address>
         <run_address>0xde4f</run_address>
         <size>0x39</size>
         <input_file_ref idref="fl-db"/>
      </object_component>
      <object_component id="oc-214">
         <name>.debug_info</name>
         <load_address>0xde88</load_address>
         <run_address>0xde88</run_address>
         <size>0xcd</size>
         <input_file_ref idref="fl-db"/>
      </object_component>
      <object_component id="oc-97">
         <name>.debug_info</name>
         <load_address>0xdf55</load_address>
         <run_address>0xdf55</run_address>
         <size>0x153</size>
         <input_file_ref idref="fl-dc"/>
      </object_component>
      <object_component id="oc-ef">
         <name>.debug_info</name>
         <load_address>0xe0a8</load_address>
         <run_address>0xe0a8</run_address>
         <size>0x122</size>
         <input_file_ref idref="fl-de"/>
      </object_component>
      <object_component id="oc-2bb">
         <name>.debug_info</name>
         <load_address>0xe1ca</load_address>
         <run_address>0xe1ca</run_address>
         <size>0x29c</size>
         <input_file_ref idref="fl-e0"/>
      </object_component>
      <object_component id="oc-23f">
         <name>.debug_info</name>
         <load_address>0xe466</load_address>
         <run_address>0xe466</run_address>
         <size>0x1da</size>
         <input_file_ref idref="fl-e0"/>
      </object_component>
      <object_component id="oc-221">
         <name>.debug_info</name>
         <load_address>0xe640</load_address>
         <run_address>0xe640</run_address>
         <size>0x2b9</size>
         <input_file_ref idref="fl-e2"/>
      </object_component>
      <object_component id="oc-1af">
         <name>.debug_info</name>
         <load_address>0xe8f9</load_address>
         <run_address>0xe8f9</run_address>
         <size>0x17c</size>
         <input_file_ref idref="fl-e2"/>
      </object_component>
      <object_component id="oc-2ad">
         <name>.debug_info</name>
         <load_address>0xea75</load_address>
         <run_address>0xea75</run_address>
         <size>0xf9</size>
         <input_file_ref idref="fl-e3"/>
      </object_component>
      <object_component id="oc-21e">
         <name>.debug_info</name>
         <load_address>0xeb6e</load_address>
         <run_address>0xeb6e</run_address>
         <size>0x105</size>
         <input_file_ref idref="fl-e3"/>
      </object_component>
      <object_component id="oc-27c">
         <name>.debug_info</name>
         <load_address>0xec73</load_address>
         <run_address>0xec73</run_address>
         <size>0x2a7</size>
         <input_file_ref idref="fl-e4"/>
      </object_component>
      <object_component id="oc-1d8">
         <name>.debug_info</name>
         <load_address>0xef1a</load_address>
         <run_address>0xef1a</run_address>
         <size>0x1b8</size>
         <input_file_ref idref="fl-e4"/>
      </object_component>
      <object_component id="oc-2d2">
         <name>.debug_info</name>
         <load_address>0xf0d2</load_address>
         <run_address>0xf0d2</run_address>
         <size>0x29a</size>
         <input_file_ref idref="fl-e5"/>
      </object_component>
      <object_component id="oc-278">
         <name>.debug_info</name>
         <load_address>0xf36c</load_address>
         <run_address>0xf36c</run_address>
         <size>0x262</size>
         <input_file_ref idref="fl-e5"/>
      </object_component>
      <object_component id="oc-21c">
         <name>.debug_info</name>
         <load_address>0xf5ce</load_address>
         <run_address>0xf5ce</run_address>
         <size>0x28f</size>
         <input_file_ref idref="fl-e6"/>
      </object_component>
      <object_component id="oc-1ab">
         <name>.debug_info</name>
         <load_address>0xf85d</load_address>
         <run_address>0xf85d</run_address>
         <size>0x245</size>
         <input_file_ref idref="fl-e6"/>
      </object_component>
      <object_component id="oc-288">
         <name>.debug_info</name>
         <load_address>0xfaa2</load_address>
         <run_address>0xfaa2</run_address>
         <size>0x289</size>
         <input_file_ref idref="fl-e7"/>
      </object_component>
      <object_component id="oc-285">
         <name>.debug_info</name>
         <load_address>0xfd2b</load_address>
         <run_address>0xfd2b</run_address>
         <size>0x10e</size>
         <input_file_ref idref="fl-e7"/>
      </object_component>
      <object_component id="oc-1e6">
         <name>.debug_info</name>
         <load_address>0xfe39</load_address>
         <run_address>0xfe39</run_address>
         <size>0x14e</size>
         <input_file_ref idref="fl-e7"/>
      </object_component>
      <object_component id="oc-2ca">
         <name>.debug_info</name>
         <load_address>0xff87</load_address>
         <run_address>0xff87</run_address>
         <size>0x161</size>
         <input_file_ref idref="fl-e8"/>
      </object_component>
      <object_component id="oc-2b2">
         <name>.debug_info</name>
         <load_address>0x100e8</load_address>
         <run_address>0x100e8</run_address>
         <size>0x115</size>
         <input_file_ref idref="fl-e9"/>
      </object_component>
      <object_component id="oc-324">
         <name>.debug_info</name>
         <load_address>0x101fd</load_address>
         <run_address>0x101fd</run_address>
         <size>0x9b</size>
      </object_component>
      <object_component id="oc-12d">
         <name>.debug_line</name>
         <load_address>0x0</load_address>
         <run_address>0x0</run_address>
         <size>0x2d</size>
         <input_file_ref idref="fl-2"/>
      </object_component>
      <object_component id="oc-73">
         <name>.debug_line</name>
         <load_address>0x2d</load_address>
         <run_address>0x2d</run_address>
         <size>0x6f</size>
         <input_file_ref idref="fl-2"/>
      </object_component>
      <object_component id="oc-b5">
         <name>.debug_line</name>
         <load_address>0x9c</load_address>
         <run_address>0x9c</run_address>
         <size>0x20</size>
         <input_file_ref idref="fl-2"/>
      </object_component>
      <object_component id="oc-b0">
         <name>.debug_line</name>
         <load_address>0xbc</load_address>
         <run_address>0xbc</run_address>
         <size>0x73</size>
         <input_file_ref idref="fl-2"/>
      </object_component>
      <object_component id="oc-78">
         <name>.debug_line</name>
         <load_address>0x12f</load_address>
         <run_address>0x12f</run_address>
         <size>0x70</size>
         <input_file_ref idref="fl-2"/>
      </object_component>
      <object_component id="oc-16a">
         <name>.debug_line</name>
         <load_address>0x19f</load_address>
         <run_address>0x19f</run_address>
         <size>0x6b</size>
         <input_file_ref idref="fl-2"/>
      </object_component>
      <object_component id="oc-131">
         <name>.debug_line</name>
         <load_address>0x20a</load_address>
         <run_address>0x20a</run_address>
         <size>0x2d</size>
         <input_file_ref idref="fl-2"/>
      </object_component>
      <object_component id="oc-39">
         <name>.debug_line</name>
         <load_address>0x237</load_address>
         <run_address>0x237</run_address>
         <size>0x20</size>
         <input_file_ref idref="fl-3"/>
      </object_component>
      <object_component id="oc-1a4">
         <name>.debug_line</name>
         <load_address>0x257</load_address>
         <run_address>0x257</run_address>
         <size>0x47</size>
         <input_file_ref idref="fl-5"/>
      </object_component>
      <object_component id="oc-19a">
         <name>.debug_line</name>
         <load_address>0x29e</load_address>
         <run_address>0x29e</run_address>
         <size>0x2d</size>
         <input_file_ref idref="fl-5"/>
      </object_component>
      <object_component id="oc-19e">
         <name>.debug_line</name>
         <load_address>0x2cb</load_address>
         <run_address>0x2cb</run_address>
         <size>0x2d</size>
         <input_file_ref idref="fl-5"/>
      </object_component>
      <object_component id="oc-19c">
         <name>.debug_line</name>
         <load_address>0x2f8</load_address>
         <run_address>0x2f8</run_address>
         <size>0x2d</size>
         <input_file_ref idref="fl-5"/>
      </object_component>
      <object_component id="oc-1a0">
         <name>.debug_line</name>
         <load_address>0x325</load_address>
         <run_address>0x325</run_address>
         <size>0x2d</size>
         <input_file_ref idref="fl-5"/>
      </object_component>
      <object_component id="oc-1a2">
         <name>.debug_line</name>
         <load_address>0x352</load_address>
         <run_address>0x352</run_address>
         <size>0x2d</size>
         <input_file_ref idref="fl-5"/>
      </object_component>
      <object_component id="oc-cf">
         <name>.debug_line</name>
         <load_address>0x37f</load_address>
         <run_address>0x37f</run_address>
         <size>0x84b</size>
         <input_file_ref idref="fl-5"/>
      </object_component>
      <object_component id="oc-137">
         <name>.debug_line</name>
         <load_address>0xbca</load_address>
         <run_address>0xbca</run_address>
         <size>0x2d</size>
         <input_file_ref idref="fl-5"/>
      </object_component>
      <object_component id="oc-170">
         <name>.debug_line</name>
         <load_address>0xbf7</load_address>
         <run_address>0xbf7</run_address>
         <size>0xea</size>
         <input_file_ref idref="fl-6"/>
      </object_component>
      <object_component id="oc-a0">
         <name>.debug_line</name>
         <load_address>0xce1</load_address>
         <run_address>0xce1</run_address>
         <size>0x14a</size>
         <input_file_ref idref="fl-6"/>
      </object_component>
      <object_component id="oc-174">
         <name>.debug_line</name>
         <load_address>0xe2b</load_address>
         <run_address>0xe2b</run_address>
         <size>0x74</size>
         <input_file_ref idref="fl-6"/>
      </object_component>
      <object_component id="oc-197">
         <name>.debug_line</name>
         <load_address>0xe9f</load_address>
         <run_address>0xe9f</run_address>
         <size>0x20</size>
         <input_file_ref idref="fl-7"/>
      </object_component>
      <object_component id="oc-cc">
         <name>.debug_line</name>
         <load_address>0xebf</load_address>
         <run_address>0xebf</run_address>
         <size>0x3b8</size>
         <input_file_ref idref="fl-7"/>
      </object_component>
      <object_component id="oc-13e">
         <name>.debug_line</name>
         <load_address>0x1277</load_address>
         <run_address>0x1277</run_address>
         <size>0xdd</size>
         <input_file_ref idref="fl-a"/>
      </object_component>
      <object_component id="oc-6f">
         <name>.debug_line</name>
         <load_address>0x1354</load_address>
         <run_address>0x1354</run_address>
         <size>0x41</size>
         <input_file_ref idref="fl-c"/>
      </object_component>
      <object_component id="oc-2e">
         <name>.debug_line</name>
         <load_address>0x1395</load_address>
         <run_address>0x1395</run_address>
         <size>0x41</size>
         <input_file_ref idref="fl-c"/>
      </object_component>
      <object_component id="oc-2b">
         <name>.debug_line</name>
         <load_address>0x13d6</load_address>
         <run_address>0x13d6</run_address>
         <size>0xa1</size>
         <input_file_ref idref="fl-c"/>
      </object_component>
      <object_component id="oc-1a6">
         <name>.debug_line</name>
         <load_address>0x1477</load_address>
         <run_address>0x1477</run_address>
         <size>0x20</size>
         <input_file_ref idref="fl-d"/>
      </object_component>
      <object_component id="oc-d5">
         <name>.debug_line</name>
         <load_address>0x1497</load_address>
         <run_address>0x1497</run_address>
         <size>0xef</size>
         <input_file_ref idref="fl-d"/>
      </object_component>
      <object_component id="oc-e4">
         <name>.debug_line</name>
         <load_address>0x1586</load_address>
         <run_address>0x1586</run_address>
         <size>0x52</size>
         <input_file_ref idref="fl-e"/>
      </object_component>
      <object_component id="oc-1f7">
         <name>.debug_line</name>
         <load_address>0x15d8</load_address>
         <run_address>0x15d8</run_address>
         <size>0x2d</size>
         <input_file_ref idref="fl-c8"/>
      </object_component>
      <object_component id="oc-de">
         <name>.debug_line</name>
         <load_address>0x1605</load_address>
         <run_address>0x1605</run_address>
         <size>0x4b</size>
         <input_file_ref idref="fl-c8"/>
      </object_component>
      <object_component id="oc-15c">
         <name>.debug_line</name>
         <load_address>0x1650</load_address>
         <run_address>0x1650</run_address>
         <size>0x4b</size>
         <input_file_ref idref="fl-c8"/>
      </object_component>
      <object_component id="oc-164">
         <name>.debug_line</name>
         <load_address>0x169b</load_address>
         <run_address>0x169b</run_address>
         <size>0x3f</size>
         <input_file_ref idref="fl-c8"/>
      </object_component>
      <object_component id="oc-28e">
         <name>.debug_line</name>
         <load_address>0x16da</load_address>
         <run_address>0x16da</run_address>
         <size>0x91</size>
         <input_file_ref idref="fl-c8"/>
      </object_component>
      <object_component id="oc-3d">
         <name>.debug_line</name>
         <load_address>0x176b</load_address>
         <run_address>0x176b</run_address>
         <size>0x88</size>
         <input_file_ref idref="fl-c9"/>
      </object_component>
      <object_component id="oc-91">
         <name>.debug_line</name>
         <load_address>0x17f3</load_address>
         <run_address>0x17f3</run_address>
         <size>0x79</size>
         <input_file_ref idref="fl-ca"/>
      </object_component>
      <object_component id="oc-c2">
         <name>.debug_line</name>
         <load_address>0x186c</load_address>
         <run_address>0x186c</run_address>
         <size>0x92</size>
         <input_file_ref idref="fl-cb"/>
      </object_component>
      <object_component id="oc-87">
         <name>.debug_line</name>
         <load_address>0x18fe</load_address>
         <run_address>0x18fe</run_address>
         <size>0x20</size>
         <input_file_ref idref="fl-cc"/>
      </object_component>
      <object_component id="oc-1e">
         <name>.debug_line</name>
         <load_address>0x191e</load_address>
         <run_address>0x191e</run_address>
         <size>0x55</size>
         <input_file_ref idref="fl-cc"/>
      </object_component>
      <object_component id="oc-44">
         <name>.debug_line</name>
         <load_address>0x1973</load_address>
         <run_address>0x1973</run_address>
         <size>0x3a</size>
         <input_file_ref idref="fl-cc"/>
      </object_component>
      <object_component id="oc-84">
         <name>.debug_line</name>
         <load_address>0x19ad</load_address>
         <run_address>0x19ad</run_address>
         <size>0x92</size>
         <input_file_ref idref="fl-cc"/>
      </object_component>
      <object_component id="oc-be">
         <name>.debug_line</name>
         <load_address>0x1a3f</load_address>
         <run_address>0x1a3f</run_address>
         <size>0x20</size>
         <input_file_ref idref="fl-cd"/>
      </object_component>
      <object_component id="oc-17">
         <name>.debug_line</name>
         <load_address>0x1a5f</load_address>
         <run_address>0x1a5f</run_address>
         <size>0xa9</size>
         <input_file_ref idref="fl-cd"/>
      </object_component>
      <object_component id="oc-34">
         <name>.debug_line</name>
         <load_address>0x1b08</load_address>
         <run_address>0x1b08</run_address>
         <size>0x3a</size>
         <input_file_ref idref="fl-cd"/>
      </object_component>
      <object_component id="oc-bb">
         <name>.debug_line</name>
         <load_address>0x1b42</load_address>
         <run_address>0x1b42</run_address>
         <size>0x9a</size>
         <input_file_ref idref="fl-cd"/>
      </object_component>
      <object_component id="oc-7d">
         <name>.debug_line</name>
         <load_address>0x1bdc</load_address>
         <run_address>0x1bdc</run_address>
         <size>0x96</size>
         <input_file_ref idref="fl-cd"/>
      </object_component>
      <object_component id="oc-1f9">
         <name>.debug_line</name>
         <load_address>0x1c72</load_address>
         <run_address>0x1c72</run_address>
         <size>0x20</size>
         <input_file_ref idref="fl-ce"/>
      </object_component>
      <object_component id="oc-e9">
         <name>.debug_line</name>
         <load_address>0x1c92</load_address>
         <run_address>0x1c92</run_address>
         <size>0xad</size>
         <input_file_ref idref="fl-ce"/>
      </object_component>
      <object_component id="oc-6c">
         <name>.debug_line</name>
         <load_address>0x1d3f</load_address>
         <run_address>0x1d3f</run_address>
         <size>0x33</size>
         <input_file_ref idref="fl-cf"/>
      </object_component>
      <object_component id="oc-5d">
         <name>.debug_line</name>
         <load_address>0x1d72</load_address>
         <run_address>0x1d72</run_address>
         <size>0x45</size>
         <input_file_ref idref="fl-cf"/>
      </object_component>
      <object_component id="oc-28a">
         <name>.debug_line</name>
         <load_address>0x1db7</load_address>
         <run_address>0x1db7</run_address>
         <size>0x264</size>
         <input_file_ref idref="fl-d0"/>
      </object_component>
      <object_component id="oc-1b4">
         <name>.debug_line</name>
         <load_address>0x201b</load_address>
         <run_address>0x201b</run_address>
         <size>0x7a</size>
         <input_file_ref idref="fl-d0"/>
      </object_component>
      <object_component id="oc-24e">
         <name>.debug_line</name>
         <load_address>0x2095</load_address>
         <run_address>0x2095</run_address>
         <size>0x51</size>
         <input_file_ref idref="fl-d0"/>
      </object_component>
      <object_component id="oc-257">
         <name>.debug_line</name>
         <load_address>0x20e6</load_address>
         <run_address>0x20e6</run_address>
         <size>0x88</size>
         <input_file_ref idref="fl-d0"/>
      </object_component>
      <object_component id="oc-1c2">
         <name>.debug_line</name>
         <load_address>0x216e</load_address>
         <run_address>0x216e</run_address>
         <size>0x14d</size>
         <input_file_ref idref="fl-d0"/>
      </object_component>
      <object_component id="oc-25e">
         <name>.debug_line</name>
         <load_address>0x22bb</load_address>
         <run_address>0x22bb</run_address>
         <size>0xee</size>
         <input_file_ref idref="fl-d0"/>
      </object_component>
      <object_component id="oc-264">
         <name>.debug_line</name>
         <load_address>0x23a9</load_address>
         <run_address>0x23a9</run_address>
         <size>0x5d</size>
         <input_file_ref idref="fl-d0"/>
      </object_component>
      <object_component id="oc-1c5">
         <name>.debug_line</name>
         <load_address>0x2406</load_address>
         <run_address>0x2406</run_address>
         <size>0x5c</size>
         <input_file_ref idref="fl-d0"/>
      </object_component>
      <object_component id="oc-1cb">
         <name>.debug_line</name>
         <load_address>0x2462</load_address>
         <run_address>0x2462</run_address>
         <size>0xae</size>
         <input_file_ref idref="fl-d0"/>
      </object_component>
      <object_component id="oc-1d4">
         <name>.debug_line</name>
         <load_address>0x2510</load_address>
         <run_address>0x2510</run_address>
         <size>0x1b0</size>
         <input_file_ref idref="fl-d0"/>
      </object_component>
      <object_component id="oc-157">
         <name>.debug_line</name>
         <load_address>0x26c0</load_address>
         <run_address>0x26c0</run_address>
         <size>0x76f</size>
         <input_file_ref idref="fl-d0"/>
      </object_component>
      <object_component id="oc-1ed">
         <name>.debug_line</name>
         <load_address>0x2e2f</load_address>
         <run_address>0x2e2f</run_address>
         <size>0x92</size>
         <input_file_ref idref="fl-d0"/>
      </object_component>
      <object_component id="oc-293">
         <name>.debug_line</name>
         <load_address>0x2ec1</load_address>
         <run_address>0x2ec1</run_address>
         <size>0x92</size>
         <input_file_ref idref="fl-d0"/>
      </object_component>
      <object_component id="oc-2e3">
         <name>.debug_line</name>
         <load_address>0x2f53</load_address>
         <run_address>0x2f53</run_address>
         <size>0x9a</size>
         <input_file_ref idref="fl-d0"/>
      </object_component>
      <object_component id="oc-298">
         <name>.debug_line</name>
         <load_address>0x2fed</load_address>
         <run_address>0x2fed</run_address>
         <size>0x97</size>
         <input_file_ref idref="fl-d0"/>
      </object_component>
      <object_component id="oc-1f2">
         <name>.debug_line</name>
         <load_address>0x3084</load_address>
         <run_address>0x3084</run_address>
         <size>0x2e</size>
         <input_file_ref idref="fl-d0"/>
      </object_component>
      <object_component id="oc-2eb">
         <name>.debug_line</name>
         <load_address>0x30b2</load_address>
         <run_address>0x30b2</run_address>
         <size>0x20</size>
         <input_file_ref idref="fl-d1"/>
      </object_component>
      <object_component id="oc-26a">
         <name>.debug_line</name>
         <load_address>0x30d2</load_address>
         <run_address>0x30d2</run_address>
         <size>0x5e</size>
         <input_file_ref idref="fl-d1"/>
      </object_component>
      <object_component id="oc-2ef">
         <name>.debug_line</name>
         <load_address>0x3130</load_address>
         <run_address>0x3130</run_address>
         <size>0x9a</size>
         <input_file_ref idref="fl-d1"/>
      </object_component>
      <object_component id="oc-2c7">
         <name>.debug_line</name>
         <load_address>0x31ca</load_address>
         <run_address>0x31ca</run_address>
         <size>0x97</size>
         <input_file_ref idref="fl-d1"/>
      </object_component>
      <object_component id="oc-2f3">
         <name>.debug_line</name>
         <load_address>0x3261</load_address>
         <run_address>0x3261</run_address>
         <size>0x9b</size>
         <input_file_ref idref="fl-d2"/>
      </object_component>
      <object_component id="oc-270">
         <name>.debug_line</name>
         <load_address>0x32fc</load_address>
         <run_address>0x32fc</run_address>
         <size>0xa4</size>
         <input_file_ref idref="fl-d2"/>
      </object_component>
      <object_component id="oc-2db">
         <name>.debug_line</name>
         <load_address>0x33a0</load_address>
         <run_address>0x33a0</run_address>
         <size>0x20</size>
         <input_file_ref idref="fl-d3"/>
      </object_component>
      <object_component id="oc-1dd">
         <name>.debug_line</name>
         <load_address>0x33c0</load_address>
         <run_address>0x33c0</run_address>
         <size>0x46</size>
         <input_file_ref idref="fl-d3"/>
      </object_component>
      <object_component id="oc-2d8">
         <name>.debug_line</name>
         <load_address>0x3406</load_address>
         <run_address>0x3406</run_address>
         <size>0x9a</size>
         <input_file_ref idref="fl-d3"/>
      </object_component>
      <object_component id="oc-281">
         <name>.debug_line</name>
         <load_address>0x34a0</load_address>
         <run_address>0x34a0</run_address>
         <size>0x91</size>
         <input_file_ref idref="fl-d3"/>
      </object_component>
      <object_component id="oc-24c">
         <name>.debug_line</name>
         <load_address>0x3531</load_address>
         <run_address>0x3531</run_address>
         <size>0xd2</size>
         <input_file_ref idref="fl-d4"/>
      </object_component>
      <object_component id="oc-1bb">
         <name>.debug_line</name>
         <load_address>0x3603</load_address>
         <run_address>0x3603</run_address>
         <size>0x77</size>
         <input_file_ref idref="fl-d5"/>
      </object_component>
      <object_component id="oc-237">
         <name>.debug_line</name>
         <load_address>0x367a</load_address>
         <run_address>0x367a</run_address>
         <size>0x77</size>
         <input_file_ref idref="fl-d5"/>
      </object_component>
      <object_component id="oc-232">
         <name>.debug_line</name>
         <load_address>0x36f1</load_address>
         <run_address>0x36f1</run_address>
         <size>0xa8</size>
         <input_file_ref idref="fl-d6"/>
      </object_component>
      <object_component id="oc-22d">
         <name>.debug_line</name>
         <load_address>0x3799</load_address>
         <run_address>0x3799</run_address>
         <size>0x8e</size>
         <input_file_ref idref="fl-d7"/>
      </object_component>
      <object_component id="oc-23c">
         <name>.debug_line</name>
         <load_address>0x3827</load_address>
         <run_address>0x3827</run_address>
         <size>0x5a</size>
         <input_file_ref idref="fl-d8"/>
      </object_component>
      <object_component id="oc-245">
         <name>.debug_line</name>
         <load_address>0x3881</load_address>
         <run_address>0x3881</run_address>
         <size>0x50</size>
         <input_file_ref idref="fl-d9"/>
      </object_component>
      <object_component id="oc-223">
         <name>.debug_line</name>
         <load_address>0x38d1</load_address>
         <run_address>0x38d1</run_address>
         <size>0x81</size>
         <input_file_ref idref="fl-da"/>
      </object_component>
      <object_component id="oc-209">
         <name>.debug_line</name>
         <load_address>0x3952</load_address>
         <run_address>0x3952</run_address>
         <size>0xbf</size>
         <input_file_ref idref="fl-db"/>
      </object_component>
      <object_component id="oc-ff">
         <name>.debug_line</name>
         <load_address>0x3a11</load_address>
         <run_address>0x3a11</run_address>
         <size>0x6f</size>
         <input_file_ref idref="fl-db"/>
      </object_component>
      <object_component id="oc-20d">
         <name>.debug_line</name>
         <load_address>0x3a80</load_address>
         <run_address>0x3a80</run_address>
         <size>0x2e</size>
         <input_file_ref idref="fl-db"/>
      </object_component>
      <object_component id="oc-2a0">
         <name>.debug_line</name>
         <load_address>0x3aae</load_address>
         <run_address>0x3aae</run_address>
         <size>0x9a</size>
         <input_file_ref idref="fl-db"/>
      </object_component>
      <object_component id="oc-212">
         <name>.debug_line</name>
         <load_address>0x3b48</load_address>
         <run_address>0x3b48</run_address>
         <size>0x97</size>
         <input_file_ref idref="fl-db"/>
      </object_component>
      <object_component id="oc-217">
         <name>.debug_line</name>
         <load_address>0x3bdf</load_address>
         <run_address>0x3bdf</run_address>
         <size>0x93</size>
         <input_file_ref idref="fl-db"/>
      </object_component>
      <object_component id="oc-99">
         <name>.debug_line</name>
         <load_address>0x3c72</load_address>
         <run_address>0x3c72</run_address>
         <size>0x40</size>
         <input_file_ref idref="fl-dc"/>
      </object_component>
      <object_component id="oc-f2">
         <name>.debug_line</name>
         <load_address>0x3cb2</load_address>
         <run_address>0x3cb2</run_address>
         <size>0x3c</size>
         <input_file_ref idref="fl-de"/>
      </object_component>
      <object_component id="oc-2e9">
         <name>.debug_line</name>
         <load_address>0x3cee</load_address>
         <run_address>0x3cee</run_address>
         <size>0x20</size>
         <input_file_ref idref="fl-e0"/>
      </object_component>
      <object_component id="oc-242">
         <name>.debug_line</name>
         <load_address>0x3d0e</load_address>
         <run_address>0x3d0e</run_address>
         <size>0x67</size>
         <input_file_ref idref="fl-e0"/>
      </object_component>
      <object_component id="oc-2af">
         <name>.debug_line</name>
         <load_address>0x3d75</load_address>
         <run_address>0x3d75</run_address>
         <size>0x91</size>
         <input_file_ref idref="fl-e2"/>
      </object_component>
      <object_component id="oc-1ae">
         <name>.debug_line</name>
         <load_address>0x3e06</load_address>
         <run_address>0x3e06</run_address>
         <size>0x63</size>
         <input_file_ref idref="fl-e2"/>
      </object_component>
      <object_component id="oc-2e6">
         <name>.debug_line</name>
         <load_address>0x3e69</load_address>
         <run_address>0x3e69</run_address>
         <size>0x20</size>
         <input_file_ref idref="fl-e3"/>
      </object_component>
      <object_component id="oc-2ac">
         <name>.debug_line</name>
         <load_address>0x3e89</load_address>
         <run_address>0x3e89</run_address>
         <size>0x2b</size>
         <input_file_ref idref="fl-e3"/>
      </object_component>
      <object_component id="oc-2d4">
         <name>.debug_line</name>
         <load_address>0x3eb4</load_address>
         <run_address>0x3eb4</run_address>
         <size>0x20</size>
         <input_file_ref idref="fl-e4"/>
      </object_component>
      <object_component id="oc-1d7">
         <name>.debug_line</name>
         <load_address>0x3ed4</load_address>
         <run_address>0x3ed4</run_address>
         <size>0x48</size>
         <input_file_ref idref="fl-e4"/>
      </object_component>
      <object_component id="oc-2f5">
         <name>.debug_line</name>
         <load_address>0x3f1c</load_address>
         <run_address>0x3f1c</run_address>
         <size>0x20</size>
         <input_file_ref idref="fl-e5"/>
      </object_component>
      <object_component id="oc-276">
         <name>.debug_line</name>
         <load_address>0x3f3c</load_address>
         <run_address>0x3f3c</run_address>
         <size>0xb0</size>
         <input_file_ref idref="fl-e5"/>
      </object_component>
      <object_component id="oc-2aa">
         <name>.debug_line</name>
         <load_address>0x3fec</load_address>
         <run_address>0x3fec</run_address>
[...]
      </symbol>
      <symbol id="sm-156">
         <name>hwAddress</name>
         <value>0x20000200</value>
         <object_component_ref idref="oc-146"/>
      </symbol>
      <symbol id="sm-157">
         <name>etherSetMacAddress</name>
         <value>0x13b3</value>
         <object_component_ref idref="oc-ce"/>
      </symbol>
      <symbol id="sm-158">
         <name>etherIsArpResponse</name>
         <value>0xc3f</value>
         <object_component_ref idref="oc-ce"/>
      </symbol>
      <symbol id="sm-159">
         <name>etherSendArpRequest</name>
         <value>0xd69</value>
         <object_component_ref idref="oc-ce"/>
      </symbol>
      <symbol id="sm-15a">
         <name>etherIsDataAvailable</name>
         <value>0x617</value>
         <object_component_ref idref="oc-ce"/>
      </symbol>
      <symbol id="sm-15b">
         <name>etherIsArpRequest</name>
         <value>0xba1</value>
         <object_component_ref idref="oc-ce"/>
      </symbol>
      <symbol id="sm-15c">
         <name>etherClearReg</name>
         <value>0x32b</value>
         <object_component_ref idref="oc-ce"/>
      </symbol>
      <symbol id="sm-15d">
         <name>etherGetUdpData</name>
         <value>0xf25</value>
         <object_component_ref idref="oc-ce"/>
      </symbol>
      <symbol id="sm-15e">
         <name>etherInit</name>
         <value>0x477</value>
         <object_component_ref idref="oc-ce"/>
      </symbol>
      <symbol id="sm-15f">
         <name>nextPacketMsb</name>
         <value>0x20000207</value>
         <object_component_ref idref="oc-140"/>
      </symbol>
      <symbol id="sm-160">
         <name>etherWriteReg</name>
         <value>0x291</value>
         <object_component_ref idref="oc-ce"/>
      </symbol>
      <symbol id="sm-161">
         <name>etherSetBank</name>
         <value>0x35f</value>
         <object_component_ref idref="oc-ce"/>
      </symbol>
      <symbol id="sm-162">
         <name>etherIsUdp</name>
         <value>0xe7d</value>
         <object_component_ref idref="oc-ce"/>
      </symbol>
      <symbol id="sm-163">
         <name>etherWriteMem</name>
         <value>0x431</value>
         <object_component_ref idref="oc-ce"/>
      </symbol>
      <symbol id="sm-164">
         <name>etherSetReg</name>
         <value>0x2f7</value>
         <object_component_ref idref="oc-ce"/>
      </symbol>
      <symbol id="sm-165">
         <name>etherGetIpGatewayAddress</name>
         <value>0x1379</value>
         <object_component_ref idref="oc-ce"/>
      </symbol>
      <symbol id="sm-166">
         <name>etherSetIpGatewayAddress</name>
         <value>0x1341</value>
         <object_component_ref idref="oc-ce"/>
      </symbol>
      <symbol id="sm-167">
         <name>etherSumWords</name>
         <value>0x837</value>
         <object_component_ref idref="oc-ce"/>
      </symbol>
      <symbol id="sm-168">
         <name>etherIsPingRequest</name>
         <value>0xa45</value>
         <object_component_ref idref="oc-ce"/>
      </symbol>
      <symbol id="sm-169">
         <name>etherIsIp</name>
         <value>0x971</value>
         <object_component_ref idref="oc-ce"/>
      </symbol>
      <symbol id="sm-16a">
         <name>ipAddress</name>
         <value>0x2000020a</value>
         <object_component_ref idref="oc-143"/>
      </symbol>
      <symbol id="sm-16b">
         <name>etherSendPingResponse</name>
         <value>0xa91</value>
         <object_component_ref idref="oc-ce"/>
      </symbol>
      <symbol id="sm-16c">
         <name>nextPacketLsb</name>
         <value>0x20000206</value>
         <object_component_ref idref="oc-140"/>
      </symbol>
      <symbol id="sm-16d">
         <name>etherGetId</name>
         <value>0x1221</value>
         <object_component_ref idref="oc-ce"/>
      </symbol>
      <symbol id="sm-16e">
         <name>etherReadPhy</name>
         <value>0x3b3</value>
         <object_component_ref idref="oc-ce"/>
      </symbol>
      <symbol id="sm-16f">
         <name>etherCalcIpChecksum</name>
         <value>0x8dd</value>
         <object_component_ref idref="oc-ce"/>
      </symbol>
      <symbol id="sm-170">
         <name>etherCsOn</name>
         <value>0x26d</value>
         <object_component_ref idref="oc-ce"/>
      </symbol>
      <symbol id="sm-171">
         <name>etherIsTcp</name>
         <value>0x114f</value>
         <object_component_ref idref="oc-ce"/>
      </symbol>
      <symbol id="sm-172">
         <name>etherWriteMemStart</name>
         <value>0x41f</value>
         <object_component_ref idref="oc-ce"/>
      </symbol>
      <symbol id="sm-173">
         <name>etherPutPacket</name>
         <value>0x751</value>
         <object_component_ref idref="oc-ce"/>
      </symbol>
      <symbol id="sm-174">
         <name>sequenceId</name>
         <value>0x20000208</value>
         <object_component_ref idref="oc-140"/>
      </symbol>
      <symbol id="sm-1b2">
         <name>initHw</name>
         <value>0x26ed</value>
         <object_component_ref idref="oc-9b"/>
      </symbol>
      <symbol id="sm-1b3">
         <name>displayConnectionInfo</name>
         <value>0x2723</value>
         <object_component_ref idref="oc-9b"/>
      </symbol>
      <symbol id="sm-1b4">
         <name>main</name>
         <value>0x289d</value>
         <object_component_ref idref="oc-9b"/>
      </symbol>
      <symbol id="sm-229">
         <name>selectPinInterruptBothEdges</name>
         <value>0x244b</value>
         <object_component_ref idref="oc-c8"/>
      </symbol>
      <symbol id="sm-22a">
         <name>getPortValue</name>
         <value>0x265d</value>
         <object_component_ref idref="oc-c8"/>
      </symbol>
      <symbol id="sm-22b">
         <name>selectPinAnalogInput</name>
         <value>0x212f</value>
         <object_component_ref idref="oc-c8"/>
      </symbol>
      <symbol id="sm-22c">
         <name>clearPinInterrupt</name>
         <value>0x255d</value>
         <object_component_ref idref="oc-c8"/>
      </symbol>
      <symbol id="sm-22d">
         <name>selectPinPushPullOutput</name>
         <value>0x2045</value>
         <object_component_ref idref="oc-c8"/>
      </symbol>
      <symbol id="sm-22e">
         <name>selectPinInterruptHighLevel</name>
         <value>0x24a1</value>
         <object_component_ref idref="oc-c8"/>
      </symbol>
      <symbol id="sm-22f">
         <name>selectPinInterruptFallingEdge</name>
         <value>0x23fb</value>
         <object_component_ref idref="oc-c8"/>
      </symbol>
      <symbol id="sm-230">
         <name>selectPinOpenDrainOutput</name>
         <value>0x2093</value>
         <object_component_ref idref="oc-c8"/>
      </symbol>
      <symbol id="sm-231">
         <name>selectPinInterruptLowLevel</name>
         <value>0x24db</value>
         <object_component_ref idref="oc-c8"/>
      </symbol>
      <symbol id="sm-232">
         <name>setPortValue</name>
         <value>0x25e1</value>
         <object_component_ref idref="oc-c8"/>
      </symbol>
      <symbol id="sm-233">
         <name>enablePinInterrupt</name>
         <value>0x2515</value>
         <object_component_ref idref="oc-c8"/>
      </symbol>
      <symbol id="sm-234">
         <name>setPinAuxFunction</name>
         <value>0x2299</value>
         <object_component_ref idref="oc-c8"/>
      </symbol>
      <symbol id="sm-235">
         <name>enablePort</name>
         <value>0x1f09</value>
         <object_component_ref idref="oc-c8"/>
      </symbol>
      <symbol id="sm-236">
         <name>disablePinPulldown</name>
         <value>0x2271</value>
         <object_component_ref idref="oc-c8"/>
      </symbol>
      <symbol id="sm-237">
         <name>setPinCommitControl</name>
         <value>0x217f</value>
         <object_component_ref idref="oc-c8"/>
      </symbol>
      <symbol id="sm-238">
         <name>disablePort</name>
         <value>0x1fc5</value>
         <object_component_ref idref="oc-c8"/>
      </symbol>
      <symbol id="sm-239">
         <name>disablePinInterrupt</name>
         <value>0x2539</value>
         <object_component_ref idref="oc-c8"/>
      </symbol>
      <symbol id="sm-23a">
         <name>enablePinPullup</name>
         <value>0x21fb</value>
         <object_component_ref idref="oc-c8"/>
      </symbol>
      <symbol id="sm-23b">
         <name>getPinValue</name>
         <value>0x25a7</value>
         <object_component_ref idref="oc-c8"/>
      </symbol>
      <symbol id="sm-23c">
         <name>enablePinPulldown</name>
         <value>0x224d</value>
         <object_component_ref idref="oc-c8"/>
      </symbol>
      <symbol id="sm-23d">
         <name>disablePinPullup</name>
         <value>0x2229</value>
         <object_component_ref idref="oc-c8"/>
      </symbol>
      <symbol id="sm-23e">
         <name>selectPinDigitalInput</name>
         <value>0x20e1</value>
         <object_component_ref idref="oc-c8"/>
      </symbol>
      <symbol id="sm-23f">
         <name>selectPinInterruptRisingEdge</name>
         <value>0x23ab</value>
         <object_component_ref idref="oc-c8"/>
      </symbol>
      <symbol id="sm-240">
         <name>setPinValue</name>
         <value>0x2581</value>
         <object_component_ref idref="oc-c8"/>
      </symbol>
      <symbol id="sm-25e">
         <name>setSpi0Mode</name>
         <value>0x32ab</value>
         <object_component_ref idref="oc-13a"/>
      </symbol>
      <symbol id="sm-25f">
         <name>readSpi0Data</name>
         <value>0x3311</value>
         <object_component_ref idref="oc-13a"/>
      </symbol>
      <symbol id="sm-260">
         <name>writeSpi0Data</name>
         <value>0x32f9</value>
         <object_component_ref idref="oc-13a"/>
      </symbol>
      <symbol id="sm-261">
         <name>initSpi0</name>
         <value>0x31d9</value>
         <object_component_ref idref="oc-13a"/>
      </symbol>
      <symbol id="sm-262">
         <name>setSpi0BaudRate</name>
         <value>0x3275</value>
         <object_component_ref idref="oc-13a"/>
      </symbol>
      <symbol id="sm-27f">
         <name>ResetISR</name>
         <value>0x410b</value>
         <object_component_ref idref="oc-27"/>
      </symbol>
      <symbol id="sm-280">
         <name>g_pfnVectors</name>
         <value>0x0</value>
         <object_component_ref idref="oc-12"/>
      </symbol>
      <symbol id="sm-2ab">
         <name>getcUart0</name>
         <value>0x3165</value>
         <object_component_ref idref="oc-d4"/>
      </symbol>
      <symbol id="sm-2ac">
         <name>kbhitUart0</name>
         <value>0x3179</value>
         <object_component_ref idref="oc-d4"/>
      </symbol>
      <symbol id="sm-2ad">
         <name>setUart0BaudRate</name>
         <value>0x30dd</value>
         <object_component_ref idref="oc-d4"/>
      </symbol>
      <symbol id="sm-2ae">
         <name>putsUart0</name>
         <value>0x3139</value>
         <object_component_ref idref="oc-d4"/>
      </symbol>
      <symbol id="sm-2af">
         <name>initUart0</name>
         <value>0x3049</value>
         <object_component_ref idref="oc-d4"/>
      </symbol>
      <symbol id="sm-2b0">
         <name>putcUart0</name>
         <value>0x311d</value>
         <object_component_ref idref="oc-d4"/>
      </symbol>
      <symbol id="sm-2be">
         <name>waitMicrosecond</name>
         <value>0x4037</value>
         <object_component_ref idref="oc-e0"/>
      </symbol>
      <symbol id="sm-2e5">
         <name>sprintf</name>
         <value>0x3f55</value>
         <object_component_ref idref="oc-da"/>
      </symbol>
      <symbol id="sm-300">
         <name>memcpy</name>
         <value>0x398f</value>
         <object_component_ref idref="oc-3b"/>
      </symbol>
      <symbol id="sm-301">
         <name>__aeabi_memcpy</name>
         <value>0x398f</value>
         <object_component_ref idref="oc-3b"/>
      </symbol>
      <symbol id="sm-302">
         <name>__aeabi_memcpy8</name>
         <value>0x398f</value>
         <object_component_ref idref="oc-3b"/>
      </symbol>
      <symbol id="sm-303">
         <name>__aeabi_memcpy4</name>
         <value>0x398f</value>
         <object_component_ref idref="oc-3b"/>
      </symbol>
      <symbol id="sm-312">
         <name>__aeabi_memset</name>
         <value>0x3bcf</value>
         <object_component_ref idref="oc-8f"/>
      </symbol>
      <symbol id="sm-313">
         <name>memset</name>
         <value>0x3bd5</value>
         <object_component_ref idref="oc-8f"/>
      </symbol>
      <symbol id="sm-314">
         <name>__aeabi_memset8</name>
         <value>0x3bcf</value>
         <object_component_ref idref="oc-8f"/>
      </symbol>
      <symbol id="sm-315">
         <name>__aeabi_memset4</name>
         <value>0x3bcf</value>
         <object_component_ref idref="oc-8f"/>
      </symbol>
      <symbol id="sm-316">
         <name>__aeabi_memclr8</name>
         <value>0x3bcd</value>
         <object_component_ref idref="oc-8f"/>
      </symbol>
      <symbol id="sm-317">
         <name>__aeabi_memclr4</name>
         <value>0x3bcd</value>
         <object_component_ref idref="oc-8f"/>
      </symbol>
      <symbol id="sm-318">
         <name>__aeabi_memclr</name>
         <value>0x3bcd</value>
         <object_component_ref idref="oc-8f"/>
      </symbol>
      <symbol id="sm-335">
         <name>__TI_decompress_none</name>
         <value>0x40fd</value>
         <object_component_ref idref="oc-1b"/>
      </symbol>
      <symbol id="sm-358">
         <name>__TI_decompress_lzss</name>
         <value>0x3cb5</value>
         <object_component_ref idref="oc-15"/>
      </symbol>
      <symbol id="sm-367">
         <name>strcmp</name>
         <value>0x40a9</value>
         <object_component_ref idref="oc-e6"/>
      </symbol>
      <symbol id="sm-37a">
         <name>__stack</name>
         <value>0x20000000</value>
         <object_component_ref idref="oc-24"/>
      </symbol>
      <symbol id="sm-37b">
         <name>_c_int00_noargs</name>
         <value>0x3fd5</value>
         <object_component_ref idref="oc-59"/>
      </symbol>
      <symbol id="sm-4e0">
         <name>__TI_printfi</name>
         <value>0x14b9</value>
         <object_component_ref idref="oc-153"/>
      </symbol>
      <symbol id="sm-500">
         <name>frexpl</name>
         <value>0x3d1d</value>
         <object_component_ref idref="oc-268"/>
      </symbol>
      <symbol id="sm-501">
         <name>frexp</name>
         <value>0x3d1d</value>
         <object_component_ref idref="oc-268"/>
      </symbol>
      <symbol id="sm-51e">
         <name>scalbn</name>
         <value>0x36d1</value>
         <object_component_ref idref="oc-26e"/>
      </symbol>
      <symbol id="sm-51f">
         <name>scalbnl</name>
         <value>0x36d1</value>
         <object_component_ref idref="oc-26e"/>
      </symbol>
      <symbol id="sm-520">
         <name>ldexpl</name>
         <value>0x36d1</value>
         <object_component_ref idref="oc-26e"/>
      </symbol>
      <symbol id="sm-521">
         <name>ldexp</name>
         <value>0x36d1</value>
         <object_component_ref idref="oc-26e"/>
      </symbol>
      <symbol id="sm-53a">
         <name>wcslen</name>
         <value>0x40eb</value>
         <object_component_ref idref="oc-1dc"/>
      </symbol>
      <symbol id="sm-551">
         <name>__aeabi_dsub</name>
         <value>0x2e91</value>
         <object_component_ref idref="oc-248"/>
      </symbol>
      <symbol id="sm-552">
         <name>__aeabi_dadd</name>
         <value>0x2e9b</value>
         <object_component_ref idref="oc-248"/>
      </symbol>
      <symbol id="sm-574">
         <name>__aeabi_cdcmpeq</name>
         <value>0x3ac1</value>
         <object_component_ref idref="oc-1b9"/>
      </symbol>
      <symbol id="sm-575">
         <name>__aeabi_cdcmple</name>
         <value>0x3ac1</value>
         <object_component_ref idref="oc-1b9"/>
      </symbol>
      <symbol id="sm-576">
         <name>__aeabi_cdrcmple</name>
         <value>0x3b47</value>
         <object_component_ref idref="oc-233"/>
      </symbol>
      <symbol id="sm-58a">
         <name>__aeabi_ddiv</name>
         <value>0x3475</value>
         <object_component_ref idref="oc-22e"/>
      </symbol>
      <symbol id="sm-595">
         <name>__aeabi_dmul</name>
         <value>0x37e1</value>
         <object_component_ref idref="oc-229"/>
      </symbol>
      <symbol id="sm-59f">
         <name>__aeabi_d2iz</name>
         <value>0x3ec9</value>
         <object_component_ref idref="oc-238"/>
      </symbol>
      <symbol id="sm-5a9">
         <name>__aeabi_i2d</name>
         <value>0x4009</value>
         <object_component_ref idref="oc-243"/>
      </symbol>
      <symbol id="sm-5b6">
         <name>__aeabi_uldivmod</name>
         <value>0x3a2b</value>
         <object_component_ref idref="oc-222"/>
      </symbol>
      <symbol id="sm-5de">
         <name>__TI_auto_init_nobinit_nopinit</name>
         <value>0x3f11</value>
         <object_component_ref idref="oc-fa"/>
      </symbol>
      <symbol id="sm-5e8">
         <name>_system_pre_init</name>
         <value>0x4129</value>
         <object_component_ref idref="oc-95"/>
      </symbol>
      <symbol id="sm-5f4">
         <name>C$$EXIT</name>
         <value>0x412d</value>
         <object_component_ref idref="oc-ee"/>
      </symbol>
      <symbol id="sm-5f5">
         <name>abort</name>
         <value>0x412d</value>
         <object_component_ref idref="oc-ee"/>
      </symbol>
      <symbol id="sm-605">
         <name>__TI_ltoa</name>
         <value>0x3dd7</value>
         <object_component_ref idref="oc-23d"/>
      </symbol>
      <symbol id="sm-61c">
         <name>atoi</name>
         <value>0x3e7d</value>
         <object_component_ref idref="oc-1ad"/>
      </symbol>
      <symbol id="sm-627">
         <name>_ctypes_</name>
         <value>0x4130</value>
         <object_component_ref idref="oc-21d"/>
      </symbol>
      <symbol id="sm-637">
         <name>memccpy</name>
         <value>0x405b</value>
         <object_component_ref idref="oc-1d6"/>
      </symbol>
      <symbol id="sm-647">
         <name>strchr</name>
         <value>0x40c1</value>
         <object_component_ref idref="oc-274"/>
      </symbol>
      <symbol id="sm-655">
         <name>strlen</name>
         <value>0x40d7</value>
         <object_component_ref idref="oc-1a7"/>
      </symbol>
      <symbol id="sm-66b">
         <name>__aeabi_errno_addr</name>
         <value>0x4121</value>
         <object_component_ref idref="oc-1e2"/>
      </symbol>
      <symbol id="sm-66c">
         <name>errno</name>
         <value>0x20000218</value>
         <object_component_ref idref="oc-284"/>
      </symbol>
      <symbol id="sm-676">
         <name>copysign</name>
         <value>0x4077</value>
         <object_component_ref idref="oc-2c9"/>
      </symbol>
      <symbol id="sm-677">
         <name>copysignl</name>
         <value>0x4077</value>
         <object_component_ref idref="oc-2c9"/>
      </symbol>
      <symbol id="sm-681">
         <name>__aeabi_idiv0</name>
         <value>0x1f07</value>
         <object_component_ref idref="oc-2b0"/>
      </symbol>
      <symbol id="sm-682">
         <name>__aeabi_ldiv0</name>
         <value>0x1f07</value>
         <object_component_ref idref="oc-2b0"/>
      </symbol>
      <symbol id="sm-683">
         <name>__TI_static_base__</name>
         <value>0x0</value>
      </symbol>
      <symbol id="sm-686">
         <name>etherDisableDhcpMode</name>
         <value>0x0</value>
      </symbol>
      <symbol id="sm-687">
         <name>__mpu_init</name>
         <value>0x0</value>
      </symbol>
      <symbol id="sm-688">
         <name>_system_post_cinit</name>
         <value>0x0</value>
      </symbol>
   </symbol_table>
   <title>Link errors: red sections failed placement</title>
</link_info>
