******************************************************************************
                  TI ARM Linker PC v20.2.5                     
******************************************************************************
>> Linked Thu Apr 28 12:01:23 2022

OUTPUT FILE NAME:   <tcpworking.out>
ENTRY POINT SYMBOL: "_c_int00_noargs"  address: 00005e7d


MEMORY CONFIGURATION

         name            origin    length      used     unused   attr    fill
----------------------  --------  ---------  --------  --------  ----  --------
  FLASH                 00000000   00040000  00006240  00039dc0  R  X
  SRAM                  20000000   00008000  0000123b  00006dc5  RW X


SEGMENT ALLOCATION MAP

run origin  load origin   length   init length attrs members
----------  ----------- ---------- ----------- ----- -------
00000000    00000000    00006240   00006240    r-x
  00000000    00000000    0000026c   0000026c    r-- .intvecs
  0000026c    0000026c    00005df0   00005df0    r-x .text
  0000605c    0000605c    00000194   00000194    r-- .const
  000061f0    000061f0    00000050   00000050    r-- .cinit
20000000    20000000    0000123b   00000000    rw-
  20000000    20000000    00001000   00000000    rw- .stack
  20001000    20001000    000001e0   00000000    rw- .bss
  200011e0    200011e0    0000005b   00000000    rw- .data


SECTION ALLOCATION MAP

 output                                  attributes/
section   page    origin      length       input sections
--------  ----  ----------  ----------   ----------------
.intvecs   0    00000000    0000026c     
                  00000000    0000026c     tm4c123gh6pm_startup_ccs.obj (.intvecs)

.text      0    0000026c    00005df0     
                  0000026c    0000129c     eth0.obj (.text)
                  00001508    00000c3c     TCP.obj (.text)
                  00002144    00000a4e     rtsv7M4_T_le_v4SPD16_eabi.lib : _printfi.c.obj (.text:__TI_printfi)
                  00002b92    00000002                                   : _lock.c.obj (.text:_nop)
                  00002b94    00000944     mqtt.obj (.text)
                  000034d8    000007e4     gpio.obj (.text)
                  00003cbc    00000770     input.obj (.text)
                  0000442c    000003a0     ethernet.obj (.text)
                  000047cc    00000270     rtsv7M4_T_le_v4SPD16_eabi.lib : _printfi.c.obj (.text:_pconv_a)
                  00004a3c    00000208     uart0.obj (.text)
                  00004c44    000001d0     rtsv7M4_T_le_v4SPD16_eabi.lib : _printfi.c.obj (.text:_pconv_g)
                  00004e14    000001b6                                   : fd_add_t2.asm.obj (.text)
                  00004fca    00000002                                   : div0.asm.obj (.text)
                  00004fcc    00000160     spi0.obj (.text)
                  0000512c    0000013c     rtsv7M4_T_le_v4SPD16_eabi.lib : _printfi.c.obj (.text:_pconv_e)
                  00005268    00000136                                   : fd_div_t2.asm.obj (.text)
                  0000539e    00000002     --HOLE-- [fill = 0]
                  000053a0    00000124                                   : _printfi.c.obj (.text:fcvt)
                  000054c4    00000110                                   : s_scalbn.c.obj (.text:scalbn)
                  000055d4    000000fc                                   : fd_mul_t2.asm.obj (.text)
                  000056d0    000000b1                                   : _printfi.c.obj (.text:_ltostr)
                  00005781    00000001     --HOLE-- [fill = 0]
                  00005782    0000009c                                   : memcpy_t2.asm.obj (.text)
                  0000581e    00000096                                   : ull_div_t2.asm.obj (.text)
                  000058b4    00000086                                   : fd_cmp_t2.asm.obj (.text:__aeabi_cdcmple)
                  0000593a    00000086                                   : fd_cmp_t2.asm.obj (.text:__aeabi_cdrcmple)
                  000059c0    0000007a                                   : memset_t2.asm.obj (.text)
                  00005a3a    0000006e                                   : _printfi.c.obj (.text:_mcpy)
                  00005aa8    00000068                                   : copy_decompress_lzss.c.obj (.text:decompress:lzss:__TI_decompress_lzss)
                  00005b10    00000064                                   : s_frexp.c.obj (.text:frexp)
                  00005b74    00000056                                   : _printfi.c.obj (.text:_pconv_f)
                  00005bca    00000054                                   : _ltoa.c.obj (.text:__TI_ltoa)
                  00005c1e    00000052                                   : _printfi.c.obj (.text:_ecpy)
                  00005c70    0000004c                                   : atoi.c.obj (.text:atoi)
                  00005cbc    00000048                                   : hosttime.c.obj (.text:HOSTtime)
                  00005d04    00000048                                   : fd_toi_t2.asm.obj (.text)
                  00005d4c    00000044                                   : autoinit.c.obj (.text:__TI_auto_init_nobinit_nopinit:__TI_auto_init_nobinit_nopinit)
                  00005d90    00000040                                   : sprintf.c.obj (.text:sprintf)
                  00005dd0    0000003e                                   : _printfi.c.obj (.text:_fcpy)
                  00005e0e    00000002     --HOLE-- [fill = 0]
                  00005e10    00000038                                   : trgmsg.c.obj (.text:__TI_writemsg)
                  00005e48    00000034                                   : trgmsg.c.obj (.text:__TI_readmsg)
                  00005e7c    00000034                                   : boot_cortex_m.c.obj (.text:_c_int00_noargs:_c_int00_noargs)
                  00005eb0    00000034                                   : rand.c.obj (.text:rand)
                  00005ee4    0000002e                                   : i_tofd_t2.asm.obj (.text)
                  00005f12    00000002     --HOLE-- [fill = 0]
                  00005f14    00000024                                   : rand.c.obj (.text:srand)
                  00005f38    00000024     wait.obj (.text)
                  00005f5c    0000001c     rtsv7M4_T_le_v4SPD16_eabi.lib : copy_zero_init.c.obj (.text:decompress:ZI:__TI_zero_init_nomemset:__TI_zero_init_nomemset)
                  00005f78    0000001c                                   : memccpy.c.obj (.text:memccpy)
                  00005f94    0000001a                                   : s_copysign.c.obj (.text:copysign)
                  00005fae    00000018                                   : sprintf.c.obj (.text:_outs)
                  00005fc6    00000018                                   : strcmp.c.obj (.text:strcmp)
                  00005fde    00000016                                   : strchr.c.obj (.text:strchr)
                  00005ff4    00000014                                   : strlen.c.obj (.text:strlen)
                  00006008    00000012                                   : wcslen.c.obj (.text:wcslen)
                  0000601a    0000000e                                   : time.c.obj (.text:__time32)
                  00006028    0000000e                                   : copy_decompress_none.c.obj (.text:decompress:none:__TI_decompress_none)
                  00006036    0000000c     tm4c123gh6pm_startup_ccs.obj (.text)
                  00006042    0000000a     rtsv7M4_T_le_v4SPD16_eabi.lib : sprintf.c.obj (.text:_outc)
                  0000604c    00000008                                   : errno.c.obj (.text:__aeabi_errno_addr)
                  00006054    00000004                                   : pre_init.c.obj (.text:_system_pre_init)
                  00006058    00000004                                   : exit.c.obj (.text:abort:abort)

.const     0    0000605c    00000194     
                  0000605c    00000101     rtsv7M4_T_le_v4SPD16_eabi.lib : ctype.c.obj (.const:.string:_ctypes_)
                  0000615d    00000003     --HOLE-- [fill = 0]
                  00006160    00000090     ethernet.obj (.const:.string)

.cinit     0    000061f0    00000050     
                  000061f0    0000002a     (.cinit..data.load) [load image, compression = lzss]
                  0000621a    00000002     --HOLE-- [fill = 0]
                  0000621c    0000000c     (__TI_handler_table)
                  00006228    00000008     (.cinit..bss.load) [load image, compression = zero_init]
                  00006230    00000010     (__TI_cinit_table)

.init_array 
*          0    00000000    00000000     UNINITIALIZED

.bss       0    20001000    000001e0     UNINITIALIZED
                  20001000    00000120     rtsv7M4_T_le_v4SPD16_eabi.lib : trgmsg.c.obj (.bss:_CIOBUF_)
                  20001120    0000007a     (.common:data)
                  2000119a    00000034     (.common:str)
                  200011ce    00000008     (.common:parmbuf)
                  200011d6    00000002     --HOLE--
                  200011d8    00000004     (.common:publishData)
                  200011dc    00000004     (.common:publishTopic)

.data      0    200011e0    0000005b     UNINITIALIZED
                  200011e0    00000014     TCP.obj (.data)
                  200011f4    0000000c     ethernet.obj (.data)
                  20001200    00000008     rtsv7M4_T_le_v4SPD16_eabi.lib : _lock.c.obj (.data:$O1$$)
                  20001208    00000006     eth0.obj (.data:destMacAddress)
                  2000120e    00000006     eth0.obj (.data:hwAddress)
                  20001214    00000006     mqtt.obj (.data:mqttMacAddress)
                  2000121a    00000004     eth0.obj (.data:html_ip_address)
                  2000121e    00000004     eth0.obj (.data:ipAddress)
                  20001222    00000004     eth0.obj (.data:ipGwAddress)
                  20001226    00000004     eth0.obj (.data:ipSubnetMask)
                  2000122a    00000004     mqtt.obj (.data:mqttIpAddress)
                  2000122e    00000001     input.obj (.data)
                  2000122f    00000001     mqtt.obj (.data)
                  20001230    00000004     rtsv7M4_T_le_v4SPD16_eabi.lib : errno.c.obj (.data)
                  20001234    00000004                                   : rand.c.obj (.data)
                  20001238    00000003     eth0.obj (.data)

.stack     0    20000000    00001000     UNINITIALIZED
                  20000000    00000004     rtsv7M4_T_le_v4SPD16_eabi.lib : boot_cortex_m.c.obj (.stack)
                  20000004    00000ffc     --HOLE--

__llvm_prf_cnts 
*          0    20000000    00000000     UNINITIALIZED

MODULE SUMMARY

       Module                         code    ro data   rw data
       ------                         ----    -------   -------
    .\
       eth0.obj                       4764    0         31     
       TCP.obj                        3132    0         20     
       mqtt.obj                       2372    0         11     
       input.obj                      1904    0         175    
       gpio.obj                       2020    0         0      
       ethernet.obj                   928     144       20     
       tm4c123gh6pm_startup_ccs.obj   12      620       0      
       uart0.obj                      520     0         0      
       spi0.obj                       352     0         0      
       wait.obj                       36      0         0      
    +--+------------------------------+-------+---------+---------+
       Total:                         16040   764       257    
                                                               
    C:\ti\ccs1110\ccs\tools\compiler\ti-cgt-arm_20.2.5.LTS\lib\rtsv7M4_T_le_v4SPD16_eabi.lib
       _printfi.c.obj                 4851    0         0      
       fd_add_t2.asm.obj              438     0         0      
       trgmsg.c.obj                   108     0         288    
       fd_div_t2.asm.obj              310     0         0      
       s_scalbn.c.obj                 272     0         0      
       fd_cmp_t2.asm.obj              268     0         0      
       ctype.c.obj                    0       257       0      
       fd_mul_t2.asm.obj              252     0         0      
       memcpy_t2.asm.obj              156     0         0      
       ull_div_t2.asm.obj             150     0         0      
       memset_t2.asm.obj              122     0         0      
       copy_decompress_lzss.c.obj     104     0         0      
       s_frexp.c.obj                  100     0         0      
       sprintf.c.obj                  98      0         0      
       rand.c.obj                     88      0         4      
       _ltoa.c.obj                    84      0         0      
       atoi.c.obj                     76      0         0      
       fd_toi_t2.asm.obj              72      0         0      
       hosttime.c.obj                 72      0         0      
       autoinit.c.obj                 68      0         0      
       boot_cortex_m.c.obj            52      0         0      
       i_tofd_t2.asm.obj              46      0         0      
       copy_zero_init.c.obj           28      0         0      
       memccpy.c.obj                  28      0         0      
       s_copysign.c.obj               26      0         0      
       strcmp.c.obj                   24      0         0      
       strchr.c.obj                   22      0         0      
       strlen.c.obj                   20      0         0      
       wcslen.c.obj                   18      0         0      
       copy_decompress_none.c.obj     14      0         0      
       time.c.obj                     14      0         0      
       errno.c.obj                    8       0         4      
       _lock.c.obj                    2       0         8      
       hostopen.c.obj                 0       0         8      
       exit.c.obj                     4       0         0      
       pre_init.c.obj                 4       0         0      
       div0.asm.obj                   2       0         0      
    +--+------------------------------+-------+---------+---------+
       Total:                         8001    257       312    
                                                               
       Stack:                         0       0         4096   
       Linker Generated:              0       78        0      
    +--+------------------------------+-------+---------+---------+
       Grand Total:                   24041   1099      4665   


LINKER GENERATED COPY TABLES

__TI_cinit_table @ 00006230 records: 2, size/record: 8, table size: 16
	.data: load addr=000061f0, load size=0000002a bytes, run addr=200011e0, run size=0000005b bytes, compression=lzss
	.bss: load addr=00006228, load size=00000008 bytes, run addr=20001000, run size=000001e0 bytes, compression=zero_init


LINKER GENERATED HANDLER TABLE

__TI_handler_table @ 0000621c records: 3, size/record: 4, table size: 12
	index: 0, handler: __TI_decompress_lzss
	index: 1, handler: __TI_decompress_none
	index: 2, handler: __TI_zero_init


GLOBAL SYMBOLS: SORTED ALPHABETICALLY BY Name 

address   name                          
-------   ----                          
00006059  C$$EXIT                       
00005e3f  C$$IO$$                       
00005cbd  HOSTtime                      
00006037  ResetISR                      
20001000  __CIOBUF_                     
20001000  __STACK_END                   
00001000  __STACK_SIZE                  
20000200  __STACK_TOP                   
00006230  __TI_CINIT_Base               
00006240  __TI_CINIT_Limit              
0000621c  __TI_Handler_Table_Base       
00006228  __TI_Handler_Table_Limit      
00005d4d  __TI_auto_init_nobinit_nopinit
00005aa9  __TI_decompress_lzss          
00006029  __TI_decompress_none          
00005bcb  __TI_ltoa                     
ffffffff  __TI_pprof_out_hndl           
00002145  __TI_printfi                  
ffffffff  __TI_prof_data_size           
ffffffff  __TI_prof_data_start          
00005e49  __TI_readmsg                  
00000000  __TI_static_base__            
00005e11  __TI_writemsg                 
00005f5d  __TI_zero_init_nomemset       
000058b5  __aeabi_cdcmpeq               
000058b5  __aeabi_cdcmple               
0000593b  __aeabi_cdrcmple              
00005d05  __aeabi_d2iz                  
00004e1f  __aeabi_dadd                  
00005269  __aeabi_ddiv                  
000055d5  __aeabi_dmul                  
00004e15  __aeabi_dsub                  
0000604d  __aeabi_errno_addr            
00005ee5  __aeabi_i2d                   
00004fcb  __aeabi_idiv0                 
00004fcb  __aeabi_ldiv0                 
000059c1  __aeabi_memclr                
000059c1  __aeabi_memclr4               
000059c1  __aeabi_memclr8               
00005783  __aeabi_memcpy                
00005783  __aeabi_memcpy4               
00005783  __aeabi_memcpy8               
000059c3  __aeabi_memset                
000059c3  __aeabi_memset4               
000059c3  __aeabi_memset8               
0000581f  __aeabi_uldivmod              
ffffffff  __binit__                     
ffffffff  __c_args__                    
UNDEFED   __mpu_init                    
20000000  __stack                       
20000000  __start___llvm_prf_cnts       
20000000  __stop___llvm_prf_cnts        
0000601b  __time32                      
00005e7d  _c_int00_noargs               
0000605c  _ctypes_                      
20001200  _lock                         
00002b93  _nop                          
UNDEFED   _system_post_cinit            
00006055  _system_pre_init              
20001204  _unlock                       
200011fc  a                             
00006059  abort                         
200011f6  access_html_page              
200011e8  acknowledge                   
200011f0  acknowledge_mqtt              
00005c71  atoi                          
ffffffff  binit                         
00001f61  buildTcpHeader                
00003b2d  clearPinInterrupt             
200011f8  clientID                      
00005f95  copysign                      
00005f95  copysignl                     
200011e0  curTcpState                   
20001120  data                          
20001208  destMacAddress                
00003b09  disablePinInterrupt           
00003841  disablePinPulldown            
000037f9  disablePinPullup              
00003595  disablePort                   
00004079  displayConnectionInfo         
00003ae5  enablePinInterrupt            
0000381d  enablePinPulldown             
000037cb  enablePinPullup               
000034d9  enablePort                    
20001230  errno                         
000008dd  etherCalcIpChecksum           
00001dff  etherCalcTcpChecksum          
00001eb5  etherCheckTcpCheckSum         
0000032b  etherClearReg                 
00000283  etherCsOff                    
0000026d  etherCsOn                     
00001461  etherGetDestMacAddress        
000012b1  etherGetHtmlIpAddress         
00001159  etherGetId                    
000011cd  etherGetIpAddress             
00001323  etherGetIpGatewayAddress      
0000123f  etherGetIpSubnetMask          
000013dd  etherGetMacAddress            
000033f1  etherGetMqttIpAddress         
0000346d  etherGetMqttMacAddress        
00000661  etherGetPacket                
00000f89  etherGetUdpData               
00001165  etherIncId                    
00000477  etherInit                     
00000ba1  etherIsArpRequest             
00000c4f  etherIsArpResponse            
00000617  etherIsDataAvailable          
00000971  etherIsIp                     
000009e1  etherIsIpUnicast              
0000116f  etherIsIpValid                
000005fd  etherIsLinkUp                 
00000631  etherIsOverflow               
00000a45  etherIsPingRequest            
000017bf  etherIsTcp                    
00000ee1  etherIsUdp                    
00000751  etherPutPacket                
0000045f  etherReadMem                  
0000044d  etherReadMemStart             
0000046f  etherReadMemStop              
000003b3  etherReadPhy                  
000002c5  etherReadReg                  
00000dcd  etherSendArpRequest           
00000cfd  etherSendArpResponse          
00000a91  etherSendPingResponse         
00000fb9  etherSendUdpResponse          
0000035f  etherSetBank                  
00001417  etherSetDestMacAddress        
00001279  etherSetHtmlIpAddress         
00001195  etherSetIpAddress             
000012eb  etherSetIpGatewayAddress      
00001207  etherSetIpSubnetMask          
0000135d  etherSetMacAddress            
000033b9  etherSetMqttIpAddress         
0000342b  etherSetMqttMacAddress        
000002f7  etherSetReg                   
00000837  etherSumWords                 
00000431  etherWriteMem                 
0000041f  etherWriteMemStart            
00000445  etherWriteMemStop             
0000037b  etherWritePhy                 
00000291  etherWriteReg                 
2000122e  flag                          
00005b11  frexp                         
00005b11  frexpl                        
00000000  g_pfnVectors                  
000008ab  getEtherChecksum              
00003f3b  getFieldInteger               
00003e15  getFieldString                
00003b77  getPinValue                   
00003c2d  getPortValue                  
0000151d  getTcpState                   
00004b59  getcUart0                     
00004b87  getsUart0                     
00001d03  handleTcpSegment              
2000121a  html_ip_address               
0000093d  htonl                         
00000919  htons                         
2000120e  hwAddress                     
00003ecb  i_to_a                        
0000442d  initHw                        
00004fcd  initSpi0                      
00004a3d  initUart0                     
2000121e  ipAddress                     
20001222  ipGwAddress                   
20001226  ipSubnetMask                  
00003cbd  isCommand                     
000030f5  isMqttConnectAck              
000034a7  isMqttLive                    
00003315  isMqttPingAck                 
0000321b  isMqttPublishAck              
00003271  isMqttPublishPacket           
00003177  isMqttSubscribeAck            
00001809  isTcpAcknowledgment           
00002109  isTcpEnabled                  
00001b0b  isTcpFin                      
00001c07  isTcpReset                    
00001911  isTcpSyn                      
00001a0d  isTcpSynAck                   
00004b6d  kbhitUart0                    
000054c5  ldexp                         
000054c5  ldexpl                        
0000446d  main                          
00005f79  memccpy                       
00005783  memcpy                        
000059c9  memset                        
2000122a  mqttIpAddress                 
20001214  mqttMacAddress                
00002b95  mqttSendConnect               
0000300d  mqttSendDisconnect            
00003081  mqttSendPing                  
00002cbb  mqttSendPublish               
00002e17  mqttSendSubscribe             
00002f1d  mqttSendUnsubscribe           
2000122f  mqttlive                      
20001238  nextPacketLsb                 
20001239  nextPacketMsb                 
00003e5b  number_of_digits              
200011ce  parmbuf                       
00003d2b  parseFields                   
00001e95  parseHtmlString               
00003fe7  power                         
00004249  processInputCommands          
200011d8  publishData                   
200011dc  publishTopic                  
00004b11  putcUart0                     
00004b2d  putsUart0                     
00005eb1  rand                          
00005105  readSpi0Data                  
000054c5  scalbn                        
000054c5  scalbnl                       
000036ff  selectPinAnalogInput          
000036b1  selectPinDigitalInput         
00003a1b  selectPinInterruptBothEdges   
000039cb  selectPinInterruptFallingEdge 
00003a71  selectPinInterruptHighLevel   
00003aab  selectPinInterruptLowLevel    
0000397b  selectPinInterruptRisingEdge  
00003663  selectPinOpenDrainOutput      
00003615  selectPinPushPullOutput       
00001523  sendTcpMsg                    
200011e4  sequence                      
2000123a  sequenceId                    
200011ec  sequence_mqtt                 
00003869  setPinAuxFunction             
0000374f  setPinCommitControl           
00003b51  setPinValue                   
00003bb1  setPortValue                  
00005069  setSpi0BaudRate               
0000509f  setSpi0Mode                   
00001509  setTcpState                   
00004ad1  setUart0BaudRate              
200011f4  source_port                   
00005d91  sprintf                       
00005f15  srand                         
2000119a  str                           
00003e87  strCompare                    
000041e9  strLength                     
00005fdf  strchr                        
00005fc7  strcmp                        
00005ff5  strlen                        
0000601b  time                          
0000211b  updateSeqNumber               
00005f39  waitMicrosecond               
00006009  wcslen                        
000050ed  writeSpi0Data                 


GLOBAL SYMBOLS: SORTED BY Symbol Address 

address   name                          
-------   ----                          
00000000  __TI_static_base__            
00000000  g_pfnVectors                  
0000026d  etherCsOn                     
00000283  etherCsOff                    
00000291  etherWriteReg                 
000002c5  etherReadReg                  
000002f7  etherSetReg                   
0000032b  etherClearReg                 
0000035f  etherSetBank                  
0000037b  etherWritePhy                 
000003b3  etherReadPhy                  
0000041f  etherWriteMemStart            
00000431  etherWriteMem                 
00000445  etherWriteMemStop             
0000044d  etherReadMemStart             
0000045f  etherReadMem                  
0000046f  etherReadMemStop              
00000477  etherInit                     
000005fd  etherIsLinkUp                 
00000617  etherIsDataAvailable          
00000631  etherIsOverflow               
00000661  etherGetPacket                
00000751  etherPutPacket                
00000837  etherSumWords                 
000008ab  getEtherChecksum              
000008dd  etherCalcIpChecksum           
00000919  htons                         
0000093d  htonl                         
00000971  etherIsIp                     
000009e1  etherIsIpUnicast              
00000a45  etherIsPingRequest            
00000a91  etherSendPingResponse         
00000ba1  etherIsArpRequest             
00000c4f  etherIsArpResponse            
00000cfd  etherSendArpResponse          
00000dcd  etherSendArpRequest           
00000ee1  etherIsUdp                    
00000f89  etherGetUdpData               
00000fb9  etherSendUdpResponse          
00001000  __STACK_SIZE                  
00001159  etherGetId                    
00001165  etherIncId                    
0000116f  etherIsIpValid                
00001195  etherSetIpAddress             
000011cd  etherGetIpAddress             
00001207  etherSetIpSubnetMask          
0000123f  etherGetIpSubnetMask          
00001279  etherSetHtmlIpAddress         
000012b1  etherGetHtmlIpAddress         
000012eb  etherSetIpGatewayAddress      
00001323  etherGetIpGatewayAddress      
0000135d  etherSetMacAddress            
000013dd  etherGetMacAddress            
00001417  etherSetDestMacAddress        
00001461  etherGetDestMacAddress        
00001509  setTcpState                   
0000151d  getTcpState                   
00001523  sendTcpMsg                    
000017bf  etherIsTcp                    
00001809  isTcpAcknowledgment           
00001911  isTcpSyn                      
00001a0d  isTcpSynAck                   
00001b0b  isTcpFin                      
00001c07  isTcpReset                    
00001d03  handleTcpSegment              
00001dff  etherCalcTcpChecksum          
00001e95  parseHtmlString               
00001eb5  etherCheckTcpCheckSum         
00001f61  buildTcpHeader                
00002109  isTcpEnabled                  
0000211b  updateSeqNumber               
00002145  __TI_printfi                  
00002b93  _nop                          
00002b95  mqttSendConnect               
00002cbb  mqttSendPublish               
00002e17  mqttSendSubscribe             
00002f1d  mqttSendUnsubscribe           
0000300d  mqttSendDisconnect            
00003081  mqttSendPing                  
000030f5  isMqttConnectAck              
00003177  isMqttSubscribeAck            
0000321b  isMqttPublishAck              
00003271  isMqttPublishPacket           
00003315  isMqttPingAck                 
000033b9  etherSetMqttIpAddress         
000033f1  etherGetMqttIpAddress         
0000342b  etherSetMqttMacAddress        
0000346d  etherGetMqttMacAddress        
000034a7  isMqttLive                    
000034d9  enablePort                    
00003595  disablePort                   
00003615  selectPinPushPullOutput       
00003663  selectPinOpenDrainOutput      
000036b1  selectPinDigitalInput         
000036ff  selectPinAnalogInput          
0000374f  setPinCommitControl           
000037cb  enablePinPullup               
000037f9  disablePinPullup              
0000381d  enablePinPulldown             
00003841  disablePinPulldown            
00003869  setPinAuxFunction             
0000397b  selectPinInterruptRisingEdge  
000039cb  selectPinInterruptFallingEdge 
00003a1b  selectPinInterruptBothEdges   
00003a71  selectPinInterruptHighLevel   
00003aab  selectPinInterruptLowLevel    
00003ae5  enablePinInterrupt            
00003b09  disablePinInterrupt           
00003b2d  clearPinInterrupt             
00003b51  setPinValue                   
00003b77  getPinValue                   
00003bb1  setPortValue                  
00003c2d  getPortValue                  
00003cbd  isCommand                     
00003d2b  parseFields                   
00003e15  getFieldString                
00003e5b  number_of_digits              
00003e87  strCompare                    
00003ecb  i_to_a                        
00003f3b  getFieldInteger               
00003fe7  power                         
00004079  displayConnectionInfo         
000041e9  strLength                     
00004249  processInputCommands          
0000442d  initHw                        
0000446d  main                          
00004a3d  initUart0                     
00004ad1  setUart0BaudRate              
00004b11  putcUart0                     
00004b2d  putsUart0                     
00004b59  getcUart0                     
00004b6d  kbhitUart0                    
00004b87  getsUart0                     
00004e15  __aeabi_dsub                  
00004e1f  __aeabi_dadd                  
00004fcb  __aeabi_idiv0                 
00004fcb  __aeabi_ldiv0                 
00004fcd  initSpi0                      
00005069  setSpi0BaudRate               
0000509f  setSpi0Mode                   
000050ed  writeSpi0Data                 
00005105  readSpi0Data                  
00005269  __aeabi_ddiv                  
000054c5  ldexp                         
000054c5  ldexpl                        
000054c5  scalbn                        
000054c5  scalbnl                       
000055d5  __aeabi_dmul                  
00005783  __aeabi_memcpy                
00005783  __aeabi_memcpy4               
00005783  __aeabi_memcpy8               
00005783  memcpy                        
0000581f  __aeabi_uldivmod              
000058b5  __aeabi_cdcmpeq               
000058b5  __aeabi_cdcmple               
0000593b  __aeabi_cdrcmple              
000059c1  __aeabi_memclr                
000059c1  __aeabi_memclr4               
000059c1  __aeabi_memclr8               
000059c3  __aeabi_memset                
000059c3  __aeabi_memset4               
000059c3  __aeabi_memset8               
000059c9  memset                        
00005aa9  __TI_decompress_lzss          
00005b11  frexp                         
00005b11  frexpl                        
00005bcb  __TI_ltoa                     
00005c71  atoi                          
00005cbd  HOSTtime                      
00005d05  __aeabi_d2iz                  
00005d4d  __TI_auto_init_nobinit_nopinit
00005d91  sprintf                       
00005e11  __TI_writemsg                 
00005e3f  C$$IO$$                       
00005e49  __TI_readmsg                  
00005e7d  _c_int00_noargs               
00005eb1  rand                          
00005ee5  __aeabi_i2d                   
00005f15  srand                         
00005f39  waitMicrosecond               
00005f5d  __TI_zero_init_nomemset       
00005f79  memccpy                       
00005f95  copysign                      
00005f95  copysignl                     
00005fc7  strcmp                        
00005fdf  strchr                        
00005ff5  strlen                        
00006009  wcslen                        
0000601b  __time32                      
0000601b  time                          
00006029  __TI_decompress_none          
00006037  ResetISR                      
0000604d  __aeabi_errno_addr            
00006055  _system_pre_init              
00006059  C$$EXIT                       
00006059  abort                         
0000605c  _ctypes_                      
0000621c  __TI_Handler_Table_Base       
00006228  __TI_Handler_Table_Limit      
00006230  __TI_CINIT_Base               
00006240  __TI_CINIT_Limit              
20000000  __stack                       
20000000  __start___llvm_prf_cnts       
20000000  __stop___llvm_prf_cnts        
20000200  __STACK_TOP                   
20001000  __CIOBUF_                     
20001000  __STACK_END                   
20001120  data                          
2000119a  str                           
200011ce  parmbuf                       
200011d8  publishData                   
200011dc  publishTopic                  
200011e0  curTcpState                   
200011e4  sequence                      
200011e8  acknowledge                   
200011ec  sequence_mqtt                 
200011f0  acknowledge_mqtt              
200011f4  source_port                   
200011f6  access_html_page              
200011f8  clientID                      
200011fc  a                             
20001200  _lock                         
20001204  _unlock                       
20001208  destMacAddress                
2000120e  hwAddress                     
20001214  mqttMacAddress                
2000121a  html_ip_address               
2000121e  ipAddress                     
20001222  ipGwAddress                   
20001226  ipSubnetMask                  
2000122a  mqttIpAddress                 
2000122e  flag                          
2000122f  mqttlive                      
20001230  errno                         
20001238  nextPacketLsb                 
20001239  nextPacketMsb                 
2000123a  sequenceId                    
ffffffff  __TI_pprof_out_hndl           
ffffffff  __TI_prof_data_size           
ffffffff  __TI_prof_data_start          
ffffffff  __binit__                     
ffffffff  __c_args__                    
ffffffff  binit                         
UNDEFED   __mpu_init                    
UNDEFED   _system_post_cinit            

[245 symbols]
