<?xml version="1.0" encoding="ISO-8859-1" ?>
<link_info>
   <banner>TI ARM Linker PC v20.2.5.LTS</banner>
   <copyright>Copyright (c) 1996-2018 Texas Instruments Incorporated</copyright>
   <link_time>0x626ac863</link_time>
   <link_errors>0x0</link_errors>
   <output_file>tcpworking.out</output_file>
   <entry_point>
      <name>_c_int00_noargs</name>
      <address>0x5e7d</address>
   </entry_point>
   <input_file_list>
      <input_file id="fl-2">
         <path>.\</path>
         <kind>object</kind>
         <file>TCP.obj</file>
         <name>TCP.obj</name>
      </input_file>
      <input_file id="fl-3">
         <path>.\</path>
         <kind>object</kind>
         <file>clock.obj</file>
         <name>clock.obj</name>
      </input_file>
      <input_file id="fl-4">
         <path>.\</path>
         <kind>object</kind>
         <file>eeprom.obj</file>
         <name>eeprom.obj</name>
      </input_file>
      <input_file id="fl-5">
         <path>.\</path>
         <kind>object</kind>
         <file>eth0.obj</file>
         <name>eth0.obj</name>
      </input_file>
      <input_file id="fl-6">
         <path>.\</path>
         <kind>object</kind>
         <file>ethernet.obj</file>
         <name>ethernet.obj</name>
      </input_file>
      <input_file id="fl-7">
         <path>.\</path>
         <kind>object</kind>
         <file>gpio.obj</file>
         <name>gpio.obj</name>
      </input_file>
      <input_file id="fl-8">
         <path>.\</path>
         <kind>object</kind>
         <file>input.obj</file>
         <name>input.obj</name>
      </input_file>
      <input_file id="fl-9">
         <path>.\</path>
         <kind>object</kind>
         <file>mqtt.obj</file>
         <name>mqtt.obj</name>
      </input_file>
      <input_file id="fl-a">
         <path>.\</path>
         <kind>object</kind>
         <file>spi0.obj</file>
         <name>spi0.obj</name>
      </input_file>
      <input_file id="fl-b">
         <path>.\</path>
         <kind>object</kind>
         <file>timer.obj</file>
         <name>timer.obj</name>
      </input_file>
      <input_file id="fl-c">
         <path>.\</path>
         <kind>object</kind>
         <file>tm4c123gh6pm_startup_ccs.obj</file>
         <name>tm4c123gh6pm_startup_ccs.obj</name>
      </input_file>
      <input_file id="fl-d">
         <path>.\</path>
         <kind>object</kind>
         <file>uart0.obj</file>
         <name>uart0.obj</name>
      </input_file>
      <input_file id="fl-e">
         <path>.\</path>
         <kind>object</kind>
         <file>wait.obj</file>
         <name>wait.obj</name>
      </input_file>
      <input_file id="fl-12">
         <kind>object</kind>
         <file>&lt;internal&gt;</file>
         <name>&lt;internal&gt;</name>
      </input_file>
      <input_file id="fl-c8">
         <path>C:\ti\ccs1110\ccs\tools\compiler\ti-cgt-arm_20.2.5.LTS\lib\</path>
         <kind>archive</kind>
         <file>rtsv7M4_T_le_v4SPD16_eabi.lib</file>
         <name>sprintf.c.obj</name>
      </input_file>
      <input_file id="fl-c9">
         <path>C:\ti\ccs1110\ccs\tools\compiler\ti-cgt-arm_20.2.5.LTS\lib\</path>
         <kind>archive</kind>
         <file>rtsv7M4_T_le_v4SPD16_eabi.lib</file>
         <name>memcpy_t2.asm.obj</name>
      </input_file>
      <input_file id="fl-ca">
         <path>C:\ti\ccs1110\ccs\tools\compiler\ti-cgt-arm_20.2.5.LTS\lib\</path>
         <kind>archive</kind>
         <file>rtsv7M4_T_le_v4SPD16_eabi.lib</file>
         <name>memset_t2.asm.obj</name>
      </input_file>
      <input_file id="fl-cb">
         <path>C:\ti\ccs1110\ccs\tools\compiler\ti-cgt-arm_20.2.5.LTS\lib\</path>
         <kind>archive</kind>
         <file>rtsv7M4_T_le_v4SPD16_eabi.lib</file>
         <name>copy_zero_init.c.obj</name>
      </input_file>
      <input_file id="fl-cc">
         <path>C:\ti\ccs1110\ccs\tools\compiler\ti-cgt-arm_20.2.5.LTS\lib\</path>
         <kind>archive</kind>
         <file>rtsv7M4_T_le_v4SPD16_eabi.lib</file>
         <name>copy_decompress_none.c.obj</name>
      </input_file>
      <input_file id="fl-cd">
         <path>C:\ti\ccs1110\ccs\tools\compiler\ti-cgt-arm_20.2.5.LTS\lib\</path>
         <kind>archive</kind>
         <file>rtsv7M4_T_le_v4SPD16_eabi.lib</file>
         <name>copy_decompress_lzss.c.obj</name>
      </input_file>
      <input_file id="fl-ce">
         <path>C:\ti\ccs1110\ccs\tools\compiler\ti-cgt-arm_20.2.5.LTS\lib\</path>
         <kind>archive</kind>
         <file>rtsv7M4_T_le_v4SPD16_eabi.lib</file>
         <name>rand.c.obj</name>
      </input_file>
      <input_file id="fl-cf">
         <path>C:\ti\ccs1110\ccs\tools\compiler\ti-cgt-arm_20.2.5.LTS\lib\</path>
         <kind>archive</kind>
         <file>rtsv7M4_T_le_v4SPD16_eabi.lib</file>
         <name>strcmp.c.obj</name>
      </input_file>
      <input_file id="fl-d0">
         <path>C:\ti\ccs1110\ccs\tools\compiler\ti-cgt-arm_20.2.5.LTS\lib\</path>
         <kind>archive</kind>
         <file>rtsv7M4_T_le_v4SPD16_eabi.lib</file>
         <name>boot_cortex_m.c.obj</name>
      </input_file>
      <input_file id="fl-d1">
         <path>C:\ti\ccs1110\ccs\tools\compiler\ti-cgt-arm_20.2.5.LTS\lib\</path>
         <kind>archive</kind>
         <file>rtsv7M4_T_le_v4SPD16_eabi.lib</file>
         <name>time.c.obj</name>
      </input_file>
      <input_file id="fl-d2">
         <path>C:\ti\ccs1110\ccs\tools\compiler\ti-cgt-arm_20.2.5.LTS\lib\</path>
         <kind>archive</kind>
         <file>rtsv7M4_T_le_v4SPD16_eabi.lib</file>
         <name>_printfi.c.obj</name>
      </input_file>
      <input_file id="fl-d3">
         <path>C:\ti\ccs1110\ccs\tools\compiler\ti-cgt-arm_20.2.5.LTS\lib\</path>
         <kind>archive</kind>
         <file>rtsv7M4_T_le_v4SPD16_eabi.lib</file>
         <name>s_frexp.c.obj</name>
      </input_file>
      <input_file id="fl-d4">
         <path>C:\ti\ccs1110\ccs\tools\compiler\ti-cgt-arm_20.2.5.LTS\lib\</path>
         <kind>archive</kind>
         <file>rtsv7M4_T_le_v4SPD16_eabi.lib</file>
         <name>s_scalbn.c.obj</name>
      </input_file>
      <input_file id="fl-d5">
         <path>C:\ti\ccs1110\ccs\tools\compiler\ti-cgt-arm_20.2.5.LTS\lib\</path>
         <kind>archive</kind>
         <file>rtsv7M4_T_le_v4SPD16_eabi.lib</file>
         <name>wcslen.c.obj</name>
      </input_file>
      <input_file id="fl-d6">
         <path>C:\ti\ccs1110\ccs\tools\compiler\ti-cgt-arm_20.2.5.LTS\lib\</path>
         <kind>archive</kind>
         <file>rtsv7M4_T_le_v4SPD16_eabi.lib</file>
         <name>fd_add_t2.asm.obj</name>
      </input_file>
      <input_file id="fl-d7">
         <path>C:\ti\ccs1110\ccs\tools\compiler\ti-cgt-arm_20.2.5.LTS\lib\</path>
         <kind>archive</kind>
         <file>rtsv7M4_T_le_v4SPD16_eabi.lib</file>
         <name>fd_cmp_t2.asm.obj</name>
      </input_file>
      <input_file id="fl-d8">
         <path>C:\ti\ccs1110\ccs\tools\compiler\ti-cgt-arm_20.2.5.LTS\lib\</path>
         <kind>archive</kind>
         <file>rtsv7M4_T_le_v4SPD16_eabi.lib</file>
         <name>fd_div_t2.asm.obj</name>
      </input_file>
      <input_file id="fl-d9">
         <path>C:\ti\ccs1110\ccs\tools\compiler\ti-cgt-arm_20.2.5.LTS\lib\</path>
         <kind>archive</kind>
         <file>rtsv7M4_T_le_v4SPD16_eabi.lib</file>
         <name>fd_mul_t2.asm.obj</name>
      </input_file>
      <input_file id="fl-da">
         <path>C:\ti\ccs1110\ccs\tools\compiler\ti-cgt-arm_20.2.5.LTS\lib\</path>
         <kind>archive</kind>
         <file>rtsv7M4_T_le_v4SPD16_eabi.lib</file>
         <name>fd_toi_t2.asm.obj</name>
      </input_file>
      <input_file id="fl-db">
         <path>C:\ti\ccs1110\ccs\tools\compiler\ti-cgt-arm_20.2.5.LTS\lib\</path>
         <kind>archive</kind>
         <file>rtsv7M4_T_le_v4SPD16_eabi.lib</file>
         <name>i_tofd_t2.asm.obj</name>
      </input_file>
      <input_file id="fl-dc">
         <path>C:\ti\ccs1110\ccs\tools\compiler\ti-cgt-arm_20.2.5.LTS\lib\</path>
         <kind>archive</kind>
         <file>rtsv7M4_T_le_v4SPD16_eabi.lib</file>
         <name>ull_div_t2.asm.obj</name>
      </input_file>
      <input_file id="fl-dd">
         <path>C:\ti\ccs1110\ccs\tools\compiler\ti-cgt-arm_20.2.5.LTS\lib\</path>
         <kind>archive</kind>
         <file>rtsv7M4_T_le_v4SPD16_eabi.lib</file>
         <name>autoinit.c.obj</name>
      </input_file>
      <input_file id="fl-de">
         <path>C:\ti\ccs1110\ccs\tools\compiler\ti-cgt-arm_20.2.5.LTS\lib\</path>
         <kind>archive</kind>
         <file>rtsv7M4_T_le_v4SPD16_eabi.lib</file>
         <name>pre_init.c.obj</name>
      </input_file>
      <input_file id="fl-df">
         <path>C:\ti\ccs1110\ccs\tools\compiler\ti-cgt-arm_20.2.5.LTS\lib\</path>
         <kind>archive</kind>
         <file>rtsv7M4_T_le_v4SPD16_eabi.lib</file>
         <name>cpy_tbl.c.obj</name>
      </input_file>
      <input_file id="fl-e0">
         <path>C:\ti\ccs1110\ccs\tools\compiler\ti-cgt-arm_20.2.5.LTS\lib\</path>
         <kind>archive</kind>
         <file>rtsv7M4_T_le_v4SPD16_eabi.lib</file>
         <name>exit.c.obj</name>
      </input_file>
      <input_file id="fl-e1">
         <path>C:\ti\ccs1110\ccs\tools\compiler\ti-cgt-arm_20.2.5.LTS\lib\</path>
         <kind>archive</kind>
         <file>rtsv7M4_T_le_v4SPD16_eabi.lib</file>
         <name>_lock.c.obj</name>
      </input_file>
      <input_file id="fl-e2">
         <path>C:\ti\ccs1110\ccs\tools\compiler\ti-cgt-arm_20.2.5.LTS\lib\</path>
         <kind>archive</kind>
         <file>rtsv7M4_T_le_v4SPD16_eabi.lib</file>
         <name>_ltoa.c.obj</name>
      </input_file>
      <input_file id="fl-e3">
         <path>C:\ti\ccs1110\ccs\tools\compiler\ti-cgt-arm_20.2.5.LTS\lib\</path>
         <kind>archive</kind>
         <file>rtsv7M4_T_le_v4SPD16_eabi.lib</file>
         <name>args_main.c.obj</name>
      </input_file>
      <input_file id="fl-e4">
         <path>C:\ti\ccs1110\ccs\tools\compiler\ti-cgt-arm_20.2.5.LTS\lib\</path>
         <kind>archive</kind>
         <file>rtsv7M4_T_le_v4SPD16_eabi.lib</file>
         <name>atoi.c.obj</name>
      </input_file>
      <input_file id="fl-e5">
         <path>C:\ti\ccs1110\ccs\tools\compiler\ti-cgt-arm_20.2.5.LTS\lib\</path>
         <kind>archive</kind>
         <file>rtsv7M4_T_le_v4SPD16_eabi.lib</file>
         <name>ctype.c.obj</name>
      </input_file>
      <input_file id="fl-e6">
         <path>C:\ti\ccs1110\ccs\tools\compiler\ti-cgt-arm_20.2.5.LTS\lib\</path>
         <kind>archive</kind>
         <file>rtsv7M4_T_le_v4SPD16_eabi.lib</file>
         <name>memccpy.c.obj</name>
      </input_file>
      <input_file id="fl-e7">
         <path>C:\ti\ccs1110\ccs\tools\compiler\ti-cgt-arm_20.2.5.LTS\lib\</path>
         <kind>archive</kind>
         <file>rtsv7M4_T_le_v4SPD16_eabi.lib</file>
         <name>strchr.c.obj</name>
      </input_file>
      <input_file id="fl-e8">
         <path>C:\ti\ccs1110\ccs\tools\compiler\ti-cgt-arm_20.2.5.LTS\lib\</path>
         <kind>archive</kind>
         <file>rtsv7M4_T_le_v4SPD16_eabi.lib</file>
         <name>strlen.c.obj</name>
      </input_file>
      <input_file id="fl-e9">
         <path>C:\ti\ccs1110\ccs\tools\compiler\ti-cgt-arm_20.2.5.LTS\lib\</path>
         <kind>archive</kind>
         <file>rtsv7M4_T_le_v4SPD16_eabi.lib</file>
         <name>errno.c.obj</name>
      </input_file>
      <input_file id="fl-ea">
         <path>C:\ti\ccs1110\ccs\tools\compiler\ti-cgt-arm_20.2.5.LTS\lib\</path>
         <kind>archive</kind>
         <file>rtsv7M4_T_le_v4SPD16_eabi.lib</file>
         <name>hosttime.c.obj</name>
      </input_file>
      <input_file id="fl-eb">
         <path>C:\ti\ccs1110\ccs\tools\compiler\ti-cgt-arm_20.2.5.LTS\lib\</path>
         <kind>archive</kind>
         <file>rtsv7M4_T_le_v4SPD16_eabi.lib</file>
         <name>trgmsg.c.obj</name>
      </input_file>
      <input_file id="fl-ec">
         <path>C:\ti\ccs1110\ccs\tools\compiler\ti-cgt-arm_20.2.5.LTS\lib\</path>
         <kind>archive</kind>
         <file>rtsv7M4_T_le_v4SPD16_eabi.lib</file>
         <name>s_copysign.c.obj</name>
      </input_file>
      <input_file id="fl-ed">
         <path>C:\ti\ccs1110\ccs\tools\compiler\ti-cgt-arm_20.2.5.LTS\lib\</path>
         <kind>archive</kind>
         <file>rtsv7M4_T_le_v4SPD16_eabi.lib</file>
         <name>div0.asm.obj</name>
      </input_file>
      <input_file id="fl-ee">
         <path>C:\ti\ccs1110\ccs\tools\compiler\ti-cgt-arm_20.2.5.LTS\lib\</path>
         <kind>archive</kind>
         <file>rtsv7M4_T_le_v4SPD16_eabi.lib</file>
         <name>hostopen.c.obj</name>
      </input_file>
   </input_file_list>
   <object_component_list>
      <object_component id="oc-12">
         <name>.intvecs</name>
         <load_address>0x0</load_address>
         <run_address>0x0</run_address>
         <size>0x26c</size>
         <input_file_ref idref="fl-c"/>
      </object_component>
      <object_component id="oc-d4">
         <name>.text</name>
         <load_address>0x26c</load_address>
         <run_address>0x26c</run_address>
         <size>0x129c</size>
         <input_file_ref idref="fl-5"/>
      </object_component>
      <object_component id="oc-f8">
         <name>.text</name>
         <load_address>0x1508</load_address>
         <run_address>0x1508</run_address>
         <size>0xc3c</size>
         <input_file_ref idref="fl-2"/>
      </object_component>
      <object_component id="oc-206">
         <name>.text:__TI_printfi</name>
         <load_address>0x2144</load_address>
         <run_address>0x2144</run_address>
         <size>0xa4e</size>
         <input_file_ref idref="fl-d2"/>
      </object_component>
      <object_component id="oc-23d">
         <name>.text:_nop</name>
         <load_address>0x2b92</load_address>
         <run_address>0x2b92</run_address>
         <size>0x2</size>
         <input_file_ref idref="fl-e1"/>
      </object_component>
      <object_component id="oc-fe">
         <name>.text</name>
         <load_address>0x2b94</load_address>
         <run_address>0x2b94</run_address>
         <size>0x944</size>
         <input_file_ref idref="fl-9"/>
      </object_component>
      <object_component id="oc-c8">
         <name>.text</name>
         <load_address>0x34d8</load_address>
         <run_address>0x34d8</run_address>
         <size>0x7e4</size>
         <input_file_ref idref="fl-7"/>
      </object_component>
      <object_component id="oc-e0">
         <name>.text</name>
         <load_address>0x3cbc</load_address>
         <run_address>0x3cbc</run_address>
         <size>0x770</size>
         <input_file_ref idref="fl-8"/>
      </object_component>
      <object_component id="oc-9b">
         <name>.text</name>
         <load_address>0x442c</load_address>
         <run_address>0x442c</run_address>
         <size>0x3a0</size>
         <input_file_ref idref="fl-6"/>
      </object_component>
      <object_component id="oc-296">
         <name>.text:_pconv_a</name>
         <load_address>0x47cc</load_address>
         <run_address>0x47cc</run_address>
         <size>0x270</size>
         <input_file_ref idref="fl-d2"/>
      </object_component>
      <object_component id="oc-ce">
         <name>.text</name>
         <load_address>0x4a3c</load_address>
         <run_address>0x4a3c</run_address>
         <size>0x208</size>
         <input_file_ref idref="fl-d"/>
      </object_component>
      <object_component id="oc-284">
         <name>.text:_pconv_g</name>
         <load_address>0x4c44</load_address>
         <run_address>0x4c44</run_address>
         <size>0x1d0</size>
         <input_file_ref idref="fl-d2"/>
      </object_component>
      <object_component id="oc-307">
         <name>.text</name>
         <load_address>0x4e14</load_address>
         <run_address>0x4e14</run_address>
         <size>0x1b6</size>
         <input_file_ref idref="fl-d6"/>
      </object_component>
      <object_component id="oc-364">
         <name>.text</name>
         <load_address>0x4fca</load_address>
         <run_address>0x4fca</run_address>
         <size>0x2</size>
         <input_file_ref idref="fl-ed"/>
      </object_component>
      <object_component id="oc-169">
         <name>.text</name>
         <load_address>0x4fcc</load_address>
         <run_address>0x4fcc</run_address>
         <size>0x160</size>
         <input_file_ref idref="fl-a"/>
      </object_component>
      <object_component id="oc-290">
         <name>.text:_pconv_e</name>
         <load_address>0x512c</load_address>
         <run_address>0x512c</run_address>
         <size>0x13c</size>
         <input_file_ref idref="fl-d2"/>
      </object_component>
      <object_component id="oc-2ed">
         <name>.text</name>
         <load_address>0x5268</load_address>
         <run_address>0x5268</run_address>
         <size>0x136</size>
         <input_file_ref idref="fl-d8"/>
      </object_component>
      <object_component id="oc-319">
         <name>.text:fcvt</name>
         <load_address>0x53a0</load_address>
         <run_address>0x53a0</run_address>
         <size>0x124</size>
         <input_file_ref idref="fl-d2"/>
      </object_component>
      <object_component id="oc-32d">
         <name>.text:scalbn</name>
         <load_address>0x54c4</load_address>
         <run_address>0x54c4</run_address>
         <size>0x110</size>
         <input_file_ref idref="fl-d4"/>
      </object_component>
      <object_component id="oc-2e8">
         <name>.text</name>
         <load_address>0x55d4</load_address>
         <run_address>0x55d4</run_address>
         <size>0xfc</size>
         <input_file_ref idref="fl-d9"/>
      </object_component>
      <object_component id="oc-279">
         <name>.text:_ltostr</name>
         <load_address>0x56d0</load_address>
         <run_address>0x56d0</run_address>
         <size>0xb1</size>
         <input_file_ref idref="fl-d2"/>
      </object_component>
      <object_component id="oc-3b">
         <name>.text</name>
         <load_address>0x5782</load_address>
         <run_address>0x5782</run_address>
         <size>0x9c</size>
         <input_file_ref idref="fl-c9"/>
      </object_component>
      <object_component id="oc-2e1">
         <name>.text</name>
         <load_address>0x581e</load_address>
         <run_address>0x581e</run_address>
         <size>0x96</size>
         <input_file_ref idref="fl-dc"/>
      </object_component>
      <object_component id="oc-27f">
         <name>.text:__aeabi_cdcmple</name>
         <load_address>0x58b4</load_address>
         <run_address>0x58b4</run_address>
         <size>0x86</size>
         <input_file_ref idref="fl-d7"/>
      </object_component>
      <object_component id="oc-2f2">
         <name>.text:__aeabi_cdrcmple</name>
         <load_address>0x593a</load_address>
         <run_address>0x593a</run_address>
         <size>0x86</size>
         <input_file_ref idref="fl-d7"/>
      </object_component>
      <object_component id="oc-8f">
         <name>.text</name>
         <load_address>0x59c0</load_address>
         <run_address>0x59c0</run_address>
         <size>0x7a</size>
         <input_file_ref idref="fl-ca"/>
      </object_component>
      <object_component id="oc-312">
         <name>.text:_mcpy</name>
         <load_address>0x5a3a</load_address>
         <run_address>0x5a3a</run_address>
         <size>0x6e</size>
         <input_file_ref idref="fl-d2"/>
      </object_component>
      <object_component id="oc-15">
         <name>.text:decompress:lzss:__TI_decompress_lzss</name>
         <load_address>0x5aa8</load_address>
         <run_address>0x5aa8</run_address>
         <size>0x68</size>
         <input_file_ref idref="fl-cd"/>
      </object_component>
      <object_component id="oc-327">
         <name>.text:frexp</name>
         <load_address>0x5b10</load_address>
         <run_address>0x5b10</run_address>
         <size>0x64</size>
         <input_file_ref idref="fl-d3"/>
      </object_component>
      <object_component id="oc-28a">
         <name>.text:_pconv_f</name>
         <load_address>0x5b74</load_address>
         <run_address>0x5b74</run_address>
         <size>0x56</size>
         <input_file_ref idref="fl-d2"/>
      </object_component>
      <object_component id="oc-2fc">
         <name>.text:__TI_ltoa</name>
         <load_address>0x5bca</load_address>
         <run_address>0x5bca</run_address>
         <size>0x54</size>
         <input_file_ref idref="fl-e2"/>
      </object_component>
      <object_component id="oc-30c">
         <name>.text:_ecpy</name>
         <load_address>0x5c1e</load_address>
         <run_address>0x5c1e</run_address>
         <size>0x52</size>
         <input_file_ref idref="fl-d2"/>
      </object_component>
      <object_component id="oc-273">
         <name>.text:atoi</name>
         <load_address>0x5c70</load_address>
         <run_address>0x5c70</run_address>
         <size>0x4c</size>
         <input_file_ref idref="fl-e4"/>
      </object_component>
      <object_component id="oc-19a">
         <name>.text:HOSTtime</name>
         <load_address>0x5cbc</load_address>
         <run_address>0x5cbc</run_address>
         <size>0x48</size>
         <input_file_ref idref="fl-ea"/>
      </object_component>
      <object_component id="oc-2f7">
         <name>.text</name>
         <load_address>0x5d04</load_address>
         <run_address>0x5d04</run_address>
         <size>0x48</size>
         <input_file_ref idref="fl-da"/>
      </object_component>
      <object_component id="oc-122">
         <name>.text:__TI_auto_init_nobinit_nopinit:__TI_auto_init_nobinit_nopinit</name>
         <load_address>0x5d4c</load_address>
         <run_address>0x5d4c</run_address>
         <size>0x44</size>
         <input_file_ref idref="fl-dd"/>
      </object_component>
      <object_component id="oc-18d">
         <name>.text:sprintf</name>
         <load_address>0x5d90</load_address>
         <run_address>0x5d90</run_address>
         <size>0x40</size>
         <input_file_ref idref="fl-c8"/>
      </object_component>
      <object_component id="oc-31f">
         <name>.text:_fcpy</name>
         <load_address>0x5dd0</load_address>
         <run_address>0x5dd0</run_address>
         <size>0x3e</size>
         <input_file_ref idref="fl-d2"/>
      </object_component>
      <object_component id="oc-221">
         <name>.text:__TI_writemsg</name>
         <load_address>0x5e10</load_address>
         <run_address>0x5e10</run_address>
         <size>0x38</size>
         <input_file_ref idref="fl-eb"/>
      </object_component>
      <object_component id="oc-227">
         <name>.text:__TI_readmsg</name>
         <load_address>0x5e48</load_address>
         <run_address>0x5e48</run_address>
         <size>0x34</size>
         <input_file_ref idref="fl-eb"/>
      </object_component>
      <object_component id="oc-59">
         <name>.text:_c_int00_noargs:_c_int00_noargs</name>
         <load_address>0x5e7c</load_address>
         <run_address>0x5e7c</run_address>
         <size>0x34</size>
         <input_file_ref idref="fl-d0"/>
      </object_component>
      <object_component id="oc-f2">
         <name>.text:rand</name>
         <load_address>0x5eb0</load_address>
         <run_address>0x5eb0</run_address>
         <size>0x34</size>
         <input_file_ref idref="fl-ce"/>
      </object_component>
      <object_component id="oc-302">
         <name>.text</name>
         <load_address>0x5ee4</load_address>
         <run_address>0x5ee4</run_address>
         <size>0x2e</size>
         <input_file_ref idref="fl-db"/>
      </object_component>
      <object_component id="oc-ec">
         <name>.text:srand</name>
         <load_address>0x5f14</load_address>
         <run_address>0x5f14</run_address>
         <size>0x24</size>
         <input_file_ref idref="fl-ce"/>
      </object_component>
      <object_component id="oc-da">
         <name>.text</name>
         <load_address>0x5f38</load_address>
         <run_address>0x5f38</run_address>
         <size>0x24</size>
         <input_file_ref idref="fl-e"/>
      </object_component>
      <object_component id="oc-47">
         <name>.text:decompress:ZI:__TI_zero_init_nomemset:__TI_zero_init_nomemset</name>
         <load_address>0x5f5c</load_address>
         <run_address>0x5f5c</run_address>
         <size>0x1c</size>
         <input_file_ref idref="fl-cb"/>
      </object_component>
      <object_component id="oc-29c">
         <name>.text:memccpy</name>
         <load_address>0x5f78</load_address>
         <run_address>0x5f78</run_address>
         <size>0x1c</size>
         <input_file_ref idref="fl-e6"/>
      </object_component>
      <object_component id="oc-37d">
         <name>.text:copysign</name>
         <load_address>0x5f94</load_address>
         <run_address>0x5f94</run_address>
         <size>0x1a</size>
         <input_file_ref idref="fl-ec"/>
      </object_component>
      <object_component id="oc-20c">
         <name>.text:_outs</name>
         <load_address>0x5fae</load_address>
         <run_address>0x5fae</run_address>
         <size>0x18</size>
         <input_file_ref idref="fl-c8"/>
      </object_component>
      <object_component id="oc-104">
         <name>.text:strcmp</name>
         <load_address>0x5fc6</load_address>
         <run_address>0x5fc6</run_address>
         <size>0x18</size>
         <input_file_ref idref="fl-cf"/>
      </object_component>
      <object_component id="oc-333">
         <name>.text:strchr</name>
         <load_address>0x5fde</load_address>
         <run_address>0x5fde</run_address>
         <size>0x16</size>
         <input_file_ref idref="fl-e7"/>
      </object_component>
      <object_component id="oc-26d">
         <name>.text:strlen</name>
         <load_address>0x5ff4</load_address>
         <run_address>0x5ff4</run_address>
         <size>0x14</size>
         <input_file_ref idref="fl-e8"/>
      </object_component>
      <object_component id="oc-2a2">
         <name>.text:wcslen</name>
         <load_address>0x6008</load_address>
         <run_address>0x6008</run_address>
         <size>0x12</size>
         <input_file_ref idref="fl-d5"/>
      </object_component>
      <object_component id="oc-e6">
         <name>.text:__time32</name>
         <load_address>0x601a</load_address>
         <run_address>0x601a</run_address>
         <size>0xe</size>
         <input_file_ref idref="fl-d1"/>
      </object_component>
      <object_component id="oc-1b">
         <name>.text:decompress:none:__TI_decompress_none</name>
         <load_address>0x6028</load_address>
         <run_address>0x6028</run_address>
         <size>0xe</size>
         <input_file_ref idref="fl-cc"/>
      </object_component>
      <object_component id="oc-27">
         <name>.text</name>
         <load_address>0x6036</load_address>
         <run_address>0x6036</run_address>
         <size>0xc</size>
         <input_file_ref idref="fl-c"/>
      </object_component>
      <object_component id="oc-212">
         <name>.text:_outc</name>
         <load_address>0x6042</load_address>
         <run_address>0x6042</run_address>
         <size>0xa</size>
         <input_file_ref idref="fl-c8"/>
      </object_component>
      <object_component id="oc-2a8">
         <name>.text:__aeabi_errno_addr</name>
         <load_address>0x604c</load_address>
         <run_address>0x604c</run_address>
         <size>0x8</size>
         <input_file_ref idref="fl-e9"/>
      </object_component>
      <object_component id="oc-95">
         <name>.text:_system_pre_init</name>
         <load_address>0x6054</load_address>
         <run_address>0x6054</run_address>
         <size>0x4</size>
         <input_file_ref idref="fl-de"/>
      </object_component>
      <object_component id="oc-116">
         <name>.text:abort:abort</name>
         <load_address>0x6058</load_address>
         <run_address>0x6058</run_address>
         <size>0x4</size>
         <input_file_ref idref="fl-e0"/>
      </object_component>
      <object_component id="oc-2dc">
         <name>.const:.string:_ctypes_</name>
         <load_address>0x605c</load_address>
         <run_address>0x605c</run_address>
         <size>0x101</size>
         <input_file_ref idref="fl-e5"/>
      </object_component>
      <object_component id="oc-1b8">
         <name>.const:.string</name>
         <load_address>0x6160</load_address>
         <run_address>0x6160</run_address>
         <size>0x90</size>
         <input_file_ref idref="fl-6"/>
      </object_component>
      <object_component id="oc-3d5">
         <name>.cinit..data.load</name>
         <load_address>0x61f0</load_address>
         <run_address>0x61f0</run_address>
         <size>0x2a</size>
      </object_component>
      <object_component id="oc-3d3">
         <name>__TI_handler_table</name>
         <load_address>0x621c</load_address>
         <run_address>0x621c</run_address>
         <size>0xc</size>
      </object_component>
      <object_component id="oc-3d6">
         <name>.cinit..bss.load</name>
         <load_address>0x6228</load_address>
         <run_address>0x6228</run_address>
         <size>0x8</size>
      </object_component>
      <object_component id="oc-3d4">
         <name>__TI_cinit_table</name>
         <load_address>0x6230</load_address>
         <run_address>0x6230</run_address>
         <size>0x10</size>
      </object_component>
      <object_component id="oc-1b0">
         <name>.data</name>
         <load_address>0x200011e0</load_address>
         <run_address>0x200011e0</run_address>
         <size>0x14</size>
         <input_file_ref idref="fl-2"/>
      </object_component>
      <object_component id="oc-16f">
         <name>.data</name>
         <load_address>0x20001238</load_address>
         <run_address>0x20001238</run_address>
         <size>0x3</size>
         <input_file_ref idref="fl-5"/>
      </object_component>
      <object_component id="oc-175">
         <name>.data:hwAddress</name>
         <load_address>0x2000120e</load_address>
         <run_address>0x2000120e</run_address>
         <size>0x6</size>
         <input_file_ref idref="fl-5"/>
      </object_component>
      <object_component id="oc-172">
         <name>.data:ipAddress</name>
         <load_address>0x2000121e</load_address>
         <run_address>0x2000121e</run_address>
         <size>0x4</size>
         <input_file_ref idref="fl-5"/>
      </object_component>
      <object_component id="oc-178">
         <name>.data:ipSubnetMask</name>
         <load_address>0x20001226</load_address>
         <run_address>0x20001226</run_address>
         <size>0x4</size>
         <input_file_ref idref="fl-5"/>
      </object_component>
      <object_component id="oc-17e">
         <name>.data:ipGwAddress</name>
         <load_address>0x20001222</load_address>
         <run_address>0x20001222</run_address>
         <size>0x4</size>
         <input_file_ref idref="fl-5"/>
      </object_component>
      <object_component id="oc-17b">
         <name>.data:html_ip_address</name>
         <load_address>0x2000121a</load_address>
         <run_address>0x2000121a</run_address>
         <size>0x4</size>
         <input_file_ref idref="fl-5"/>
      </object_component>
      <object_component id="oc-181">
         <name>.data:destMacAddress</name>
         <load_address>0x20001208</load_address>
         <run_address>0x20001208</run_address>
         <size>0x6</size>
         <input_file_ref idref="fl-5"/>
      </object_component>
      <object_component id="oc-10a">
         <name>.data</name>
         <load_address>0x200011f4</load_address>
         <run_address>0x200011f4</run_address>
         <size>0xc</size>
         <input_file_ref idref="fl-6"/>
      </object_component>
      <object_component id="oc-187">
         <name>.data</name>
         <load_address>0x2000122e</load_address>
         <run_address>0x2000122e</run_address>
         <size>0x1</size>
         <input_file_ref idref="fl-8"/>
      </object_component>
      <object_component id="oc-110">
         <name>.data:mqttIpAddress</name>
         <load_address>0x2000122a</load_address>
         <run_address>0x2000122a</run_address>
         <size>0x4</size>
         <input_file_ref idref="fl-9"/>
      </object_component>
      <object_component id="oc-10d">
         <name>.data:mqttMacAddress</name>
         <load_address>0x20001214</load_address>
         <run_address>0x20001214</run_address>
         <size>0x6</size>
         <input_file_ref idref="fl-9"/>
      </object_component>
      <object_component id="oc-194">
         <name>.data</name>
         <load_address>0x2000122f</load_address>
         <run_address>0x2000122f</run_address>
         <size>0x1</size>
         <input_file_ref idref="fl-9"/>
      </object_component>
      <object_component id="oc-1aa">
         <name>.data</name>
         <load_address>0x20001234</load_address>
         <run_address>0x20001234</run_address>
         <size>0x4</size>
         <input_file_ref idref="fl-ce"/>
      </object_component>
      <object_component id="oc-1a7">
         <name>.data:$O1$$</name>
         <load_address>0x20001200</load_address>
         <run_address>0x20001200</run_address>
         <size>0x8</size>
         <input_file_ref idref="fl-e1"/>
      </object_component>
      <object_component id="oc-343">
         <name>.data</name>
         <load_address>0x20001230</load_address>
         <run_address>0x20001230</run_address>
         <size>0x4</size>
         <input_file_ref idref="fl-e9"/>
      </object_component>
      <object_component id="oc-2be">
         <name>.bss:_CIOBUF_</name>
         <uninitialized>true</uninitialized>
         <run_address>0x20001000</run_address>
         <size>0x120</size>
         <input_file_ref idref="fl-eb"/>
      </object_component>
      <object_component id="oc-197">
         <name>.common:publishTopic</name>
         <uninitialized>true</uninitialized>
         <run_address>0x200011dc</run_address>
         <size>0x4</size>
      </object_component>
      <object_component id="oc-198">
         <name>.common:publishData</name>
         <uninitialized>true</uninitialized>
         <run_address>0x200011d8</run_address>
         <size>0x4</size>
      </object_component>
      <object_component id="oc-18a">
         <name>.common:str</name>
         <uninitialized>true</uninitialized>
         <run_address>0x2000119a</run_address>
         <size>0x34</size>
      </object_component>
      <object_component id="oc-193">
         <name>.common:data</name>
         <uninitialized>true</uninitialized>
         <run_address>0x20001120</run_address>
         <size>0x7a</size>
      </object_component>
      <object_component id="oc-22d">
         <name>.common:parmbuf</name>
         <uninitialized>true</uninitialized>
         <run_address>0x200011ce</run_address>
         <size>0x8</size>
      </object_component>
      <object_component id="oc-24">
         <name>.stack</name>
         <uninitialized>true</uninitialized>
         <run_address>0x20000000</run_address>
         <size>0x4</size>
         <input_file_ref idref="fl-d0"/>
      </object_component>
      <object_component id="oc-3d8">
         <name>.stack</name>
         <uninitialized>true</uninitialized>
         <run_address>0x20000000</run_address>
         <size>0x0</size>
      </object_component>
      <object_component id="oc-b7">
         <name>.debug_info</name>
         <load_address>0x0</load_address>
         <run_address>0x0</run_address>
         <size>0x54e</size>
         <input_file_ref idref="fl-2"/>
      </object_component>
      <object_component id="oc-1b1">
         <name>.debug_info</name>
         <load_address>0x54e</load_address>
         <run_address>0x54e</run_address>
         <size>0x175</size>
         <input_file_ref idref="fl-2"/>
      </object_component>
      <object_component id="oc-fc">
         <name>.debug_info</name>
         <load_address>0x6c3</load_address>
         <run_address>0x6c3</run_address>
         <size>0x1079</size>
         <input_file_ref idref="fl-2"/>
      </object_component>
      <object_component id="oc-70">
         <name>.debug_info</name>
         <load_address>0x173c</load_address>
         <run_address>0x173c</run_address>
         <size>0x26b</size>
         <input_file_ref idref="fl-2"/>
      </object_component>
      <object_component id="oc-1ec">
         <name>.debug_info</name>
         <load_address>0x19a7</load_address>
         <run_address>0x19a7</run_address>
         <size>0x8a</size>
         <input_file_ref idref="fl-2"/>
      </object_component>
      <object_component id="oc-b2">
         <name>.debug_info</name>
         <load_address>0x1a31</load_address>
         <run_address>0x1a31</run_address>
         <size>0x8b</size>
         <input_file_ref idref="fl-2"/>
      </object_component>
      <object_component id="oc-ad">
         <name>.debug_info</name>
         <load_address>0x1abc</load_address>
         <run_address>0x1abc</run_address>
         <size>0x2a4</size>
         <input_file_ref idref="fl-2"/>
      </object_component>
      <object_component id="oc-75">
         <name>.debug_info</name>
         <load_address>0x1d60</load_address>
         <run_address>0x1d60</run_address>
         <size>0xbb</size>
         <input_file_ref idref="fl-2"/>
      </object_component>
      <object_component id="oc-21a">
         <name>.debug_info</name>
         <load_address>0x1e1b</load_address>
         <run_address>0x1e1b</run_address>
         <size>0x2c</size>
         <input_file_ref idref="fl-2"/>
      </object_component>
      <object_component id="oc-156">
         <name>.debug_info</name>
         <load_address>0x1e47</load_address>
         <run_address>0x1e47</run_address>
         <size>0x502</size>
         <input_file_ref idref="fl-2"/>
      </object_component>
      <object_component id="oc-24f">
         <name>.debug_info</name>
         <load_address>0x2349</load_address>
         <run_address>0x2349</run_address>
         <size>0x2a5</size>
         <input_file_ref idref="fl-2"/>
      </object_component>
      <object_component id="oc-15b">
         <name>.debug_info</name>
         <load_address>0x25ee</load_address>
         <run_address>0x25ee</run_address>
         <size>0x145</size>
         <input_file_ref idref="fl-2"/>
      </object_component>
      <object_component id="oc-36">
         <name>.debug_info</name>
         <load_address>0x2733</load_address>
         <run_address>0x2733</run_address>
         <size>0x84</size>
         <input_file_ref idref="fl-3"/>
      </object_component>
      <object_component id="oc-185">
         <name>.debug_info</name>
         <load_address>0x27b7</load_address>
         <run_address>0x27b7</run_address>
         <size>0x4a7</size>
         <input_file_ref idref="fl-5"/>
      </object_component>
      <object_component id="oc-170">
         <name>.debug_info</name>
         <load_address>0x2c5e</load_address>
         <run_address>0x2c5e</run_address>
         <size>0x126</size>
         <input_file_ref idref="fl-5"/>
      </object_component>
      <object_component id="oc-176">
         <name>.debug_info</name>
         <load_address>0x2d84</load_address>
         <run_address>0x2d84</run_address>
         <size>0xce</size>
         <input_file_ref idref="fl-5"/>
      </object_component>
      <object_component id="oc-173">
         <name>.debug_info</name>
         <load_address>0x2e52</load_address>
         <run_address>0x2e52</run_address>
         <size>0xce</size>
         <input_file_ref idref="fl-5"/>
      </object_component>
      <object_component id="oc-179">
         <name>.debug_info</name>
         <load_address>0x2f20</load_address>
         <run_address>0x2f20</run_address>
         <size>0xd4</size>
         <input_file_ref idref="fl-5"/>
      </object_component>
      <object_component id="oc-17f">
         <name>.debug_info</name>
         <load_address>0x2ff4</load_address>
         <run_address>0x2ff4</run_address>
         <size>0xd2</size>
         <input_file_ref idref="fl-5"/>
      </object_component>
      <object_component id="oc-17c">
         <name>.debug_info</name>
         <load_address>0x30c6</load_address>
         <run_address>0x30c6</run_address>
         <size>0xda</size>
         <input_file_ref idref="fl-5"/>
      </object_component>
      <object_component id="oc-182">
         <name>.debug_info</name>
         <load_address>0x31a0</load_address>
         <run_address>0x31a0</run_address>
         <size>0xd8</size>
         <input_file_ref idref="fl-5"/>
      </object_component>
      <object_component id="oc-d7">
         <name>.debug_info</name>
         <load_address>0x3278</load_address>
         <run_address>0x3278</run_address>
         <size>0x2e10</size>
         <input_file_ref idref="fl-5"/>
      </object_component>
      <object_component id="oc-161">
         <name>.debug_info</name>
         <load_address>0x6088</load_address>
         <run_address>0x6088</run_address>
         <size>0x88</size>
         <input_file_ref idref="fl-5"/>
      </object_component>
      <object_component id="oc-114">
         <name>.debug_info</name>
         <load_address>0x6110</load_address>
         <run_address>0x6110</run_address>
         <size>0xda2</size>
         <input_file_ref idref="fl-6"/>
      </object_component>
      <object_component id="oc-10b">
         <name>.debug_info</name>
         <load_address>0x6eb2</load_address>
         <run_address>0x6eb2</run_address>
         <size>0x13b</size>
         <input_file_ref idref="fl-6"/>
      </object_component>
      <object_component id="oc-9c">
         <name>.debug_info</name>
         <load_address>0x6fed</load_address>
         <run_address>0x6fed</run_address>
         <size>0x8f3</size>
         <input_file_ref idref="fl-6"/>
      </object_component>
      <object_component id="oc-1c1">
         <name>.debug_info</name>
         <load_address>0x78e0</load_address>
         <run_address>0x78e0</run_address>
         <size>0x189</size>
         <input_file_ref idref="fl-6"/>
      </object_component>
      <object_component id="oc-1c6">
         <name>.debug_info</name>
         <load_address>0x7a69</load_address>
         <run_address>0x7a69</run_address>
         <size>0x35</size>
         <input_file_ref idref="fl-6"/>
      </object_component>
      <object_component id="oc-166">
         <name>.debug_info</name>
         <load_address>0x7a9e</load_address>
         <run_address>0x7a9e</run_address>
         <size>0x25d</size>
         <input_file_ref idref="fl-7"/>
      </object_component>
      <object_component id="oc-c9">
         <name>.debug_info</name>
         <load_address>0x7cfb</load_address>
         <run_address>0x7cfb</run_address>
         <size>0x1042</size>
         <input_file_ref idref="fl-7"/>
      </object_component>
      <object_component id="oc-18b">
         <name>.debug_info</name>
         <load_address>0x8d3d</load_address>
         <run_address>0x8d3d</run_address>
         <size>0x5ab</size>
         <input_file_ref idref="fl-8"/>
      </object_component>
      <object_component id="oc-188">
         <name>.debug_info</name>
         <load_address>0x92e8</load_address>
         <run_address>0x92e8</run_address>
         <size>0xc5</size>
         <input_file_ref idref="fl-8"/>
      </object_component>
      <object_component id="oc-e3">
         <name>.debug_info</name>
         <load_address>0x93ad</load_address>
         <run_address>0x93ad</run_address>
         <size>0xb40</size>
         <input_file_ref idref="fl-8"/>
      </object_component>
      <object_component id="oc-1b5">
         <name>.debug_info</name>
         <load_address>0x9eed</load_address>
         <run_address>0x9eed</run_address>
         <size>0x44d</size>
         <input_file_ref idref="fl-9"/>
      </object_component>
      <object_component id="oc-111">
         <name>.debug_info</name>
         <load_address>0xa33a</load_address>
         <run_address>0xa33a</run_address>
         <size>0xd6</size>
         <input_file_ref idref="fl-9"/>
      </object_component>
      <object_component id="oc-10e">
         <name>.debug_info</name>
         <load_address>0xa410</load_address>
         <run_address>0xa410</run_address>
         <size>0xd8</size>
         <input_file_ref idref="fl-9"/>
      </object_component>
      <object_component id="oc-195">
         <name>.debug_info</name>
         <load_address>0xa4e8</load_address>
         <run_address>0xa4e8</run_address>
         <size>0xcc</size>
         <input_file_ref idref="fl-9"/>
      </object_component>
      <object_component id="oc-100">
         <name>.debug_info</name>
         <load_address>0xa5b4</load_address>
         <run_address>0xa5b4</run_address>
         <size>0x11f5</size>
         <input_file_ref idref="fl-9"/>
      </object_component>
      <object_component id="oc-16d">
         <name>.debug_info</name>
         <load_address>0xb7a9</load_address>
         <run_address>0xb7a9</run_address>
         <size>0x44f</size>
         <input_file_ref idref="fl-a"/>
      </object_component>
      <object_component id="oc-2f">
         <name>.debug_info</name>
         <load_address>0xbbf8</load_address>
         <run_address>0xbbf8</run_address>
         <size>0x2a9</size>
         <input_file_ref idref="fl-c"/>
      </object_component>
      <object_component id="oc-13">
         <name>.debug_info</name>
         <load_address>0xbea1</load_address>
         <run_address>0xbea1</run_address>
         <size>0xe8</size>
         <input_file_ref idref="fl-c"/>
      </object_component>
      <object_component id="oc-2a">
         <name>.debug_info</name>
         <load_address>0xbf89</load_address>
         <run_address>0xbf89</run_address>
         <size>0x264</size>
         <input_file_ref idref="fl-c"/>
      </object_component>
      <object_component id="oc-168">
         <name>.debug_info</name>
         <load_address>0xc1ed</load_address>
         <run_address>0xc1ed</run_address>
         <size>0x28e</size>
         <input_file_ref idref="fl-d"/>
      </object_component>
      <object_component id="oc-cf">
         <name>.debug_info</name>
         <load_address>0xc47b</load_address>
         <run_address>0xc47b</run_address>
         <size>0x3da</size>
         <input_file_ref idref="fl-d"/>
      </object_component>
      <object_component id="oc-dd">
         <name>.debug_info</name>
         <load_address>0xc855</load_address>
         <run_address>0xc855</run_address>
         <size>0x11f</size>
         <input_file_ref idref="fl-e"/>
      </object_component>
      <object_component id="oc-219">
         <name>.debug_info</name>
         <load_address>0xc974</load_address>
         <run_address>0xc974</run_address>
         <size>0x333</size>
         <input_file_ref idref="fl-c8"/>
      </object_component>
      <object_component id="oc-190">
         <name>.debug_info</name>
         <load_address>0xcca7</load_address>
         <run_address>0xcca7</run_address>
         <size>0x1d1</size>
         <input_file_ref idref="fl-c8"/>
      </object_component>
      <object_component id="oc-210">
         <name>.debug_info</name>
         <load_address>0xce78</load_address>
         <run_address>0xce78</run_address>
         <size>0x18d</size>
         <input_file_ref idref="fl-c8"/>
      </object_component>
      <object_component id="oc-214">
         <name>.debug_info</name>
         <load_address>0xd005</load_address>
         <run_address>0xd005</run_address>
         <size>0x16d</size>
         <input_file_ref idref="fl-c8"/>
      </object_component>
      <object_component id="oc-34a">
         <name>.debug_info</name>
         <load_address>0xd172</load_address>
         <run_address>0xd172</run_address>
         <size>0x2c</size>
         <input_file_ref idref="fl-c8"/>
      </object_component>
      <object_component id="oc-3d">
         <name>.debug_info</name>
         <load_address>0xd19e</load_address>
         <run_address>0xd19e</run_address>
         <size>0x119</size>
         <input_file_ref idref="fl-c9"/>
      </object_component>
      <object_component id="oc-90">
         <name>.debug_info</name>
         <load_address>0xd2b7</load_address>
         <run_address>0xd2b7</run_address>
         <size>0x147</size>
         <input_file_ref idref="fl-ca"/>
      </object_component>
      <object_component id="oc-8e">
         <name>.debug_info</name>
         <load_address>0xd3fe</load_address>
         <run_address>0xd3fe</run_address>
         <size>0x2d4</size>
         <input_file_ref idref="fl-cb"/>
      </object_component>
      <object_component id="oc-49">
         <name>.debug_info</name>
         <load_address>0xd6d2</load_address>
         <run_address>0xd6d2</run_address>
         <size>0x1d2</size>
         <input_file_ref idref="fl-cb"/>
      </object_component>
      <object_component id="oc-89">
         <name>.debug_info</name>
         <load_address>0xd8a4</load_address>
         <run_address>0xd8a4</run_address>
         <size>0x46</size>
         <input_file_ref idref="fl-cb"/>
      </object_component>
      <object_component id="oc-bf">
         <name>.debug_info</name>
         <load_address>0xd8ea</load_address>
         <run_address>0xd8ea</run_address>
         <size>0x2c</size>
         <input_file_ref idref="fl-cb"/>
      </object_component>
      <object_component id="oc-46">
         <name>.debug_info</name>
         <load_address>0xd916</load_address>
         <run_address>0xd916</run_address>
         <size>0x2a8</size>
         <input_file_ref idref="fl-cc"/>
      </object_component>
      <object_component id="oc-1f">
         <name>.debug_info</name>
         <load_address>0xdbbe</load_address>
         <run_address>0xdbbe</run_address>
         <size>0x1ea</size>
         <input_file_ref idref="fl-cc"/>
      </object_component>
      <object_component id="oc-41">
         <name>.debug_info</name>
         <load_address>0xdda8</load_address>
         <run_address>0xdda8</run_address>
         <size>0x46</size>
         <input_file_ref idref="fl-cc"/>
      </object_component>
      <object_component id="oc-81">
         <name>.debug_info</name>
         <load_address>0xddee</load_address>
         <run_address>0xddee</run_address>
         <size>0x2c</size>
         <input_file_ref idref="fl-cc"/>
      </object_component>
      <object_component id="oc-7f">
         <name>.debug_info</name>
         <load_address>0xde1a</load_address>
         <run_address>0xde1a</run_address>
         <size>0x29e</size>
         <input_file_ref idref="fl-cd"/>
      </object_component>
      <object_component id="oc-17">
         <name>.debug_info</name>
         <load_address>0xe0b8</load_address>
         <run_address>0xe0b8</run_address>
         <size>0x250</size>
         <input_file_ref idref="fl-cd"/>
      </object_component>
      <object_component id="oc-31">
         <name>.debug_info</name>
         <load_address>0xe308</load_address>
         <run_address>0xe308</run_address>
         <size>0x60</size>
         <input_file_ref idref="fl-cd"/>
      </object_component>
      <object_component id="oc-b8">
         <name>.debug_info</name>
         <load_address>0xe368</load_address>
         <run_address>0xe368</run_address>
         <size>0x46</size>
         <input_file_ref idref="fl-cd"/>
      </object_component>
      <object_component id="oc-7a">
         <name>.debug_info</name>
         <load_address>0xe3ae</load_address>
         <run_address>0xe3ae</run_address>
         <size>0x39</size>
         <input_file_ref idref="fl-cd"/>
      </object_component>
      <object_component id="oc-1ae">
         <name>.debug_info</name>
         <load_address>0xe3e7</load_address>
         <run_address>0xe3e7</run_address>
         <size>0x2ba</size>
         <input_file_ref idref="fl-ce"/>
      </object_component>
      <object_component id="oc-1ab">
         <name>.debug_info</name>
         <load_address>0xe6a1</load_address>
         <run_address>0xe6a1</run_address>
         <size>0xfb</size>
         <input_file_ref idref="fl-ce"/>
      </object_component>
      <object_component id="oc-ed">
         <name>.debug_info</name>
         <load_address>0xe79c</load_address>
         <run_address>0xe79c</run_address>
         <size>0x15d</size>
         <input_file_ref idref="fl-ce"/>
      </object_component>
      <object_component id="oc-f4">
         <name>.debug_info</name>
         <load_address>0xe8f9</load_address>
         <run_address>0xe8f9</run_address>
         <size>0x13d</size>
         <input_file_ref idref="fl-ce"/>
      </object_component>
      <object_component id="oc-1b7">
         <name>.debug_info</name>
         <load_address>0xea36</load_address>
         <run_address>0xea36</run_address>
         <size>0x28a</size>
         <input_file_ref idref="fl-cf"/>
      </object_component>
      <object_component id="oc-105">
         <name>.debug_info</name>
         <load_address>0xecc0</load_address>
         <run_address>0xecc0</run_address>
         <size>0x273</size>
         <input_file_ref idref="fl-cf"/>
      </object_component>
      <object_component id="oc-25">
         <name>.debug_info</name>
         <load_address>0xef33</load_address>
         <run_address>0xef33</run_address>
         <size>0x10b</size>
         <input_file_ref idref="fl-d0"/>
      </object_component>
      <object_component id="oc-5b">
         <name>.debug_info</name>
         <load_address>0xf03e</load_address>
         <run_address>0xf03e</run_address>
         <size>0x1a9</size>
         <input_file_ref idref="fl-d0"/>
      </object_component>
      <object_component id="oc-1a6">
         <name>.debug_info</name>
         <load_address>0xf1e7</load_address>
         <run_address>0xf1e7</run_address>
         <size>0x2a4</size>
         <input_file_ref idref="fl-d1"/>
      </object_component>
      <object_component id="oc-e9">
         <name>.debug_info</name>
         <load_address>0xf48b</load_address>
         <run_address>0xf48b</run_address>
         <size>0x181</size>
         <input_file_ref idref="fl-d1"/>
      </object_component>
      <object_component id="oc-236">
         <name>.debug_info</name>
         <load_address>0xf60c</load_address>
         <run_address>0xf60c</run_address>
         <size>0x39</size>
         <input_file_ref idref="fl-d1"/>
      </object_component>
      <object_component id="oc-1a1">
         <name>.debug_info</name>
         <load_address>0xf645</load_address>
         <run_address>0xf645</run_address>
         <size>0x39</size>
         <input_file_ref idref="fl-d1"/>
      </object_component>
      <object_component id="oc-2af">
         <name>.debug_info</name>
         <load_address>0xf67e</load_address>
         <run_address>0xf67e</run_address>
         <size>0x590</size>
         <input_file_ref idref="fl-d2"/>
      </object_component>
      <object_component id="oc-27a">
         <name>.debug_info</name>
         <load_address>0xfc0e</load_address>
         <run_address>0xfc0e</run_address>
         <size>0x21e</size>
         <input_file_ref idref="fl-d2"/>
      </object_component>
      <object_component id="oc-30d">
         <name>.debug_info</name>
         <load_address>0xfe2c</load_address>
         <run_address>0xfe2c</run_address>
         <size>0x1b3</size>
         <input_file_ref idref="fl-d2"/>
      </object_component>
      <object_component id="oc-313">
         <name>.debug_info</name>
         <load_address>0xffdf</load_address>
         <run_address>0xffdf</run_address>
         <size>0x21b</size>
         <input_file_ref idref="fl-d2"/>
      </object_component>
      <object_component id="oc-285">
         <name>.debug_info</name>
         <load_address>0x101fa</load_address>
         <run_address>0x101fa</run_address>
         <size>0x3c0</size>
         <input_file_ref idref="fl-d2"/>
      </object_component>
      <object_component id="oc-31a">
         <name>.debug_info</name>
         <load_address>0x105ba</load_address>
         <run_address>0x105ba</run_address>
         <size>0x30a</size>
         <input_file_ref idref="fl-d2"/>
      </object_component>
      <object_component id="oc-320">
         <name>.debug_info</name>
         <load_address>0x108c4</load_address>
         <run_address>0x108c4</run_address>
         <size>0x215</size>
         <input_file_ref idref="fl-d2"/>
      </object_component>
      <object_component id="oc-28b">
         <name>.debug_info</name>
         <load_address>0x10ad9</load_address>
         <run_address>0x10ad9</run_address>
         <size>0x215</size>
         <input_file_ref idref="fl-d2"/>
      </object_component>
      <object_component id="oc-291">
         <name>.debug_info</name>
         <load_address>0x10cee</load_address>
         <run_address>0x10cee</run_address>
         <size>0x304</size>
         <input_file_ref idref="fl-d2"/>
      </object_component>
      <object_component id="oc-297">
         <name>.debug_info</name>
         <load_address>0x10ff2</load_address>
         <run_address>0x10ff2</run_address>
         <size>0x4b5</size>
         <input_file_ref idref="fl-d2"/>
      </object_component>
      <object_component id="oc-207">
         <name>.debug_info</name>
         <load_address>0x114a7</load_address>
         <run_address>0x114a7</run_address>
         <size>0x5f4</size>
         <input_file_ref idref="fl-d2"/>
      </object_component>
      <object_component id="oc-2b0">
         <name>.debug_info</name>
         <load_address>0x11a9b</load_address>
         <run_address>0x11a9b</run_address>
         <size>0x86</size>
         <input_file_ref idref="fl-d2"/>
      </object_component>
      <object_component id="oc-34f">
         <name>.debug_info</name>
         <load_address>0x11b21</load_address>
         <run_address>0x11b21</run_address>
         <size>0x39</size>
         <input_file_ref idref="fl-d2"/>
      </object_component>
      <object_component id="oc-394">
         <name>.debug_info</name>
         <load_address>0x11b5a</load_address>
         <run_address>0x11b5a</run_address>
         <size>0xb6</size>
         <input_file_ref idref="fl-d2"/>
      </object_component>
      <object_component id="oc-354">
         <name>.debug_info</name>
         <load_address>0x11c10</load_address>
         <run_address>0x11c10</run_address>
         <size>0x46</size>
         <input_file_ref idref="fl-d2"/>
      </object_component>
      <object_component id="oc-2b5">
         <name>.debug_info</name>
         <load_address>0x11c56</load_address>
         <run_address>0x11c56</run_address>
         <size>0x46</size>
         <input_file_ref idref="fl-d2"/>
      </object_component>
      <object_component id="oc-377">
         <name>.debug_info</name>
         <load_address>0x11c9c</load_address>
         <run_address>0x11c9c</run_address>
         <size>0x295</size>
         <input_file_ref idref="fl-d3"/>
      </object_component>
      <object_component id="oc-32a">
         <name>.debug_info</name>
         <load_address>0x11f31</load_address>
         <run_address>0x11f31</run_address>
         <size>0x195</size>
         <input_file_ref idref="fl-d3"/>
      </object_component>
      <object_component id="oc-3a0">
         <name>.debug_info</name>
         <load_address>0x120c6</load_address>
         <run_address>0x120c6</run_address>
         <size>0x39</size>
         <input_file_ref idref="fl-d3"/>
      </object_component>
      <object_component id="oc-378">
         <name>.debug_info</name>
         <load_address>0x120ff</load_address>
         <run_address>0x120ff</run_address>
         <size>0x2c</size>
         <input_file_ref idref="fl-d3"/>
      </object_component>
      <object_component id="oc-384">
         <name>.debug_info</name>
         <load_address>0x1212b</load_address>
         <run_address>0x1212b</run_address>
         <size>0x2f8</size>
         <input_file_ref idref="fl-d4"/>
      </object_component>
      <object_component id="oc-32f">
         <name>.debug_info</name>
         <load_address>0x12423</load_address>
         <run_address>0x12423</run_address>
         <size>0x225</size>
         <input_file_ref idref="fl-d4"/>
      </object_component>
      <object_component id="oc-342">
         <name>.debug_info</name>
         <load_address>0x12648</load_address>
         <run_address>0x12648</run_address>
         <size>0x28f</size>
         <input_file_ref idref="fl-d5"/>
      </object_component>
      <object_component id="oc-2a5">
         <name>.debug_info</name>
         <load_address>0x128d7</load_address>
         <run_address>0x128d7</run_address>
         <size>0x15a</size>
         <input_file_ref idref="fl-d5"/>
      </object_component>
      <object_component id="oc-389">
         <name>.debug_info</name>
         <load_address>0x12a31</load_address>
         <run_address>0x12a31</run_address>
         <size>0x46</size>
         <input_file_ref idref="fl-d5"/>
      </object_component>
      <object_component id="oc-33d">
         <name>.debug_info</name>
         <load_address>0x12a77</load_address>
         <run_address>0x12a77</run_address>
         <size>0x39</size>
         <input_file_ref idref="fl-d5"/>
      </object_component>
      <object_component id="oc-308">
         <name>.debug_info</name>
         <load_address>0x12ab0</load_address>
         <run_address>0x12ab0</run_address>
         <size>0x14c</size>
         <input_file_ref idref="fl-d6"/>
      </object_component>
      <object_component id="oc-280">
         <name>.debug_info</name>
         <load_address>0x12bfc</load_address>
         <run_address>0x12bfc</run_address>
         <size>0x128</size>
         <input_file_ref idref="fl-d7"/>
      </object_component>
      <object_component id="oc-2f4">
         <name>.debug_info</name>
         <load_address>0x12d24</load_address>
         <run_address>0x12d24</run_address>
         <size>0x12a</size>
         <input_file_ref idref="fl-d7"/>
      </object_component>
      <object_component id="oc-2ee">
         <name>.debug_info</name>
         <load_address>0x12e4e</load_address>
         <run_address>0x12e4e</run_address>
         <size>0x13a</size>
         <input_file_ref idref="fl-d8"/>
      </object_component>
      <object_component id="oc-2e9">
         <name>.debug_info</name>
         <load_address>0x12f88</load_address>
         <run_address>0x12f88</run_address>
         <size>0x13a</size>
         <input_file_ref idref="fl-d9"/>
      </object_component>
      <object_component id="oc-2f8">
         <name>.debug_info</name>
         <load_address>0x130c2</load_address>
         <run_address>0x130c2</run_address>
         <size>0x12e</size>
         <input_file_ref idref="fl-da"/>
      </object_component>
      <object_component id="oc-304">
         <name>.debug_info</name>
         <load_address>0x131f0</load_address>
         <run_address>0x131f0</run_address>
         <size>0x12c</size>
         <input_file_ref idref="fl-db"/>
      </object_component>
      <object_component id="oc-2e3">
         <name>.debug_info</name>
         <load_address>0x1331c</load_address>
         <run_address>0x1331c</run_address>
         <size>0x134</size>
         <input_file_ref idref="fl-dc"/>
      </object_component>
      <object_component id="oc-1d3">
         <name>.debug_info</name>
         <load_address>0x13450</load_address>
         <run_address>0x13450</run_address>
         <size>0x4b3</size>
         <input_file_ref idref="fl-dd"/>
      </object_component>
      <object_component id="oc-123">
         <name>.debug_info</name>
         <load_address>0x13903</load_address>
         <run_address>0x13903</run_address>
         <size>0x1a6</size>
         <input_file_ref idref="fl-dd"/>
      </object_component>
      <object_component id="oc-25c">
         <name>.debug_info</name>
         <load_address>0x13aa9</load_address>
         <run_address>0x13aa9</run_address>
         <size>0x39</size>
         <input_file_ref idref="fl-dd"/>
      </object_component>
      <object_component id="oc-2ce">
         <name>.debug_info</name>
         <load_address>0x13ae2</load_address>
         <run_address>0x13ae2</run_address>
         <size>0x39</size>
         <input_file_ref idref="fl-dd"/>
      </object_component>
      <object_component id="oc-261">
         <name>.debug_info</name>
         <load_address>0x13b1b</load_address>
         <run_address>0x13b1b</run_address>
         <size>0x39</size>
         <input_file_ref idref="fl-dd"/>
      </object_component>
      <object_component id="oc-266">
         <name>.debug_info</name>
         <load_address>0x13b54</load_address>
         <run_address>0x13b54</run_address>
         <size>0xcd</size>
         <input_file_ref idref="fl-dd"/>
      </object_component>
      <object_component id="oc-98">
         <name>.debug_info</name>
         <load_address>0x13c21</load_address>
         <run_address>0x13c21</run_address>
         <size>0x153</size>
         <input_file_ref idref="fl-de"/>
      </object_component>
      <object_component id="oc-118">
         <name>.debug_info</name>
         <load_address>0x13d74</load_address>
         <run_address>0x13d74</run_address>
         <size>0x122</size>
         <input_file_ref idref="fl-e0"/>
      </object_component>
      <object_component id="oc-245">
         <name>.debug_info</name>
         <load_address>0x13e96</load_address>
         <run_address>0x13e96</run_address>
         <size>0x2c9</size>
         <input_file_ref idref="fl-e1"/>
      </object_component>
      <object_component id="oc-1a8">
         <name>.debug_info</name>
         <load_address>0x1415f</load_address>
         <run_address>0x1415f</run_address>
         <size>0x11e</size>
         <input_file_ref idref="fl-e1"/>
      </object_component>
      <object_component id="oc-241">
         <name>.debug_info</name>
         <load_address>0x1427d</load_address>
         <run_address>0x1427d</run_address>
         <size>0x12e</size>
         <input_file_ref idref="fl-e1"/>
      </object_component>
      <object_component id="oc-36f">
         <name>.debug_info</name>
         <load_address>0x143ab</load_address>
         <run_address>0x143ab</run_address>
         <size>0x29c</size>
         <input_file_ref idref="fl-e2"/>
      </object_component>
      <object_component id="oc-2ff">
         <name>.debug_info</name>
         <load_address>0x14647</load_address>
         <run_address>0x14647</run_address>
         <size>0x1da</size>
         <input_file_ref idref="fl-e2"/>
      </object_component>
      <object_component id="oc-2e0">
         <name>.debug_info</name>
         <load_address>0x14821</load_address>
         <run_address>0x14821</run_address>
         <size>0x2b9</size>
         <input_file_ref idref="fl-e4"/>
      </object_component>
      <object_component id="oc-274">
         <name>.debug_info</name>
         <load_address>0x14ada</load_address>
         <run_address>0x14ada</run_address>
         <size>0x17c</size>
         <input_file_ref idref="fl-e4"/>
      </object_component>
      <object_component id="oc-361">
         <name>.debug_info</name>
         <load_address>0x14c56</load_address>
         <run_address>0x14c56</run_address>
         <size>0xf9</size>
         <input_file_ref idref="fl-e5"/>
      </object_component>
      <object_component id="oc-2dd">
         <name>.debug_info</name>
         <load_address>0x14d4f</load_address>
         <run_address>0x14d4f</run_address>
         <size>0x105</size>
         <input_file_ref idref="fl-e5"/>
      </object_component>
      <object_component id="oc-33b">
         <name>.debug_info</name>
         <load_address>0x14e54</load_address>
         <run_address>0x14e54</run_address>
         <size>0x2a7</size>
         <input_file_ref idref="fl-e6"/>
      </object_component>
      <object_component id="oc-29e">
         <name>.debug_info</name>
         <load_address>0x150fb</load_address>
         <run_address>0x150fb</run_address>
         <size>0x1b8</size>
         <input_file_ref idref="fl-e6"/>
      </object_component>
      <object_component id="oc-386">
         <name>.debug_info</name>
         <load_address>0x152b3</load_address>
         <run_address>0x152b3</run_address>
         <size>0x29a</size>
         <input_file_ref idref="fl-e7"/>
      </object_component>
      <object_component id="oc-336">
         <name>.debug_info</name>
         <load_address>0x1554d</load_address>
         <run_address>0x1554d</run_address>
         <size>0x262</size>
         <input_file_ref idref="fl-e7"/>
      </object_component>
      <object_component id="oc-2db">
         <name>.debug_info</name>
         <load_address>0x157af</load_address>
         <run_address>0x157af</run_address>
         <size>0x28f</size>
         <input_file_ref idref="fl-e8"/>
      </object_component>
      <object_component id="oc-26e">
         <name>.debug_info</name>
         <load_address>0x15a3e</load_address>
         <run_address>0x15a3e</run_address>
         <size>0x245</size>
         <input_file_ref idref="fl-e8"/>
      </object_component>
      <object_component id="oc-347">
         <name>.debug_info</name>
         <load_address>0x15c83</load_address>
         <run_address>0x15c83</run_address>
         <size>0x289</size>
         <input_file_ref idref="fl-e9"/>
      </object_component>
      <object_component id="oc-344">
         <name>.debug_info</name>
         <load_address>0x15f0c</load_address>
         <run_address>0x15f0c</run_address>
         <size>0x10e</size>
         <input_file_ref idref="fl-e9"/>
      </object_component>
      <object_component id="oc-2a9">
         <name>.debug_info</name>
         <load_address>0x1601a</load_address>
         <run_address>0x1601a</run_address>
         <size>0x14e</size>
         <input_file_ref idref="fl-e9"/>
      </object_component>
      <object_component id="oc-19b">
         <name>.debug_info</name>
         <load_address>0x16168</load_address>
         <run_address>0x16168</run_address>
         <size>0x18d</size>
         <input_file_ref idref="fl-ea"/>
      </object_component>
      <object_component id="oc-2c6">
         <name>.debug_info</name>
         <load_address>0x162f5</load_address>
         <run_address>0x162f5</run_address>
         <size>0x39</size>
         <input_file_ref idref="fl-ea"/>
      </object_component>
      <object_component id="oc-231">
         <name>.debug_info</name>
         <load_address>0x1632e</load_address>
         <run_address>0x1632e</run_address>
         <size>0x39</size>
         <input_file_ref idref="fl-ea"/>
      </object_component>
      <object_component id="oc-2c2">
         <name>.debug_info</name>
         <load_address>0x16367</load_address>
         <run_address>0x16367</run_address>
         <size>0x2bb</size>
         <input_file_ref idref="fl-eb"/>
      </object_component>
      <object_component id="oc-2bf">
         <name>.debug_info</name>
         <load_address>0x16622</load_address>
         <run_address>0x16622</run_address>
         <size>0x108</size>
         <input_file_ref idref="fl-eb"/>
      </object_component>
      <object_component id="oc-224">
         <name>.debug_info</name>
         <load_address>0x1672a</load_address>
         <run_address>0x1672a</run_address>
         <size>0x1df</size>
         <input_file_ref idref="fl-eb"/>
      </object_component>
      <object_component id="oc-22a">
         <name>.debug_info</name>
         <load_address>0x16909</load_address>
         <run_address>0x16909</run_address>
         <size>0x19a</size>
         <input_file_ref idref="fl-eb"/>
      </object_component>
      <object_component id="oc-380">
         <name>.debug_info</name>
         <load_address>0x16aa3</load_address>
         <run_address>0x16aa3</run_address>
         <size>0x161</size>
         <input_file_ref idref="fl-ec"/>
      </object_component>
      <object_component id="oc-365">
         <name>.debug_info</name>
         <load_address>0x16c04</load_address>
         <run_address>0x16c04</run_address>
         <size>0x115</size>
         <input_file_ref idref="fl-ed"/>
      </object_component>
      <object_component id="oc-22e">
         <name>.debug_info</name>
         <load_address>0x16d19</load_address>
         <run_address>0x16d19</run_address>
         <size>0x3a3</size>
         <input_file_ref idref="fl-ee"/>
      </object_component>
      <object_component id="oc-3d9">
         <name>.debug_info</name>
         <load_address>0x170bc</load_address>
         <run_address>0x170bc</run_address>
         <size>0x9b</size>
      </object_component>
      <object_component id="oc-155">
         <name>.debug_line</name>
         <load_address>0x0</load_address>
         <run_address>0x0</run_address>
         <size>0x54</size>
         <input_file_ref idref="fl-2"/>
      </object_component>
      <object_component id="oc-24c">
         <name>.debug_line</name>
         <load_address>0x54</load_address>
         <run_address>0x54</run_address>
         <size>0x2c</size>
         <input_file_ref idref="fl-2"/>
      </object_component>
      <object_component id="oc-fa">
         <name>.debug_line</name>
         <load_address>0x80</load_address>
         <run_address>0x80</run_address>
         <size>0x37b</size>
         <input_file_ref idref="fl-2"/>
      </object_component>
      <object_component id="oc-73">
         <name>.debug_line</name>
         <load_address>0x3fb</load_address>
         <run_address>0x3fb</run_address>
         <size>0x6f</size>
         <input_file_ref idref="fl-2"/>
      </object_component>
      <object_component id="oc-1ef">
         <name>.debug_line</name>
         <load_address>0x46a</load_address>
         <run_address>0x46a</run_address>
         <size>0x2e</size>
         <input_file_ref idref="fl-2"/>
      </object_component>
      <object_component id="oc-b5">
         <name>.debug_line</name>
         <load_address>0x498</load_address>
         <run_address>0x498</run_address>
         <size>0x20</size>
         <input_file_ref idref="fl-2"/>
      </object_component>
      <object_component id="oc-b0">
         <name>.debug_line</name>
         <load_address>0x4b8</load_address>
         <run_address>0x4b8</run_address>
         <size>0x73</size>
         <input_file_ref idref="fl-2"/>
      </object_component>
      <object_component id="oc-78">
         <name>.debug_line</name>
         <load_address>0x52b</load_address>
         <run_address>0x52b</run_address>
         <size>0x70</size>
         <input_file_ref idref="fl-2"/>
      </object_component>
      <object_component id="oc-21d">
         <name>.debug_line</name>
         <load_address>0x59b</load_address>
         <run_address>0x59b</run_address>
         <size>0x6b</size>
         <input_file_ref idref="fl-2"/>
      </object_component>
      <object_component id="oc-159">
         <name>.debug_line</name>
         <load_address>0x606</load_address>
         <run_address>0x606</run_address>
         <size>0x2d</size>
         <input_file_ref idref="fl-2"/>
      </object_component>
      <object_component id="oc-252">
         <name>.debug_line</name>
         <load_address>0x633</load_address>
         <run_address>0x633</run_address>
         <size>0x2d</size>
         <input_file_ref idref="fl-2"/>
      </object_component>
      <object_component id="oc-15e">
         <name>.debug_line</name>
         <load_address>0x660</load_address>
         <run_address>0x660</run_address>
         <size>0x2c</size>
         <input_file_ref idref="fl-2"/>
      </object_component>
      <object_component id="oc-39">
         <name>.debug_line</name>
         <load_address>0x68c</load_address>
         <run_address>0x68c</run_address>
         <size>0x20</size>
         <input_file_ref idref="fl-3"/>
      </object_component>
      <object_component id="oc-201">
         <name>.debug_line</name>
         <load_address>0x6ac</load_address>
         <run_address>0x6ac</run_address>
         <size>0x47</size>
         <input_file_ref idref="fl-5"/>
      </object_component>
      <object_component id="oc-1f3">
         <name>.debug_line</name>
         <load_address>0x6f3</load_address>
         <run_address>0x6f3</run_address>
         <size>0x2d</size>
         <input_file_ref idref="fl-5"/>
      </object_component>
      <object_component id="oc-1f7">
         <name>.debug_line</name>
         <load_address>0x720</load_address>
         <run_address>0x720</run_address>
         <size>0x2d</size>
         <input_file_ref idref="fl-5"/>
      </object_component>
      <object_component id="oc-1f5">
         <name>.debug_line</name>
         <load_address>0x74d</load_address>
         <run_address>0x74d</run_address>
         <size>0x2d</size>
         <input_file_ref idref="fl-5"/>
      </object_component>
      <object_component id="oc-1f9">
         <name>.debug_line</name>
         <load_address>0x77a</load_address>
         <run_address>0x77a</run_address>
         <size>0x2d</size>
         <input_file_ref idref="fl-5"/>
      </object_component>
      <object_component id="oc-1fd">
         <name>.debug_line</name>
         <load_address>0x7a7</load_address>
         <run_address>0x7a7</run_address>
         <size>0x2d</size>
         <input_file_ref idref="fl-5"/>
      </object_component>
      <object_component id="oc-1fb">
         <name>.debug_line</name>
         <load_address>0x7d4</load_address>
         <run_address>0x7d4</run_address>
         <size>0x2d</size>
         <input_file_ref idref="fl-5"/>
      </object_component>
      <object_component id="oc-1ff">
         <name>.debug_line</name>
         <load_address>0x801</load_address>
         <run_address>0x801</run_address>
         <size>0x2d</size>
         <input_file_ref idref="fl-5"/>
      </object_component>
      <object_component id="oc-d5">
         <name>.debug_line</name>
         <load_address>0x82e</load_address>
         <run_address>0x82e</run_address>
         <size>0x88f</size>
         <input_file_ref idref="fl-5"/>
      </object_component>
      <object_component id="oc-164">
         <name>.debug_line</name>
         <load_address>0x10bd</load_address>
         <run_address>0x10bd</run_address>
         <size>0x2d</size>
         <input_file_ref idref="fl-5"/>
      </object_component>
      <object_component id="oc-1c0">
         <name>.debug_line</name>
         <load_address>0x10ea</load_address>
         <run_address>0x10ea</run_address>
         <size>0x16c</size>
         <input_file_ref idref="fl-6"/>
      </object_component>
      <object_component id="oc-1ba">
         <name>.debug_line</name>
         <load_address>0x1256</load_address>
         <run_address>0x1256</run_address>
         <size>0x31</size>
         <input_file_ref idref="fl-6"/>
      </object_component>
      <object_component id="oc-9f">
         <name>.debug_line</name>
         <load_address>0x1287</load_address>
         <run_address>0x1287</run_address>
         <size>0x17f</size>
         <input_file_ref idref="fl-6"/>
      </object_component>
      <object_component id="oc-1c4">
         <name>.debug_line</name>
         <load_address>0x1406</load_address>
         <run_address>0x1406</run_address>
         <size>0x69</size>
         <input_file_ref idref="fl-6"/>
      </object_component>
      <object_component id="oc-1c9">
         <name>.debug_line</name>
         <load_address>0x146f</load_address>
         <run_address>0x146f</run_address>
         <size>0x74</size>
         <input_file_ref idref="fl-6"/>
      </object_component>
      <object_component id="oc-1e9">
         <name>.debug_line</name>
[...]
         <name>setPinAuxFunction</name>
         <value>0x3869</value>
         <object_component_ref idref="oc-c8"/>
      </symbol>
      <symbol id="sm-320">
         <name>enablePort</name>
         <value>0x34d9</value>
         <object_component_ref idref="oc-c8"/>
      </symbol>
      <symbol id="sm-321">
         <name>disablePinPulldown</name>
         <value>0x3841</value>
         <object_component_ref idref="oc-c8"/>
      </symbol>
      <symbol id="sm-322">
         <name>setPinCommitControl</name>
         <value>0x374f</value>
         <object_component_ref idref="oc-c8"/>
      </symbol>
      <symbol id="sm-323">
         <name>disablePort</name>
         <value>0x3595</value>
         <object_component_ref idref="oc-c8"/>
      </symbol>
      <symbol id="sm-324">
         <name>disablePinInterrupt</name>
         <value>0x3b09</value>
         <object_component_ref idref="oc-c8"/>
      </symbol>
      <symbol id="sm-325">
         <name>enablePinPullup</name>
         <value>0x37cb</value>
         <object_component_ref idref="oc-c8"/>
      </symbol>
      <symbol id="sm-326">
         <name>getPinValue</name>
         <value>0x3b77</value>
         <object_component_ref idref="oc-c8"/>
      </symbol>
      <symbol id="sm-327">
         <name>enablePinPulldown</name>
         <value>0x381d</value>
         <object_component_ref idref="oc-c8"/>
      </symbol>
      <symbol id="sm-328">
         <name>disablePinPullup</name>
         <value>0x37f9</value>
         <object_component_ref idref="oc-c8"/>
      </symbol>
      <symbol id="sm-329">
         <name>selectPinDigitalInput</name>
         <value>0x36b1</value>
         <object_component_ref idref="oc-c8"/>
      </symbol>
      <symbol id="sm-32a">
         <name>selectPinInterruptRisingEdge</name>
         <value>0x397b</value>
         <object_component_ref idref="oc-c8"/>
      </symbol>
      <symbol id="sm-32b">
         <name>setPinValue</name>
         <value>0x3b51</value>
         <object_component_ref idref="oc-c8"/>
      </symbol>
      <symbol id="sm-3aa">
         <name>str</name>
         <value>0x2000119a</value>
      </symbol>
      <symbol id="sm-3ab">
         <name>data</name>
         <value>0x20001120</value>
      </symbol>
      <symbol id="sm-3ac">
         <name>number_of_digits</name>
         <value>0x3e5b</value>
         <object_component_ref idref="oc-e0"/>
      </symbol>
      <symbol id="sm-3ad">
         <name>strCompare</name>
         <value>0x3e87</value>
         <object_component_ref idref="oc-e0"/>
      </symbol>
      <symbol id="sm-3ae">
         <name>isCommand</name>
         <value>0x3cbd</value>
         <object_component_ref idref="oc-e0"/>
      </symbol>
      <symbol id="sm-3af">
         <name>power</name>
         <value>0x3fe7</value>
         <object_component_ref idref="oc-e0"/>
      </symbol>
      <symbol id="sm-3b0">
         <name>getFieldString</name>
         <value>0x3e15</value>
         <object_component_ref idref="oc-e0"/>
      </symbol>
      <symbol id="sm-3b1">
         <name>strLength</name>
         <value>0x41e9</value>
         <object_component_ref idref="oc-e0"/>
      </symbol>
      <symbol id="sm-3b2">
         <name>i_to_a</name>
         <value>0x3ecb</value>
         <object_component_ref idref="oc-e0"/>
      </symbol>
      <symbol id="sm-3b3">
         <name>parseFields</name>
         <value>0x3d2b</value>
         <object_component_ref idref="oc-e0"/>
      </symbol>
      <symbol id="sm-3b4">
         <name>displayConnectionInfo</name>
         <value>0x4079</value>
         <object_component_ref idref="oc-e0"/>
      </symbol>
      <symbol id="sm-3b5">
         <name>getFieldInteger</name>
         <value>0x3f3b</value>
         <object_component_ref idref="oc-e0"/>
      </symbol>
      <symbol id="sm-3b6">
         <name>processInputCommands</name>
         <value>0x4249</value>
         <object_component_ref idref="oc-e0"/>
      </symbol>
      <symbol id="sm-3b7">
         <name>flag</name>
         <value>0x2000122e</value>
         <object_component_ref idref="oc-187"/>
      </symbol>
      <symbol id="sm-422">
         <name>mqttSendUnsubscribe</name>
         <value>0x2f1d</value>
         <object_component_ref idref="oc-fe"/>
      </symbol>
      <symbol id="sm-423">
         <name>mqttlive</name>
         <value>0x2000122f</value>
         <object_component_ref idref="oc-194"/>
      </symbol>
      <symbol id="sm-424">
         <name>mqttMacAddress</name>
         <value>0x20001214</value>
         <object_component_ref idref="oc-10d"/>
      </symbol>
      <symbol id="sm-425">
         <name>isMqttPublishAck</name>
         <value>0x321b</value>
         <object_component_ref idref="oc-fe"/>
      </symbol>
      <symbol id="sm-426">
         <name>isMqttSubscribeAck</name>
         <value>0x3177</value>
         <object_component_ref idref="oc-fe"/>
      </symbol>
      <symbol id="sm-427">
         <name>mqttIpAddress</name>
         <value>0x2000122a</value>
         <object_component_ref idref="oc-110"/>
      </symbol>
      <symbol id="sm-428">
         <name>mqttSendDisconnect</name>
         <value>0x300d</value>
         <object_component_ref idref="oc-fe"/>
      </symbol>
      <symbol id="sm-429">
         <name>isMqttLive</name>
         <value>0x34a7</value>
         <object_component_ref idref="oc-fe"/>
      </symbol>
      <symbol id="sm-42a">
         <name>mqttSendPing</name>
         <value>0x3081</value>
         <object_component_ref idref="oc-fe"/>
      </symbol>
      <symbol id="sm-42b">
         <name>isMqttConnectAck</name>
         <value>0x30f5</value>
         <object_component_ref idref="oc-fe"/>
      </symbol>
      <symbol id="sm-42c">
         <name>mqttSendSubscribe</name>
         <value>0x2e17</value>
         <object_component_ref idref="oc-fe"/>
      </symbol>
      <symbol id="sm-42d">
         <name>isMqttPublishPacket</name>
         <value>0x3271</value>
         <object_component_ref idref="oc-fe"/>
      </symbol>
      <symbol id="sm-42e">
         <name>mqttSendConnect</name>
         <value>0x2b95</value>
         <object_component_ref idref="oc-fe"/>
      </symbol>
      <symbol id="sm-42f">
         <name>isMqttPingAck</name>
         <value>0x3315</value>
         <object_component_ref idref="oc-fe"/>
      </symbol>
      <symbol id="sm-430">
         <name>mqttSendPublish</name>
         <value>0x2cbb</value>
         <object_component_ref idref="oc-fe"/>
      </symbol>
      <symbol id="sm-431">
         <name>etherSetMqttIpAddress</name>
         <value>0x33b9</value>
         <object_component_ref idref="oc-fe"/>
      </symbol>
      <symbol id="sm-432">
         <name>etherGetMqttIpAddress</name>
         <value>0x33f1</value>
         <object_component_ref idref="oc-fe"/>
      </symbol>
      <symbol id="sm-433">
         <name>etherGetMqttMacAddress</name>
         <value>0x346d</value>
         <object_component_ref idref="oc-fe"/>
      </symbol>
      <symbol id="sm-434">
         <name>etherSetMqttMacAddress</name>
         <value>0x342b</value>
         <object_component_ref idref="oc-fe"/>
      </symbol>
      <symbol id="sm-450">
         <name>setSpi0Mode</name>
         <value>0x509f</value>
         <object_component_ref idref="oc-169"/>
      </symbol>
      <symbol id="sm-451">
         <name>readSpi0Data</name>
         <value>0x5105</value>
         <object_component_ref idref="oc-169"/>
      </symbol>
      <symbol id="sm-452">
         <name>writeSpi0Data</name>
         <value>0x50ed</value>
         <object_component_ref idref="oc-169"/>
      </symbol>
      <symbol id="sm-453">
         <name>initSpi0</name>
         <value>0x4fcd</value>
         <object_component_ref idref="oc-169"/>
      </symbol>
      <symbol id="sm-454">
         <name>setSpi0BaudRate</name>
         <value>0x5069</value>
         <object_component_ref idref="oc-169"/>
      </symbol>
      <symbol id="sm-471">
         <name>ResetISR</name>
         <value>0x6037</value>
         <object_component_ref idref="oc-27"/>
      </symbol>
      <symbol id="sm-472">
         <name>g_pfnVectors</name>
         <value>0x0</value>
         <object_component_ref idref="oc-12"/>
      </symbol>
      <symbol id="sm-4a5">
         <name>getcUart0</name>
         <value>0x4b59</value>
         <object_component_ref idref="oc-ce"/>
      </symbol>
      <symbol id="sm-4a6">
         <name>kbhitUart0</name>
         <value>0x4b6d</value>
         <object_component_ref idref="oc-ce"/>
      </symbol>
      <symbol id="sm-4a7">
         <name>setUart0BaudRate</name>
         <value>0x4ad1</value>
         <object_component_ref idref="oc-ce"/>
      </symbol>
      <symbol id="sm-4a8">
         <name>putsUart0</name>
         <value>0x4b2d</value>
         <object_component_ref idref="oc-ce"/>
      </symbol>
      <symbol id="sm-4a9">
         <name>initUart0</name>
         <value>0x4a3d</value>
         <object_component_ref idref="oc-ce"/>
      </symbol>
      <symbol id="sm-4aa">
         <name>putcUart0</name>
         <value>0x4b11</value>
         <object_component_ref idref="oc-ce"/>
      </symbol>
      <symbol id="sm-4ab">
         <name>getsUart0</name>
         <value>0x4b87</value>
         <object_component_ref idref="oc-ce"/>
      </symbol>
      <symbol id="sm-4b9">
         <name>waitMicrosecond</name>
         <value>0x5f39</value>
         <object_component_ref idref="oc-da"/>
      </symbol>
      <symbol id="sm-4e0">
         <name>sprintf</name>
         <value>0x5d91</value>
         <object_component_ref idref="oc-18d"/>
      </symbol>
      <symbol id="sm-4fb">
         <name>memcpy</name>
         <value>0x5783</value>
         <object_component_ref idref="oc-3b"/>
      </symbol>
      <symbol id="sm-4fc">
         <name>__aeabi_memcpy</name>
         <value>0x5783</value>
         <object_component_ref idref="oc-3b"/>
      </symbol>
      <symbol id="sm-4fd">
         <name>__aeabi_memcpy8</name>
         <value>0x5783</value>
         <object_component_ref idref="oc-3b"/>
      </symbol>
      <symbol id="sm-4fe">
         <name>__aeabi_memcpy4</name>
         <value>0x5783</value>
         <object_component_ref idref="oc-3b"/>
      </symbol>
      <symbol id="sm-50d">
         <name>__aeabi_memset</name>
         <value>0x59c3</value>
         <object_component_ref idref="oc-8f"/>
      </symbol>
      <symbol id="sm-50e">
         <name>memset</name>
         <value>0x59c9</value>
         <object_component_ref idref="oc-8f"/>
      </symbol>
      <symbol id="sm-50f">
         <name>__aeabi_memset8</name>
         <value>0x59c3</value>
         <object_component_ref idref="oc-8f"/>
      </symbol>
      <symbol id="sm-510">
         <name>__aeabi_memset4</name>
         <value>0x59c3</value>
         <object_component_ref idref="oc-8f"/>
      </symbol>
      <symbol id="sm-511">
         <name>__aeabi_memclr8</name>
         <value>0x59c1</value>
         <object_component_ref idref="oc-8f"/>
      </symbol>
      <symbol id="sm-512">
         <name>__aeabi_memclr4</name>
         <value>0x59c1</value>
         <object_component_ref idref="oc-8f"/>
      </symbol>
      <symbol id="sm-513">
         <name>__aeabi_memclr</name>
         <value>0x59c1</value>
         <object_component_ref idref="oc-8f"/>
      </symbol>
      <symbol id="sm-52c">
         <name>__TI_zero_init_nomemset</name>
         <value>0x5f5d</value>
         <object_component_ref idref="oc-47"/>
      </symbol>
      <symbol id="sm-543">
         <name>__TI_decompress_none</name>
         <value>0x6029</value>
         <object_component_ref idref="oc-1b"/>
      </symbol>
      <symbol id="sm-566">
         <name>__TI_decompress_lzss</name>
         <value>0x5aa9</value>
         <object_component_ref idref="oc-15"/>
      </symbol>
      <symbol id="sm-58b">
         <name>rand</name>
         <value>0x5eb1</value>
         <object_component_ref idref="oc-f2"/>
      </symbol>
      <symbol id="sm-58c">
         <name>srand</name>
         <value>0x5f15</value>
         <object_component_ref idref="oc-ec"/>
      </symbol>
      <symbol id="sm-59b">
         <name>strcmp</name>
         <value>0x5fc7</value>
         <object_component_ref idref="oc-104"/>
      </symbol>
      <symbol id="sm-5ae">
         <name>__stack</name>
         <value>0x20000000</value>
         <object_component_ref idref="oc-24"/>
      </symbol>
      <symbol id="sm-5af">
         <name>_c_int00_noargs</name>
         <value>0x5e7d</value>
         <object_component_ref idref="oc-59"/>
      </symbol>
      <symbol id="sm-5c7">
         <name>__time32</name>
         <value>0x601b</value>
         <object_component_ref idref="oc-e6"/>
      </symbol>
      <symbol id="sm-5c8">
         <name>time</name>
         <value>0x601b</value>
         <object_component_ref idref="oc-e6"/>
      </symbol>
      <symbol id="sm-72d">
         <name>__TI_printfi</name>
         <value>0x2145</value>
         <object_component_ref idref="oc-206"/>
      </symbol>
      <symbol id="sm-74d">
         <name>frexpl</name>
         <value>0x5b11</value>
         <object_component_ref idref="oc-327"/>
      </symbol>
      <symbol id="sm-74e">
         <name>frexp</name>
         <value>0x5b11</value>
         <object_component_ref idref="oc-327"/>
      </symbol>
      <symbol id="sm-76b">
         <name>scalbn</name>
         <value>0x54c5</value>
         <object_component_ref idref="oc-32d"/>
      </symbol>
      <symbol id="sm-76c">
         <name>scalbnl</name>
         <value>0x54c5</value>
         <object_component_ref idref="oc-32d"/>
      </symbol>
      <symbol id="sm-76d">
         <name>ldexpl</name>
         <value>0x54c5</value>
         <object_component_ref idref="oc-32d"/>
      </symbol>
      <symbol id="sm-76e">
         <name>ldexp</name>
         <value>0x54c5</value>
         <object_component_ref idref="oc-32d"/>
      </symbol>
      <symbol id="sm-787">
         <name>wcslen</name>
         <value>0x6009</value>
         <object_component_ref idref="oc-2a2"/>
      </symbol>
      <symbol id="sm-79e">
         <name>__aeabi_dsub</name>
         <value>0x4e15</value>
         <object_component_ref idref="oc-307"/>
      </symbol>
      <symbol id="sm-79f">
         <name>__aeabi_dadd</name>
         <value>0x4e1f</value>
         <object_component_ref idref="oc-307"/>
      </symbol>
      <symbol id="sm-7c1">
         <name>__aeabi_cdcmpeq</name>
         <value>0x58b5</value>
         <object_component_ref idref="oc-27f"/>
      </symbol>
      <symbol id="sm-7c2">
         <name>__aeabi_cdcmple</name>
         <value>0x58b5</value>
         <object_component_ref idref="oc-27f"/>
      </symbol>
      <symbol id="sm-7c3">
         <name>__aeabi_cdrcmple</name>
         <value>0x593b</value>
         <object_component_ref idref="oc-2f2"/>
      </symbol>
      <symbol id="sm-7d7">
         <name>__aeabi_ddiv</name>
         <value>0x5269</value>
         <object_component_ref idref="oc-2ed"/>
      </symbol>
      <symbol id="sm-7e2">
         <name>__aeabi_dmul</name>
         <value>0x55d5</value>
         <object_component_ref idref="oc-2e8"/>
      </symbol>
      <symbol id="sm-7ec">
         <name>__aeabi_d2iz</name>
         <value>0x5d05</value>
         <object_component_ref idref="oc-2f7"/>
      </symbol>
      <symbol id="sm-7f6">
         <name>__aeabi_i2d</name>
         <value>0x5ee5</value>
         <object_component_ref idref="oc-302"/>
      </symbol>
      <symbol id="sm-803">
         <name>__aeabi_uldivmod</name>
         <value>0x581f</value>
         <object_component_ref idref="oc-2e1"/>
      </symbol>
      <symbol id="sm-82b">
         <name>__TI_auto_init_nobinit_nopinit</name>
         <value>0x5d4d</value>
         <object_component_ref idref="oc-122"/>
      </symbol>
      <symbol id="sm-835">
         <name>_system_pre_init</name>
         <value>0x6055</value>
         <object_component_ref idref="oc-95"/>
      </symbol>
      <symbol id="sm-841">
         <name>C$$EXIT</name>
         <value>0x6059</value>
         <object_component_ref idref="oc-116"/>
      </symbol>
      <symbol id="sm-842">
         <name>abort</name>
         <value>0x6059</value>
         <object_component_ref idref="oc-116"/>
      </symbol>
      <symbol id="sm-857">
         <name>_nop</name>
         <value>0x2b93</value>
         <object_component_ref idref="oc-23d"/>
      </symbol>
      <symbol id="sm-858">
         <name>_lock</name>
         <value>0x20001200</value>
         <object_component_ref idref="oc-1a7"/>
      </symbol>
      <symbol id="sm-859">
         <name>_unlock</name>
         <value>0x20001204</value>
         <object_component_ref idref="oc-1a7"/>
      </symbol>
      <symbol id="sm-868">
         <name>__TI_ltoa</name>
         <value>0x5bcb</value>
         <object_component_ref idref="oc-2fc"/>
      </symbol>
      <symbol id="sm-87f">
         <name>atoi</name>
         <value>0x5c71</value>
         <object_component_ref idref="oc-273"/>
      </symbol>
      <symbol id="sm-88a">
         <name>_ctypes_</name>
         <value>0x605c</value>
         <object_component_ref idref="oc-2dc"/>
      </symbol>
      <symbol id="sm-89a">
         <name>memccpy</name>
         <value>0x5f79</value>
         <object_component_ref idref="oc-29c"/>
      </symbol>
      <symbol id="sm-8aa">
         <name>strchr</name>
         <value>0x5fdf</value>
         <object_component_ref idref="oc-333"/>
      </symbol>
      <symbol id="sm-8b8">
         <name>strlen</name>
         <value>0x5ff5</value>
         <object_component_ref idref="oc-26d"/>
      </symbol>
      <symbol id="sm-8ce">
         <name>__aeabi_errno_addr</name>
         <value>0x604d</value>
         <object_component_ref idref="oc-2a8"/>
      </symbol>
      <symbol id="sm-8cf">
         <name>errno</name>
         <value>0x20001230</value>
         <object_component_ref idref="oc-343"/>
      </symbol>
      <symbol id="sm-8e7">
         <name>HOSTtime</name>
         <value>0x5cbd</value>
         <object_component_ref idref="oc-19a"/>
      </symbol>
      <symbol id="sm-90b">
         <name>__TI_readmsg</name>
         <value>0x5e49</value>
         <object_component_ref idref="oc-227"/>
      </symbol>
      <symbol id="sm-90c">
         <name>C$$IO$$</name>
         <value>0x5e3f</value>
         <object_component_ref idref="oc-221"/>
      </symbol>
      <symbol id="sm-90d">
         <name>__CIOBUF_</name>
         <value>0x20001000</value>
         <object_component_ref idref="oc-2be"/>
      </symbol>
      <symbol id="sm-90e">
         <name>__TI_writemsg</name>
         <value>0x5e11</value>
         <object_component_ref idref="oc-221"/>
      </symbol>
      <symbol id="sm-918">
         <name>copysign</name>
         <value>0x5f95</value>
         <object_component_ref idref="oc-37d"/>
      </symbol>
      <symbol id="sm-919">
         <name>copysignl</name>
         <value>0x5f95</value>
         <object_component_ref idref="oc-37d"/>
      </symbol>
      <symbol id="sm-923">
         <name>__aeabi_idiv0</name>
         <value>0x4fcb</value>
         <object_component_ref idref="oc-364"/>
      </symbol>
      <symbol id="sm-924">
         <name>__aeabi_ldiv0</name>
         <value>0x4fcb</value>
         <object_component_ref idref="oc-364"/>
      </symbol>
      <symbol id="sm-92a">
         <name>parmbuf</name>
         <value>0x200011ce</value>
      </symbol>
      <symbol id="sm-92b">
         <name>__TI_static_base__</name>
         <value>0x0</value>
      </symbol>
      <symbol id="sm-92e">
         <name>__mpu_init</name>
         <value>0x0</value>
      </symbol>
      <symbol id="sm-92f">
         <name>_system_post_cinit</name>
         <value>0x0</value>
      </symbol>
   </symbol_table>
   <title>Link successful</title>
</link_info>
